<?xml version="1.0" encoding="ISO-8859-1" ?>
<link_info>
   <banner>TI ARM Linker PC v20.2.5.LTS</banner>
   <copyright>Copyright (c) 1996-2018 Texas Instruments Incorporated</copyright>
   <link_time>0x61a8b295</link_time>
   <link_errors>0x0</link_errors>
   <output_file>2104Projectbackup25112021.out</output_file>
   <entry_point>
      <name>_c_int00_noargs</name>
      <address>0x4579</address>
   </entry_point>
   <input_file_list>
      <input_file id="fl-2">
         <path>.\</path>
         <kind>object</kind>
         <file>ESP8266.obj</file>
         <name>ESP8266.obj</name>
      </input_file>
      <input_file id="fl-3">
         <path>.\</path>
         <kind>object</kind>
         <file>MSPIO.obj</file>
         <name>MSPIO.obj</name>
      </input_file>
      <input_file id="fl-4">
         <path>.\</path>
         <kind>object</kind>
         <file>UART_Driver.obj</file>
         <name>UART_Driver.obj</name>
      </input_file>
      <input_file id="fl-5">
         <path>.\</path>
         <kind>object</kind>
         <file>main.obj</file>
         <name>main.obj</name>
      </input_file>
      <input_file id="fl-6">
         <path>.\</path>
         <kind>object</kind>
         <file>system_msp432p401r.obj</file>
         <name>system_msp432p401r.obj</name>
      </input_file>
      <input_file id="fl-7">
         <path>.\ccs\</path>
         <kind>object</kind>
         <file>startup_msp432p401r_ccs.obj</file>
         <name>startup_msp432p401r_ccs.obj</name>
      </input_file>
      <input_file id="fl-11">
         <kind>object</kind>
         <file>&lt;internal&gt;</file>
         <name>&lt;internal&gt;</name>
      </input_file>
      <input_file id="fl-12">
         <path>C:\ti\simplelink_msp432p4_sdk_3_40_01_02\source\ti\devices\msp432p4xx\driverlib\ccs\</path>
         <kind>archive</kind>
         <file>msp432p4xx_driverlib.lib</file>
         <name>gpio.o</name>
      </input_file>
      <input_file id="fl-13">
         <path>C:\ti\simplelink_msp432p4_sdk_3_40_01_02\source\ti\devices\msp432p4xx\driverlib\ccs\</path>
         <kind>archive</kind>
         <file>msp432p4xx_driverlib.lib</file>
         <name>interrupt.o</name>
      </input_file>
      <input_file id="fl-14">
         <path>C:\ti\simplelink_msp432p4_sdk_3_40_01_02\source\ti\devices\msp432p4xx\driverlib\ccs\</path>
         <kind>archive</kind>
         <file>msp432p4xx_driverlib.lib</file>
         <name>timer_a.o</name>
      </input_file>
      <input_file id="fl-15">
         <path>C:\ti\simplelink_msp432p4_sdk_3_40_01_02\source\ti\devices\msp432p4xx\driverlib\ccs\</path>
         <kind>archive</kind>
         <file>msp432p4xx_driverlib.lib</file>
         <name>uart.o</name>
      </input_file>
      <input_file id="fl-16">
         <path>C:\ti\simplelink_msp432p4_sdk_3_40_01_02\source\ti\devices\msp432p4xx\driverlib\ccs\</path>
         <kind>archive</kind>
         <file>msp432p4xx_driverlib.lib</file>
         <name>cpu.o</name>
      </input_file>
      <input_file id="fl-cc">
         <path>C:\ti\ccs1040\ccs\tools\compiler\ti-cgt-arm_20.2.5.LTS\lib\</path>
         <kind>archive</kind>
         <file>rtsv7M4_T_le_v4SPD16_eabi.lib</file>
         <name>printf.c.obj</name>
      </input_file>
      <input_file id="fl-cd">
         <path>C:\ti\ccs1040\ccs\tools\compiler\ti-cgt-arm_20.2.5.LTS\lib\</path>
         <kind>archive</kind>
         <file>rtsv7M4_T_le_v4SPD16_eabi.lib</file>
         <name>_printfi.c.obj</name>
      </input_file>
      <input_file id="fl-ce">
         <path>C:\ti\ccs1040\ccs\tools\compiler\ti-cgt-arm_20.2.5.LTS\lib\</path>
         <kind>archive</kind>
         <file>rtsv7M4_T_le_v4SPD16_eabi.lib</file>
         <name>fputc.c.obj</name>
      </input_file>
      <input_file id="fl-cf">
         <path>C:\ti\ccs1040\ccs\tools\compiler\ti-cgt-arm_20.2.5.LTS\lib\</path>
         <kind>archive</kind>
         <file>rtsv7M4_T_le_v4SPD16_eabi.lib</file>
         <name>fputs.c.obj</name>
      </input_file>
      <input_file id="fl-d0">
         <path>C:\ti\ccs1040\ccs\tools\compiler\ti-cgt-arm_20.2.5.LTS\lib\</path>
         <kind>archive</kind>
         <file>rtsv7M4_T_le_v4SPD16_eabi.lib</file>
         <name>_io_perm.c.obj</name>
      </input_file>
      <input_file id="fl-d1">
         <path>C:\ti\ccs1040\ccs\tools\compiler\ti-cgt-arm_20.2.5.LTS\lib\</path>
         <kind>archive</kind>
         <file>rtsv7M4_T_le_v4SPD16_eabi.lib</file>
         <name>setvbuf.c.obj</name>
      </input_file>
      <input_file id="fl-d2">
         <path>C:\ti\ccs1040\ccs\tools\compiler\ti-cgt-arm_20.2.5.LTS\lib\</path>
         <kind>archive</kind>
         <file>rtsv7M4_T_le_v4SPD16_eabi.lib</file>
         <name>s_frexp.c.obj</name>
      </input_file>
      <input_file id="fl-d3">
         <path>C:\ti\ccs1040\ccs\tools\compiler\ti-cgt-arm_20.2.5.LTS\lib\</path>
         <kind>archive</kind>
         <file>rtsv7M4_T_le_v4SPD16_eabi.lib</file>
         <name>s_scalbn.c.obj</name>
      </input_file>
      <input_file id="fl-d4">
         <path>C:\ti\ccs1040\ccs\tools\compiler\ti-cgt-arm_20.2.5.LTS\lib\</path>
         <kind>archive</kind>
         <file>rtsv7M4_T_le_v4SPD16_eabi.lib</file>
         <name>wcslen.c.obj</name>
      </input_file>
      <input_file id="fl-d5">
         <path>C:\ti\ccs1040\ccs\tools\compiler\ti-cgt-arm_20.2.5.LTS\lib\</path>
         <kind>archive</kind>
         <file>rtsv7M4_T_le_v4SPD16_eabi.lib</file>
         <name>fd_add_t2.asm.obj</name>
      </input_file>
      <input_file id="fl-d6">
         <path>C:\ti\ccs1040\ccs\tools\compiler\ti-cgt-arm_20.2.5.LTS\lib\</path>
         <kind>archive</kind>
         <file>rtsv7M4_T_le_v4SPD16_eabi.lib</file>
         <name>fd_cmp_t2.asm.obj</name>
      </input_file>
      <input_file id="fl-d7">
         <path>C:\ti\ccs1040\ccs\tools\compiler\ti-cgt-arm_20.2.5.LTS\lib\</path>
         <kind>archive</kind>
         <file>rtsv7M4_T_le_v4SPD16_eabi.lib</file>
         <name>fd_div_t2.asm.obj</name>
      </input_file>
      <input_file id="fl-d8">
         <path>C:\ti\ccs1040\ccs\tools\compiler\ti-cgt-arm_20.2.5.LTS\lib\</path>
         <kind>archive</kind>
         <file>rtsv7M4_T_le_v4SPD16_eabi.lib</file>
         <name>fd_mul_t2.asm.obj</name>
      </input_file>
      <input_file id="fl-d9">
         <path>C:\ti\ccs1040\ccs\tools\compiler\ti-cgt-arm_20.2.5.LTS\lib\</path>
         <kind>archive</kind>
         <file>rtsv7M4_T_le_v4SPD16_eabi.lib</file>
         <name>fd_toi_t2.asm.obj</name>
      </input_file>
      <input_file id="fl-da">
         <path>C:\ti\ccs1040\ccs\tools\compiler\ti-cgt-arm_20.2.5.LTS\lib\</path>
         <kind>archive</kind>
         <file>rtsv7M4_T_le_v4SPD16_eabi.lib</file>
         <name>fs_tod_t2.asm.obj</name>
      </input_file>
      <input_file id="fl-db">
         <path>C:\ti\ccs1040\ccs\tools\compiler\ti-cgt-arm_20.2.5.LTS\lib\</path>
         <kind>archive</kind>
         <file>rtsv7M4_T_le_v4SPD16_eabi.lib</file>
         <name>i_tofd_t2.asm.obj</name>
      </input_file>
      <input_file id="fl-dc">
         <path>C:\ti\ccs1040\ccs\tools\compiler\ti-cgt-arm_20.2.5.LTS\lib\</path>
         <kind>archive</kind>
         <file>rtsv7M4_T_le_v4SPD16_eabi.lib</file>
         <name>memcpy_t2.asm.obj</name>
      </input_file>
      <input_file id="fl-dd">
         <path>C:\ti\ccs1040\ccs\tools\compiler\ti-cgt-arm_20.2.5.LTS\lib\</path>
         <kind>archive</kind>
         <file>rtsv7M4_T_le_v4SPD16_eabi.lib</file>
         <name>ull_div_t2.asm.obj</name>
      </input_file>
      <input_file id="fl-de">
         <path>C:\ti\ccs1040\ccs\tools\compiler\ti-cgt-arm_20.2.5.LTS\lib\</path>
         <kind>archive</kind>
         <file>rtsv7M4_T_le_v4SPD16_eabi.lib</file>
         <name>memset_t2.asm.obj</name>
      </input_file>
      <input_file id="fl-df">
         <path>C:\ti\ccs1040\ccs\tools\compiler\ti-cgt-arm_20.2.5.LTS\lib\</path>
         <kind>archive</kind>
         <file>rtsv7M4_T_le_v4SPD16_eabi.lib</file>
         <name>copy_zero_init.c.obj</name>
      </input_file>
      <input_file id="fl-e0">
         <path>C:\ti\ccs1040\ccs\tools\compiler\ti-cgt-arm_20.2.5.LTS\lib\</path>
         <kind>archive</kind>
         <file>rtsv7M4_T_le_v4SPD16_eabi.lib</file>
         <name>copy_decompress_none.c.obj</name>
      </input_file>
      <input_file id="fl-e1">
         <path>C:\ti\ccs1040\ccs\tools\compiler\ti-cgt-arm_20.2.5.LTS\lib\</path>
         <kind>archive</kind>
         <file>rtsv7M4_T_le_v4SPD16_eabi.lib</file>
         <name>copy_decompress_lzss.c.obj</name>
      </input_file>
      <input_file id="fl-e2">
         <path>C:\ti\ccs1040\ccs\tools\compiler\ti-cgt-arm_20.2.5.LTS\lib\</path>
         <kind>archive</kind>
         <file>rtsv7M4_T_le_v4SPD16_eabi.lib</file>
         <name>exit.c.obj</name>
      </input_file>
      <input_file id="fl-e3">
         <path>C:\ti\ccs1040\ccs\tools\compiler\ti-cgt-arm_20.2.5.LTS\lib\</path>
         <kind>archive</kind>
         <file>rtsv7M4_T_le_v4SPD16_eabi.lib</file>
         <name>_lock.c.obj</name>
      </input_file>
      <input_file id="fl-e4">
         <path>C:\ti\ccs1040\ccs\tools\compiler\ti-cgt-arm_20.2.5.LTS\lib\</path>
         <kind>archive</kind>
         <file>rtsv7M4_T_le_v4SPD16_eabi.lib</file>
         <name>_ltoa.c.obj</name>
      </input_file>
      <input_file id="fl-e5">
         <path>C:\ti\ccs1040\ccs\tools\compiler\ti-cgt-arm_20.2.5.LTS\lib\</path>
         <kind>archive</kind>
         <file>rtsv7M4_T_le_v4SPD16_eabi.lib</file>
         <name>atoi.c.obj</name>
      </input_file>
      <input_file id="fl-e6">
         <path>C:\ti\ccs1040\ccs\tools\compiler\ti-cgt-arm_20.2.5.LTS\lib\</path>
         <kind>archive</kind>
         <file>rtsv7M4_T_le_v4SPD16_eabi.lib</file>
         <name>ctype.c.obj</name>
      </input_file>
      <input_file id="fl-e7">
         <path>C:\ti\ccs1040\ccs\tools\compiler\ti-cgt-arm_20.2.5.LTS\lib\</path>
         <kind>archive</kind>
         <file>rtsv7M4_T_le_v4SPD16_eabi.lib</file>
         <name>defs.c.obj</name>
      </input_file>
      <input_file id="fl-e8">
         <path>C:\ti\ccs1040\ccs\tools\compiler\ti-cgt-arm_20.2.5.LTS\lib\</path>
         <kind>archive</kind>
         <file>rtsv7M4_T_le_v4SPD16_eabi.lib</file>
         <name>ltoa.c.obj</name>
      </input_file>
      <input_file id="fl-e9">
         <path>C:\ti\ccs1040\ccs\tools\compiler\ti-cgt-arm_20.2.5.LTS\lib\</path>
         <kind>archive</kind>
         <file>rtsv7M4_T_le_v4SPD16_eabi.lib</file>
         <name>memccpy.c.obj</name>
      </input_file>
      <input_file id="fl-ea">
         <path>C:\ti\ccs1040\ccs\tools\compiler\ti-cgt-arm_20.2.5.LTS\lib\</path>
         <kind>archive</kind>
         <file>rtsv7M4_T_le_v4SPD16_eabi.lib</file>
         <name>memchr.c.obj</name>
      </input_file>
      <input_file id="fl-eb">
         <path>C:\ti\ccs1040\ccs\tools\compiler\ti-cgt-arm_20.2.5.LTS\lib\</path>
         <kind>archive</kind>
         <file>rtsv7M4_T_le_v4SPD16_eabi.lib</file>
         <name>memory.c.obj</name>
      </input_file>
      <input_file id="fl-ec">
         <path>C:\ti\ccs1040\ccs\tools\compiler\ti-cgt-arm_20.2.5.LTS\lib\</path>
         <kind>archive</kind>
         <file>rtsv7M4_T_le_v4SPD16_eabi.lib</file>
         <name>strchr.c.obj</name>
      </input_file>
      <input_file id="fl-ed">
         <path>C:\ti\ccs1040\ccs\tools\compiler\ti-cgt-arm_20.2.5.LTS\lib\</path>
         <kind>archive</kind>
         <file>rtsv7M4_T_le_v4SPD16_eabi.lib</file>
         <name>strcpy.c.obj</name>
      </input_file>
      <input_file id="fl-ee">
         <path>C:\ti\ccs1040\ccs\tools\compiler\ti-cgt-arm_20.2.5.LTS\lib\</path>
         <kind>archive</kind>
         <file>rtsv7M4_T_le_v4SPD16_eabi.lib</file>
         <name>strlen.c.obj</name>
      </input_file>
      <input_file id="fl-ef">
         <path>C:\ti\ccs1040\ccs\tools\compiler\ti-cgt-arm_20.2.5.LTS\lib\</path>
         <kind>archive</kind>
         <file>rtsv7M4_T_le_v4SPD16_eabi.lib</file>
         <name>strstr.c.obj</name>
      </input_file>
      <input_file id="fl-f0">
         <path>C:\ti\ccs1040\ccs\tools\compiler\ti-cgt-arm_20.2.5.LTS\lib\</path>
         <kind>archive</kind>
         <file>rtsv7M4_T_le_v4SPD16_eabi.lib</file>
         <name>errno.c.obj</name>
      </input_file>
      <input_file id="fl-f1">
         <path>C:\ti\ccs1040\ccs\tools\compiler\ti-cgt-arm_20.2.5.LTS\lib\</path>
         <kind>archive</kind>
         <file>rtsv7M4_T_le_v4SPD16_eabi.lib</file>
         <name>boot_cortex_m.c.obj</name>
      </input_file>
      <input_file id="fl-f2">
         <path>C:\ti\ccs1040\ccs\tools\compiler\ti-cgt-arm_20.2.5.LTS\lib\</path>
         <kind>archive</kind>
         <file>rtsv7M4_T_le_v4SPD16_eabi.lib</file>
         <name>write.c.obj</name>
      </input_file>
      <input_file id="fl-f3">
         <path>C:\ti\ccs1040\ccs\tools\compiler\ti-cgt-arm_20.2.5.LTS\lib\</path>
         <kind>archive</kind>
         <file>rtsv7M4_T_le_v4SPD16_eabi.lib</file>
         <name>host_device.c.obj</name>
      </input_file>
      <input_file id="fl-f4">
         <path>C:\ti\ccs1040\ccs\tools\compiler\ti-cgt-arm_20.2.5.LTS\lib\</path>
         <kind>archive</kind>
         <file>rtsv7M4_T_le_v4SPD16_eabi.lib</file>
         <name>fflush.c.obj</name>
      </input_file>
      <input_file id="fl-f5">
         <path>C:\ti\ccs1040\ccs\tools\compiler\ti-cgt-arm_20.2.5.LTS\lib\</path>
         <kind>archive</kind>
         <file>rtsv7M4_T_le_v4SPD16_eabi.lib</file>
         <name>fopen.c.obj</name>
      </input_file>
      <input_file id="fl-f6">
         <path>C:\ti\ccs1040\ccs\tools\compiler\ti-cgt-arm_20.2.5.LTS\lib\</path>
         <kind>archive</kind>
         <file>rtsv7M4_T_le_v4SPD16_eabi.lib</file>
         <name>fseek.c.obj</name>
      </input_file>
      <input_file id="fl-f7">
         <path>C:\ti\ccs1040\ccs\tools\compiler\ti-cgt-arm_20.2.5.LTS\lib\</path>
         <kind>archive</kind>
         <file>rtsv7M4_T_le_v4SPD16_eabi.lib</file>
         <name>s_copysign.c.obj</name>
      </input_file>
      <input_file id="fl-f8">
         <path>C:\ti\ccs1040\ccs\tools\compiler\ti-cgt-arm_20.2.5.LTS\lib\</path>
         <kind>archive</kind>
         <file>rtsv7M4_T_le_v4SPD16_eabi.lib</file>
         <name>div0.asm.obj</name>
      </input_file>
      <input_file id="fl-f9">
         <path>C:\ti\ccs1040\ccs\tools\compiler\ti-cgt-arm_20.2.5.LTS\lib\</path>
         <kind>archive</kind>
         <file>rtsv7M4_T_le_v4SPD16_eabi.lib</file>
         <name>autoinit.c.obj</name>
      </input_file>
      <input_file id="fl-fa">
         <path>C:\ti\ccs1040\ccs\tools\compiler\ti-cgt-arm_20.2.5.LTS\lib\</path>
         <kind>archive</kind>
         <file>rtsv7M4_T_le_v4SPD16_eabi.lib</file>
         <name>pre_init.c.obj</name>
      </input_file>
      <input_file id="fl-fb">
         <path>C:\ti\ccs1040\ccs\tools\compiler\ti-cgt-arm_20.2.5.LTS\lib\</path>
         <kind>archive</kind>
         <file>rtsv7M4_T_le_v4SPD16_eabi.lib</file>
         <name>cpy_tbl.c.obj</name>
      </input_file>
      <input_file id="fl-fc">
         <path>C:\ti\ccs1040\ccs\tools\compiler\ti-cgt-arm_20.2.5.LTS\lib\</path>
         <kind>archive</kind>
         <file>rtsv7M4_T_le_v4SPD16_eabi.lib</file>
         <name>args_main.c.obj</name>
      </input_file>
      <input_file id="fl-fd">
         <path>C:\ti\ccs1040\ccs\tools\compiler\ti-cgt-arm_20.2.5.LTS\lib\</path>
         <kind>archive</kind>
         <file>rtsv7M4_T_le_v4SPD16_eabi.lib</file>
         <name>hostclose.c.obj</name>
      </input_file>
      <input_file id="fl-fe">
         <path>C:\ti\ccs1040\ccs\tools\compiler\ti-cgt-arm_20.2.5.LTS\lib\</path>
         <kind>archive</kind>
         <file>rtsv7M4_T_le_v4SPD16_eabi.lib</file>
         <name>hostlseek.c.obj</name>
      </input_file>
      <input_file id="fl-ff">
         <path>C:\ti\ccs1040\ccs\tools\compiler\ti-cgt-arm_20.2.5.LTS\lib\</path>
         <kind>archive</kind>
         <file>rtsv7M4_T_le_v4SPD16_eabi.lib</file>
         <name>hostopen.c.obj</name>
      </input_file>
      <input_file id="fl-100">
         <path>C:\ti\ccs1040\ccs\tools\compiler\ti-cgt-arm_20.2.5.LTS\lib\</path>
         <kind>archive</kind>
         <file>rtsv7M4_T_le_v4SPD16_eabi.lib</file>
         <name>hostread.c.obj</name>
      </input_file>
      <input_file id="fl-101">
         <path>C:\ti\ccs1040\ccs\tools\compiler\ti-cgt-arm_20.2.5.LTS\lib\</path>
         <kind>archive</kind>
         <file>rtsv7M4_T_le_v4SPD16_eabi.lib</file>
         <name>hostrename.c.obj</name>
      </input_file>
      <input_file id="fl-102">
         <path>C:\ti\ccs1040\ccs\tools\compiler\ti-cgt-arm_20.2.5.LTS\lib\</path>
         <kind>archive</kind>
         <file>rtsv7M4_T_le_v4SPD16_eabi.lib</file>
         <name>hostunlink.c.obj</name>
      </input_file>
      <input_file id="fl-103">
         <path>C:\ti\ccs1040\ccs\tools\compiler\ti-cgt-arm_20.2.5.LTS\lib\</path>
         <kind>archive</kind>
         <file>rtsv7M4_T_le_v4SPD16_eabi.lib</file>
         <name>hostwrite.c.obj</name>
      </input_file>
      <input_file id="fl-104">
         <path>C:\ti\ccs1040\ccs\tools\compiler\ti-cgt-arm_20.2.5.LTS\lib\</path>
         <kind>archive</kind>
         <file>rtsv7M4_T_le_v4SPD16_eabi.lib</file>
         <name>trgmsg.c.obj</name>
      </input_file>
      <input_file id="fl-105">
         <path>C:\ti\ccs1040\ccs\tools\compiler\ti-cgt-arm_20.2.5.LTS\lib\</path>
         <kind>archive</kind>
         <file>rtsv7M4_T_le_v4SPD16_eabi.lib</file>
         <name>open.c.obj</name>
      </input_file>
      <input_file id="fl-106">
         <path>C:\ti\ccs1040\ccs\tools\compiler\ti-cgt-arm_20.2.5.LTS\lib\</path>
         <kind>archive</kind>
         <file>rtsv7M4_T_le_v4SPD16_eabi.lib</file>
         <name>lseek.c.obj</name>
      </input_file>
      <input_file id="fl-107">
         <path>C:\ti\ccs1040\ccs\tools\compiler\ti-cgt-arm_20.2.5.LTS\lib\</path>
         <kind>archive</kind>
         <file>rtsv7M4_T_le_v4SPD16_eabi.lib</file>
         <name>fclose.c.obj</name>
      </input_file>
      <input_file id="fl-108">
         <path>C:\ti\ccs1040\ccs\tools\compiler\ti-cgt-arm_20.2.5.LTS\lib\</path>
         <kind>archive</kind>
         <file>rtsv7M4_T_le_v4SPD16_eabi.lib</file>
         <name>getdevice.c.obj</name>
      </input_file>
      <input_file id="fl-109">
         <path>C:\ti\ccs1040\ccs\tools\compiler\ti-cgt-arm_20.2.5.LTS\lib\</path>
         <kind>archive</kind>
         <file>rtsv7M4_T_le_v4SPD16_eabi.lib</file>
         <name>strcmp.c.obj</name>
      </input_file>
      <input_file id="fl-10a">
         <path>C:\ti\ccs1040\ccs\tools\compiler\ti-cgt-arm_20.2.5.LTS\lib\</path>
         <kind>archive</kind>
         <file>rtsv7M4_T_le_v4SPD16_eabi.lib</file>
         <name>strncpy.c.obj</name>
      </input_file>
      <input_file id="fl-10b">
         <path>C:\ti\ccs1040\ccs\tools\compiler\ti-cgt-arm_20.2.5.LTS\lib\</path>
         <kind>archive</kind>
         <file>rtsv7M4_T_le_v4SPD16_eabi.lib</file>
         <name>remove.c.obj</name>
      </input_file>
      <input_file id="fl-10c">
         <path>C:\ti\ccs1040\ccs\tools\compiler\ti-cgt-arm_20.2.5.LTS\lib\</path>
         <kind>archive</kind>
         <file>rtsv7M4_T_le_v4SPD16_eabi.lib</file>
         <name>close.c.obj</name>
      </input_file>
      <input_file id="fl-10d">
         <path>C:\ti\ccs1040\ccs\tools\compiler\ti-cgt-arm_20.2.5.LTS\lib\</path>
         <kind>archive</kind>
         <file>rtsv7M4_T_le_v4SPD16_eabi.lib</file>
         <name>unlink.c.obj</name>
      </input_file>
   </input_file_list>
   <object_component_list>
      <object_component id="oc-26">
         <name>.intvecs:retain</name>
         <load_address>0x0</load_address>
         <run_address>0x0</run_address>
         <size>0xe4</size>
         <input_file_ref idref="fl-7"/>
      </object_component>
      <object_component id="oc-281">
         <name>.text:__TI_printfi</name>
         <load_address>0xe4</load_address>
         <run_address>0xe4</run_address>
         <size>0xa4e</size>
         <input_file_ref idref="fl-cd"/>
      </object_component>
      <object_component id="oc-70">
         <name>.text:Default_Handler</name>
         <load_address>0xb32</load_address>
         <run_address>0xb32</run_address>
         <size>0x2</size>
         <input_file_ref idref="fl-7"/>
      </object_component>
      <object_component id="oc-be">
         <name>.text:main</name>
         <load_address>0xb34</load_address>
         <run_address>0xb34</run_address>
         <size>0x633</size>
         <input_file_ref idref="fl-5"/>
      </object_component>
      <object_component id="oc-3b0">
         <name>.text:_pconv_a</name>
         <load_address>0x1168</load_address>
         <run_address>0x1168</run_address>
         <size>0x270</size>
         <input_file_ref idref="fl-cd"/>
      </object_component>
      <object_component id="oc-39e">
         <name>.text:_pconv_g</name>
         <load_address>0x13d8</load_address>
         <run_address>0x13d8</run_address>
         <size>0x1d0</size>
         <input_file_ref idref="fl-cd"/>
      </object_component>
      <object_component id="oc-47f">
         <name>.text</name>
         <load_address>0x15a8</load_address>
         <run_address>0x15a8</run_address>
         <size>0x1b6</size>
         <input_file_ref idref="fl-d5"/>
      </object_component>
      <object_component id="oc-3d4">
         <name>.text:_nop</name>
         <load_address>0x175e</load_address>
         <run_address>0x175e</run_address>
         <size>0x2</size>
         <input_file_ref idref="fl-e3"/>
      </object_component>
      <object_component id="oc-76">
         <name>.text:TA1_0_IRQHandler</name>
         <load_address>0x1760</load_address>
         <run_address>0x1760</run_address>
         <size>0x184</size>
         <input_file_ref idref="fl-5"/>
      </object_component>
      <object_component id="oc-338">
         <name>.text:UART_Printf</name>
         <load_address>0x18e4</load_address>
         <run_address>0x18e4</run_address>
         <size>0x158</size>
         <input_file_ref idref="fl-4"/>
      </object_component>
      <object_component id="oc-302">
         <name>.text:privateTimer_AProcessClockSourceDivider</name>
         <load_address>0x1a3c</load_address>
         <run_address>0x1a3c</run_address>
         <size>0x144</size>
         <input_file_ref idref="fl-14"/>
      </object_component>
      <object_component id="oc-428">
         <name>.text:UART_Read</name>
         <load_address>0x1b80</load_address>
         <run_address>0x1b80</run_address>
         <size>0x140</size>
         <input_file_ref idref="fl-4"/>
      </object_component>
      <object_component id="oc-3aa">
         <name>.text:_pconv_e</name>
         <load_address>0x1cc0</load_address>
         <run_address>0x1cc0</run_address>
         <size>0x13c</size>
         <input_file_ref idref="fl-cd"/>
      </object_component>
      <object_component id="oc-465">
         <name>.text</name>
         <load_address>0x1dfc</load_address>
         <run_address>0x1dfc</run_address>
         <size>0x136</size>
         <input_file_ref idref="fl-d7"/>
      </object_component>
      <object_component id="oc-50c">
         <name>.text</name>
         <load_address>0x1f32</load_address>
         <run_address>0x1f32</run_address>
         <size>0x2</size>
         <input_file_ref idref="fl-f8"/>
      </object_component>
      <object_component id="oc-491">
         <name>.text:fcvt</name>
         <load_address>0x1f34</load_address>
         <run_address>0x1f34</run_address>
         <size>0x124</size>
         <input_file_ref idref="fl-cd"/>
      </object_component>
      <object_component id="oc-1aa">
         <name>.text:UART_initModule</name>
         <load_address>0x2058</load_address>
         <run_address>0x2058</run_address>
         <size>0x11c</size>
         <input_file_ref idref="fl-15"/>
      </object_component>
      <object_component id="oc-3e2">
         <name>.text:fputs</name>
         <load_address>0x2174</load_address>
         <run_address>0x2174</run_address>
         <size>0x114</size>
         <input_file_ref idref="fl-cf"/>
      </object_component>
      <object_component id="oc-4a5">
         <name>.text:scalbn</name>
         <load_address>0x2288</load_address>
         <run_address>0x2288</run_address>
         <size>0x110</size>
         <input_file_ref idref="fl-d3"/>
      </object_component>
      <object_component id="oc-5b9">
         <name>.text:aligned_alloc</name>
         <load_address>0x2398</load_address>
         <run_address>0x2398</run_address>
         <size>0x100</size>
         <input_file_ref idref="fl-eb"/>
      </object_component>
      <object_component id="oc-460">
         <name>.text</name>
         <load_address>0x2498</load_address>
         <run_address>0x2498</run_address>
         <size>0xfc</size>
         <input_file_ref idref="fl-d8"/>
      </object_component>
      <object_component id="oc-16e">
         <name>.text:CAR_SetState</name>
         <load_address>0x2594</load_address>
         <run_address>0x2594</run_address>
         <size>0xf0</size>
         <input_file_ref idref="fl-5"/>
      </object_component>
      <object_component id="oc-577">
         <name>.text:free</name>
         <load_address>0x2684</load_address>
         <run_address>0x2684</run_address>
         <size>0xe4</size>
         <input_file_ref idref="fl-eb"/>
      </object_component>
      <object_component id="oc-547">
         <name>.text:setvbuf</name>
         <load_address>0x2768</load_address>
         <run_address>0x2768</run_address>
         <size>0xdc</size>
         <input_file_ref idref="fl-d1"/>
      </object_component>
      <object_component id="oc-1f2">
         <name>.text:ESP8266_EstablishConnection</name>
         <load_address>0x2844</load_address>
         <run_address>0x2844</run_address>
         <size>0xc0</size>
         <input_file_ref idref="fl-2"/>
      </object_component>
      <object_component id="oc-1bc">
         <name>.text:MSPrintf</name>
         <load_address>0x2904</load_address>
         <run_address>0x2904</run_address>
         <size>0xba</size>
         <input_file_ref idref="fl-3"/>
      </object_component>
      <object_component id="oc-393">
         <name>.text:_ltostr</name>
         <load_address>0x29c0</load_address>
         <run_address>0x29c0</run_address>
         <size>0xb1</size>
         <input_file_ref idref="fl-cd"/>
      </object_component>
      <object_component id="oc-1f8">
         <name>.text:ESP8266_SendData</name>
         <load_address>0x2a74</load_address>
         <run_address>0x2a74</run_address>
         <size>0xb0</size>
         <input_file_ref idref="fl-2"/>
      </object_component>
      <object_component id="oc-d8">
         <name>.text:SR04_GetDistance</name>
         <load_address>0x2b24</load_address>
         <run_address>0x2b24</run_address>
         <size>0xa8</size>
         <input_file_ref idref="fl-5"/>
      </object_component>
      <object_component id="oc-7c">
         <name>.text:EUSCIA0_IRQHandler</name>
         <load_address>0x2bcc</load_address>
         <run_address>0x2bcc</run_address>
         <size>0x9c</size>
         <input_file_ref idref="fl-4"/>
      </object_component>
      <object_component id="oc-3a">
         <name>.text</name>
         <load_address>0x2c68</load_address>
         <run_address>0x2c68</run_address>
         <size>0x9c</size>
         <input_file_ref idref="fl-dc"/>
      </object_component>
      <object_component id="oc-459">
         <name>.text</name>
         <load_address>0x2d04</load_address>
         <run_address>0x2d04</run_address>
         <size>0x96</size>
         <input_file_ref idref="fl-dd"/>
      </object_component>
      <object_component id="oc-33e">
         <name>.text:ESP8266_WaitForAnswer</name>
         <load_address>0x2d9c</load_address>
         <run_address>0x2d9c</run_address>
         <size>0x8c</size>
         <input_file_ref idref="fl-2"/>
      </object_component>
      <object_component id="oc-82">
         <name>.text:EUSCIA2_IRQHandler</name>
         <load_address>0x2e28</load_address>
         <run_address>0x2e28</run_address>
         <size>0x8c</size>
         <input_file_ref idref="fl-4"/>
      </object_component>
      <object_component id="oc-32d">
         <name>.text:PrintInteger</name>
         <load_address>0x2eb4</load_address>
         <run_address>0x2eb4</run_address>
         <size>0x8c</size>
         <input_file_ref idref="fl-3"/>
      </object_component>
      <object_component id="oc-3e9">
         <name>.text:fputc</name>
         <load_address>0x2f40</load_address>
         <run_address>0x2f40</run_address>
         <size>0x8c</size>
         <input_file_ref idref="fl-ce"/>
      </object_component>
      <object_component id="oc-2f8">
         <name>.text:GPIO_setAsPeripheralModuleFunctionOutputPin</name>
         <load_address>0x2fcc</load_address>
         <run_address>0x2fcc</run_address>
         <size>0x88</size>
         <input_file_ref idref="fl-12"/>
      </object_component>
      <object_component id="oc-399">
         <name>.text:__aeabi_cdcmple</name>
         <load_address>0x3054</load_address>
         <run_address>0x3054</run_address>
         <size>0x86</size>
         <input_file_ref idref="fl-d6"/>
      </object_component>
      <object_component id="oc-46a">
         <name>.text:__aeabi_cdrcmple</name>
         <load_address>0x30da</load_address>
         <run_address>0x30da</run_address>
         <size>0x86</size>
         <input_file_ref idref="fl-d6"/>
      </object_component>
      <object_component id="oc-1e6">
         <name>.text:ESP8266_EnableMultipleConnections</name>
         <load_address>0x3160</load_address>
         <run_address>0x3160</run_address>
         <size>0x80</size>
         <input_file_ref idref="fl-2"/>
      </object_component>
      <object_component id="oc-1b0">
         <name>.text:Interrupt_enableInterrupt</name>
         <load_address>0x31e0</load_address>
         <run_address>0x31e0</run_address>
         <size>0x80</size>
         <input_file_ref idref="fl-13"/>
      </object_component>
      <object_component id="oc-1ec">
         <name>.text:ESP8266_ConnectToAP</name>
         <load_address>0x3260</load_address>
         <run_address>0x3260</run_address>
         <size>0x7c</size>
         <input_file_ref idref="fl-2"/>
      </object_component>
      <object_component id="oc-b2">
         <name>.text</name>
         <load_address>0x32dc</load_address>
         <run_address>0x32dc</run_address>
         <size>0x7a</size>
         <input_file_ref idref="fl-de"/>
      </object_component>
      <object_component id="oc-d0">
         <name>.text:SystemInit</name>
         <load_address>0x3358</load_address>
         <run_address>0x3358</run_address>
         <size>0x78</size>
         <input_file_ref idref="fl-6"/>
      </object_component>
      <object_component id="oc-1da">
         <name>.text:ESP8266_SetSoftAP</name>
         <load_address>0x33d0</load_address>
         <run_address>0x33d0</run_address>
         <size>0x74</size>
         <input_file_ref idref="fl-2"/>
      </object_component>
      <object_component id="oc-10d">
         <name>.text:PID_Controller</name>
         <load_address>0x3444</load_address>
         <run_address>0x3444</run_address>
         <size>0x74</size>
         <input_file_ref idref="fl-5"/>
      </object_component>
      <object_component id="oc-2a0">
         <name>.text:Timer_A_generatePWM</name>
         <load_address>0x34b8</load_address>
         <run_address>0x34b8</run_address>
         <size>0x74</size>
         <input_file_ref idref="fl-14"/>
      </object_component>
      <object_component id="oc-5c0">
         <name>.text:__TI_closefile</name>
         <load_address>0x352c</load_address>
         <run_address>0x352c</run_address>
         <size>0x74</size>
         <input_file_ref idref="fl-107"/>
      </object_component>
      <object_component id="oc-601">
         <name>.text:split</name>
         <load_address>0x35a0</load_address>
         <run_address>0x35a0</run_address>
         <size>0x70</size>
         <input_file_ref idref="fl-eb"/>
      </object_component>
      <object_component id="oc-48a">
         <name>.text:_mcpy</name>
         <load_address>0x3610</load_address>
         <run_address>0x3610</run_address>
         <size>0x6e</size>
         <input_file_ref idref="fl-cd"/>
      </object_component>
      <object_component id="oc-34a">
         <name>.text:ltoa</name>
         <load_address>0x3680</load_address>
         <run_address>0x3680</run_address>
         <size>0x6e</size>
         <input_file_ref idref="fl-e8"/>
      </object_component>
      <object_component id="oc-5f0">
         <name>.text:HOSTrename</name>
         <load_address>0x36f0</load_address>
         <run_address>0x36f0</run_address>
         <size>0x6c</size>
         <input_file_ref idref="fl-101"/>
      </object_component>
      <object_component id="oc-5e4">
         <name>.text:HOSTlseek</name>
         <load_address>0x375c</load_address>
         <run_address>0x375c</run_address>
         <size>0x68</size>
         <input_file_ref idref="fl-fe"/>
      </object_component>
      <object_component id="oc-18c">
         <name>.text:Timer_A_configureUpMode</name>
         <load_address>0x37c4</load_address>
         <run_address>0x37c4</run_address>
         <size>0x68</size>
         <input_file_ref idref="fl-14"/>
      </object_component>
      <object_component id="oc-17">
         <name>.text:decompress:lzss:__TI_decompress_lzss</name>
         <load_address>0x382c</load_address>
         <run_address>0x382c</run_address>
         <size>0x68</size>
         <input_file_ref idref="fl-e1"/>
      </object_component>
      <object_component id="oc-e9">
         <name>.text:printf</name>
         <load_address>0x3894</load_address>
         <run_address>0x3894</run_address>
         <size>0x68</size>
         <input_file_ref idref="fl-cc"/>
      </object_component>
      <object_component id="oc-122">
         <name>.text:UART_getEnabledInterruptStatus</name>
         <load_address>0x38fc</load_address>
         <run_address>0x38fc</run_address>
         <size>0x64</size>
         <input_file_ref idref="fl-15"/>
      </object_component>
      <object_component id="oc-49f">
         <name>.text:frexp</name>
         <load_address>0x3960</load_address>
         <run_address>0x3960</run_address>
         <size>0x64</size>
         <input_file_ref idref="fl-d2"/>
      </object_component>
      <object_component id="oc-541">
         <name>.text:fseek</name>
         <load_address>0x39c4</load_address>
         <run_address>0x39c4</run_address>
         <size>0x64</size>
         <input_file_ref idref="fl-f6"/>
      </object_component>
      <object_component id="oc-4d6">
         <name>.text:__TI_wrt_ok</name>
         <load_address>0x3a28</load_address>
         <run_address>0x3a28</run_address>
         <size>0x62</size>
         <input_file_ref idref="fl-d0"/>
      </object_component>
      <object_component id="oc-5cc">
         <name>.text:HOSTopen</name>
         <load_address>0x3a8c</load_address>
         <run_address>0x3a8c</run_address>
         <size>0x60</size>
         <input_file_ref idref="fl-ff"/>
      </object_component>
      <object_component id="oc-2b4">
         <name>.text:CAR_GeneratePWM</name>
         <load_address>0x3aec</load_address>
         <run_address>0x3aec</run_address>
         <size>0x5c</size>
         <input_file_ref idref="fl-5"/>
      </object_component>
      <object_component id="oc-17a">
         <name>.text:CAR_InitializeRightMotor</name>
         <load_address>0x3b48</load_address>
         <run_address>0x3b48</run_address>
         <size>0x5c</size>
         <input_file_ref idref="fl-5"/>
      </object_component>
      <object_component id="oc-204">
         <name>.text:CAR_TurnLeft</name>
         <load_address>0x3ba4</load_address>
         <run_address>0x3ba4</run_address>
         <size>0x5c</size>
         <input_file_ref idref="fl-5"/>
      </object_component>
      <object_component id="oc-20d">
         <name>.text:CAR_TurnRight</name>
         <load_address>0x3c00</load_address>
         <run_address>0x3c00</run_address>
         <size>0x5c</size>
         <input_file_ref idref="fl-5"/>
      </object_component>
      <object_component id="oc-608">
         <name>.text:close</name>
         <load_address>0x3c5c</load_address>
         <run_address>0x3c5c</run_address>
         <size>0x5c</size>
         <input_file_ref idref="fl-10c"/>
      </object_component>
      <object_component id="oc-174">
         <name>.text:CAR_InitializeLeftMotor</name>
         <load_address>0x3cb8</load_address>
         <run_address>0x3cb8</run_address>
         <size>0x58</size>
         <input_file_ref idref="fl-5"/>
      </object_component>
      <object_component id="oc-1a4">
         <name>.text:GPIO_setAsInputPinWithPullDownResistor</name>
         <load_address>0x3d10</load_address>
         <run_address>0x3d10</run_address>
         <size>0x58</size>
         <input_file_ref idref="fl-12"/>
      </object_component>
      <object_component id="oc-180">
         <name>.text:GPIO_setAsInputPinWithPullUpResistor</name>
         <load_address>0x3d68</load_address>
         <run_address>0x3d68</run_address>
         <size>0x58</size>
         <input_file_ref idref="fl-12"/>
      </object_component>
      <object_component id="oc-5d8">
         <name>.text:HOSTread</name>
         <load_address>0x3dc0</load_address>
         <run_address>0x3dc0</run_address>
         <size>0x58</size>
         <input_file_ref idref="fl-100"/>
      </object_component>
      <object_component id="oc-5de">
         <name>.text:HOSTwrite</name>
         <load_address>0x3e18</load_address>
         <run_address>0x3e18</run_address>
         <size>0x58</size>
         <input_file_ref idref="fl-103"/>
      </object_component>
      <object_component id="oc-3a4">
         <name>.text:_pconv_f</name>
         <load_address>0x3e70</load_address>
         <run_address>0x3e70</run_address>
         <size>0x56</size>
         <input_file_ref idref="fl-cd"/>
      </object_component>
      <object_component id="oc-1d4">
         <name>.text:ESP8266_ChangeMode1</name>
         <load_address>0x3ec8</load_address>
         <run_address>0x3ec8</run_address>
         <size>0x54</size>
         <input_file_ref idref="fl-2"/>
      </object_component>
      <object_component id="oc-474">
         <name>.text:__TI_ltoa</name>
         <load_address>0x3f1c</load_address>
         <run_address>0x3f1c</run_address>
         <size>0x54</size>
         <input_file_ref idref="fl-e4"/>
      </object_component>
      <object_component id="oc-484">
         <name>.text:_ecpy</name>
         <load_address>0x3f70</load_address>
         <run_address>0x3f70</run_address>
         <size>0x52</size>
         <input_file_ref idref="fl-cd"/>
      </object_component>
      <object_component id="oc-ef">
         <name>.text:CAR_Stop</name>
         <load_address>0x3fc4</load_address>
         <run_address>0x3fc4</run_address>
         <size>0x50</size>
         <input_file_ref idref="fl-5"/>
      </object_component>
      <object_component id="oc-1e0">
         <name>.text:ESP8266_CheckConnection</name>
         <load_address>0x4014</load_address>
         <run_address>0x4014</run_address>
         <size>0x4c</size>
         <input_file_ref idref="fl-2"/>
      </object_component>
      <object_component id="oc-26b">
         <name>.text:Timer_A_getCounterValue</name>
         <load_address>0x4060</load_address>
         <run_address>0x4060</run_address>
         <size>0x4c</size>
         <input_file_ref idref="fl-14"/>
      </object_component>
      <object_component id="oc-4e2">
         <name>.text:__TI_doflush</name>
         <load_address>0x40ac</load_address>
         <run_address>0x40ac</run_address>
         <size>0x4c</size>
         <input_file_ref idref="fl-f4"/>
      </object_component>
      <object_component id="oc-38d">
         <name>.text:atoi</name>
         <load_address>0x40f8</load_address>
         <run_address>0x40f8</run_address>
         <size>0x4c</size>
         <input_file_ref idref="fl-e5"/>
      </object_component>
      <object_component id="oc-8e">
         <name>.text:PORT6_IRQHandler</name>
         <load_address>0x4144</load_address>
         <run_address>0x4144</run_address>
         <size>0x48</size>
         <input_file_ref idref="fl-5"/>
      </object_component>
      <object_component id="oc-1ce">
         <name>.text:UART_Flush</name>
         <load_address>0x418c</load_address>
         <run_address>0x418c</run_address>
         <size>0x48</size>
         <input_file_ref idref="fl-4"/>
      </object_component>
      <object_component id="oc-226">
         <name>.text:exit</name>
         <load_address>0x41d4</load_address>
         <run_address>0x41d4</run_address>
         <size>0x48</size>
         <input_file_ref idref="fl-e2"/>
      </object_component>
      <object_component id="oc-46f">
         <name>.text</name>
         <load_address>0x421c</load_address>
         <run_address>0x421c</run_address>
         <size>0x48</size>
         <input_file_ref idref="fl-d9"/>
      </object_component>
      <object_component id="oc-5d2">
         <name>.text:HOSTclose</name>
         <load_address>0x4264</load_address>
         <run_address>0x4264</run_address>
         <size>0x44</size>
         <input_file_ref idref="fl-fd"/>
      </object_component>
      <object_component id="oc-5ea">
         <name>.text:HOSTunlink</name>
         <load_address>0x42a8</load_address>
         <run_address>0x42a8</run_address>
         <size>0x44</size>
         <input_file_ref idref="fl-102"/>
      </object_component>
      <object_component id="oc-22c">
         <name>.text:__TI_auto_init_nobinit_nopinit:__TI_auto_init_nobinit_nopinit</name>
         <load_address>0x42ec</load_address>
         <run_address>0x42ec</run_address>
         <size>0x44</size>
         <input_file_ref idref="fl-f9"/>
      </object_component>
      <object_component id="oc-63a">
         <name>.text:getdevice</name>
         <load_address>0x4330</load_address>
         <run_address>0x4330</run_address>
         <size>0x44</size>
         <input_file_ref idref="fl-108"/>
      </object_component>
      <object_component id="oc-19e">
         <name>.text:GPIO_setAsOutputPin</name>
         <load_address>0x4374</load_address>
         <run_address>0x4374</run_address>
         <size>0x40</size>
         <input_file_ref idref="fl-12"/>
      </object_component>
      <object_component id="oc-31b">
         <name>.text:UART_Write</name>
         <load_address>0x43b4</load_address>
         <run_address>0x43b4</run_address>
         <size>0x40</size>
         <input_file_ref idref="fl-4"/>
      </object_component>
      <object_component id="oc-497">
         <name>.text:_fcpy</name>
         <load_address>0x43f4</load_address>
         <run_address>0x43f4</run_address>
         <size>0x3e</size>
         <input_file_ref idref="fl-cd"/>
      </object_component>
      <object_component id="oc-619">
         <name>.text:__TI_writemsg</name>
         <load_address>0x4434</load_address>
         <run_address>0x4434</run_address>
         <size>0x38</size>
         <input_file_ref idref="fl-104"/>
      </object_component>
      <object_component id="oc-e4">
         <name>.text</name>
         <load_address>0x446c</load_address>
         <run_address>0x446c</run_address>
         <size>0x38</size>
         <input_file_ref idref="fl-da"/>
      </object_component>
      <object_component id="oc-65a">
         <name>.text:strncpy</name>
         <load_address>0x44a4</load_address>
         <run_address>0x44a4</run_address>
         <size>0x36</size>
         <input_file_ref idref="fl-10a"/>
      </object_component>
      <object_component id="oc-1c8">
         <name>.text:ESP8266_HardReset</name>
         <load_address>0x44dc</load_address>
         <run_address>0x44dc</run_address>
         <size>0x34</size>
         <input_file_ref idref="fl-2"/>
      </object_component>
      <object_component id="oc-583">
         <name>.text:__TI_cleanup</name>
         <load_address>0x4510</load_address>
         <run_address>0x4510</run_address>
         <size>0x34</size>
         <input_file_ref idref="fl-f5"/>
      </object_component>
      <object_component id="oc-61f">
         <name>.text:__TI_readmsg</name>
         <load_address>0x4544</load_address>
         <run_address>0x4544</run_address>
         <size>0x34</size>
         <input_file_ref idref="fl-104"/>
      </object_component>
      <object_component id="oc-58">
         <name>.text:_c_int00_noargs:_c_int00_noargs</name>
         <load_address>0x4578</load_address>
         <run_address>0x4578</run_address>
         <size>0x34</size>
         <input_file_ref idref="fl-f1"/>
      </object_component>
      <object_component id="oc-1fe">
         <name>.text:strstr</name>
         <load_address>0x45ac</load_address>
         <run_address>0x45ac</run_address>
         <size>0x34</size>
         <input_file_ref idref="fl-ef"/>
      </object_component>
      <object_component id="oc-13d">
         <name>.text:CAR_Forward</name>
         <load_address>0x45e0</load_address>
         <run_address>0x45e0</run_address>
         <size>0x30</size>
         <input_file_ref idref="fl-5"/>
      </object_component>
      <object_component id="oc-265">
         <name>.text:GPIO_getInputPinValue</name>
         <load_address>0x4610</load_address>
         <run_address>0x4610</run_address>
         <size>0x30</size>
         <input_file_ref idref="fl-12"/>
      </object_component>
      <object_component id="oc-660">
         <name>.text:finddevice</name>
         <load_address>0x4640</load_address>
         <run_address>0x4640</run_address>
         <size>0x30</size>
         <input_file_ref idref="fl-108"/>
      </object_component>
      <object_component id="oc-47a">
         <name>.text</name>
         <load_address>0x4670</load_address>
         <run_address>0x4670</run_address>
         <size>0x2e</size>
         <input_file_ref idref="fl-db"/>
      </object_component>
      <object_component id="oc-113">
         <name>.text:Timer_A_clearCaptureCompareInterrupt</name>
         <load_address>0x46a0</load_address>
         <run_address>0x46a0</run_address>
         <size>0x2c</size>
         <input_file_ref idref="fl-14"/>
      </object_component>
      <object_component id="oc-60e">
         <name>.text:unlink</name>
         <load_address>0x46cc</load_address>
         <run_address>0x46cc</run_address>
         <size>0x2c</size>
         <input_file_ref idref="fl-10d"/>
      </object_component>
      <object_component id="oc-143">
         <name>.text:GPIO_clearInterruptFlag</name>
         <load_address>0x46f8</load_address>
         <run_address>0x46f8</run_address>
         <size>0x28</size>
         <input_file_ref idref="fl-12"/>
      </object_component>
      <object_component id="oc-186">
         <name>.text:GPIO_enableInterrupt</name>
         <load_address>0x4720</load_address>
         <run_address>0x4720</run_address>
         <size>0x28</size>
         <input_file_ref idref="fl-12"/>
      </object_component>
      <object_component id="oc-de">
         <name>.text:GPIO_setOutputHighOnPin</name>
         <load_address>0x4748</load_address>
         <run_address>0x4748</run_address>
         <size>0x28</size>
         <input_file_ref idref="fl-12"/>
      </object_component>
      <object_component id="oc-f5">
         <name>.text:GPIO_setOutputLowOnPin</name>
         <load_address>0x4770</load_address>
         <run_address>0x4770</run_address>
         <size>0x28</size>
         <input_file_ref idref="fl-12"/>
      </object_component>
      <object_component id="oc-88">
         <name>.text:PORT1_IRQHandler</name>
         <load_address>0x4798</load_address>
         <run_address>0x4798</run_address>
         <size>0x28</size>
         <input_file_ref idref="fl-5"/>
      </object_component>
      <object_component id="oc-5b2">
         <name>.text:free_list_insert</name>
         <load_address>0x47c0</load_address>
         <run_address>0x47c0</run_address>
         <size>0x28</size>
         <input_file_ref idref="fl-eb"/>
      </object_component>
      <object_component id="oc-56f">
         <name>.text:lseek</name>
         <load_address>0x47e8</load_address>
         <run_address>0x47e8</run_address>
         <size>0x28</size>
         <input_file_ref idref="fl-106"/>
      </object_component>
      <object_component id="oc-4e8">
         <name>.text:write</name>
         <load_address>0x4810</load_address>
         <run_address>0x4810</run_address>
         <size>0x28</size>
         <input_file_ref idref="fl-f2"/>
      </object_component>
      <object_component id="oc-101">
         <name>.text:CalculateDistanceTraveled</name>
         <load_address>0x4838</load_address>
         <run_address>0x4838</run_address>
         <size>0x24</size>
         <input_file_ref idref="fl-5"/>
      </object_component>
      <object_component id="oc-25f">
         <name>.text:Delay</name>
         <load_address>0x485c</load_address>
         <run_address>0x485c</run_address>
         <size>0x24</size>
         <input_file_ref idref="fl-5"/>
      </object_component>
      <object_component id="oc-327">
         <name>.text:PrintString</name>
         <load_address>0x4880</load_address>
         <run_address>0x4880</run_address>
         <size>0x22</size>
         <input_file_ref idref="fl-3"/>
      </object_component>
      <object_component id="oc-107">
         <name>.text:CalculateSpeed</name>
         <load_address>0x48a2</load_address>
         <run_address>0x48a2</run_address>
         <size>0x20</size>
         <input_file_ref idref="fl-5"/>
      </object_component>
      <object_component id="oc-4dc">
         <name>.text:memchr</name>
         <load_address>0x48c2</load_address>
         <run_address>0x48c2</run_address>
         <size>0x20</size>
         <input_file_ref idref="fl-ea"/>
      </object_component>
      <object_component id="oc-5ac">
         <name>.text:free_list_remove</name>
         <load_address>0x48e4</load_address>
         <run_address>0x48e4</run_address>
         <size>0x1c</size>
         <input_file_ref idref="fl-eb"/>
      </object_component>
      <object_component id="oc-3b6">
         <name>.text:memccpy</name>
         <load_address>0x4900</load_address>
         <run_address>0x4900</run_address>
         <size>0x1c</size>
         <input_file_ref idref="fl-e9"/>
      </object_component>
      <object_component id="oc-525">
         <name>.text:copysign</name>
         <load_address>0x491c</load_address>
         <run_address>0x491c</run_address>
         <size>0x1a</size>
         <input_file_ref idref="fl-f7"/>
      </object_component>
      <object_component id="oc-fb">
         <name>.text:CalculateAverageNotches</name>
         <load_address>0x4936</load_address>
         <run_address>0x4936</run_address>
         <size>0x18</size>
         <input_file_ref idref="fl-5"/>
      </object_component>
      <object_component id="oc-192">
         <name>.text:Timer_A_clearTimer</name>
         <load_address>0x4950</load_address>
         <run_address>0x4950</run_address>
         <size>0x18</size>
         <input_file_ref idref="fl-14"/>
      </object_component>
      <object_component id="oc-2be">
         <name>.text:UART_getInterruptStatus</name>
         <load_address>0x4968</load_address>
         <run_address>0x4968</run_address>
         <size>0x18</size>
         <input_file_ref idref="fl-15"/>
      </object_component>
      <object_component id="oc-675">
         <name>.text:strcmp</name>
         <load_address>0x4980</load_address>
         <run_address>0x4980</run_address>
         <size>0x18</size>
         <input_file_ref idref="fl-109"/>
      </object_component>
      <object_component id="oc-198">
         <name>.text:Timer_A_startCounter</name>
         <load_address>0x4998</load_address>
         <run_address>0x4998</run_address>
         <size>0x16</size>
         <input_file_ref idref="fl-14"/>
      </object_component>
      <object_component id="oc-4ab">
         <name>.text:strchr</name>
         <load_address>0x49ae</load_address>
         <run_address>0x49ae</run_address>
         <size>0x16</size>
         <input_file_ref idref="fl-ec"/>
      </object_component>
      <object_component id="oc-321">
         <name>.text:PrintChar</name>
         <load_address>0x49c4</load_address>
         <run_address>0x49c4</run_address>
         <size>0x14</size>
         <input_file_ref idref="fl-3"/>
      </object_component>
      <object_component id="oc-42f">
         <name>.text:strcpy</name>
         <load_address>0x49d8</load_address>
         <run_address>0x49d8</run_address>
         <size>0x14</size>
         <input_file_ref idref="fl-ed"/>
      </object_component>
      <object_component id="oc-387">
         <name>.text:strlen</name>
         <load_address>0x49ec</load_address>
         <run_address>0x49ec</run_address>
         <size>0x14</size>
         <input_file_ref idref="fl-ee"/>
      </object_component>
      <object_component id="oc-3bc">
         <name>.text:wcslen</name>
         <load_address>0x4a00</load_address>
         <run_address>0x4a00</run_address>
         <size>0x12</size>
         <input_file_ref idref="fl-d4"/>
      </object_component>
      <object_component id="oc-1b6">
         <name>.text:Interrupt_enableMaster</name>
         <load_address>0x4a12</load_address>
         <run_address>0x4a12</run_address>
         <size>0x10</size>
         <input_file_ref idref="fl-13"/>
      </object_component>
      <object_component id="oc-1d">
         <name>.text:decompress:none:__TI_decompress_none</name>
         <load_address>0x4a22</load_address>
         <run_address>0x4a22</run_address>
         <size>0xe</size>
         <input_file_ref idref="fl-e0"/>
      </object_component>
      <object_component id="oc-314">
         <name>.text:CPU_cpsie</name>
         <load_address>0x4a30</load_address>
         <run_address>0x4a30</run_address>
         <size>0xc</size>
         <input_file_ref idref="fl-16"/>
      </object_component>
      <object_component id="oc-6a">
         <name>.text:Reset_Handler</name>
         <load_address>0x4a3c</load_address>
         <run_address>0x4a3c</run_address>
         <size>0xc</size>
         <input_file_ref idref="fl-7"/>
      </object_component>
      <object_component id="oc-4c">
         <name>.text:decompress:ZI:__TI_zero_init</name>
         <load_address>0x4a48</load_address>
         <run_address>0x4a48</run_address>
         <size>0xc</size>
         <input_file_ref idref="fl-df"/>
      </object_component>
      <object_component id="oc-1c2">
         <name>.text:ESP8266_GetBuffer</name>
         <load_address>0x4a54</load_address>
         <run_address>0x4a54</run_address>
         <size>0x8</size>
         <input_file_ref idref="fl-2"/>
      </object_component>
      <object_component id="oc-3c2">
         <name>.text:__aeabi_errno_addr</name>
         <load_address>0x4a5c</load_address>
         <run_address>0x4a5c</run_address>
         <size>0x8</size>
         <input_file_ref idref="fl-f0"/>
      </object_component>
      <object_component id="oc-57d">
         <name>.text:malloc</name>
         <load_address>0x4a64</load_address>
         <run_address>0x4a64</run_address>
         <size>0x8</size>
         <input_file_ref idref="fl-eb"/>
      </object_component>
      <object_component id="oc-293">
         <name>.text:_outc</name>
         <load_address>0x4a6c</load_address>
         <run_address>0x4a6c</run_address>
         <size>0x4</size>
         <input_file_ref idref="fl-cc"/>
      </object_component>
      <object_component id="oc-28d">
         <name>.text:_outs</name>
         <load_address>0x4a70</load_address>
         <run_address>0x4a70</run_address>
         <size>0x4</size>
         <input_file_ref idref="fl-cc"/>
      </object_component>
      <object_component id="oc-b8">
         <name>.text:_system_pre_init</name>
         <load_address>0x4a74</load_address>
         <run_address>0x4a74</run_address>
         <size>0x4</size>
         <input_file_ref idref="fl-fa"/>
      </object_component>
      <object_component id="oc-220">
         <name>.text:abort:abort</name>
         <load_address>0x4a78</load_address>
         <run_address>0x4a78</run_address>
         <size>0x4</size>
         <input_file_ref idref="fl-e2"/>
      </object_component>
      <object_component id="oc-454">
         <name>.const:.string:_ctypes_</name>
         <load_address>0x4a7c</load_address>
         <run_address>0x4a7c</run_address>
         <size>0x101</size>
         <input_file_ref idref="fl-e6"/>
      </object_component>
      <object_component id="oc-219">
         <name>.const:.string:$P$T1$2</name>
         <load_address>0x4b7d</load_address>
         <run_address>0x4b7d</run_address>
         <size>0x3</size>
         <input_file_ref idref="fl-5"/>
      </object_component>
      <object_component id="oc-272">
         <name>.const:GPIO_PORT_TO_BASE</name>
         <load_address>0x4b80</load_address>
         <run_address>0x4b80</run_address>
         <size>0x30</size>
         <input_file_ref idref="fl-12"/>
      </object_component>
      <object_component id="oc-21c">
         <name>.const:.string:$P$T2$3</name>
         <load_address>0x4bb0</load_address>
         <run_address>0x4bb0</run_address>
         <size>0x23</size>
         <input_file_ref idref="fl-5"/>
      </object_component>
      <object_component id="oc-20a">
         <name>.const:upConfig</name>
         <load_address>0x4bd4</load_address>
         <run_address>0x4bd4</run_address>
         <size>0x18</size>
         <input_file_ref idref="fl-5"/>
      </object_component>
      <object_component id="oc-216">
         <name>.const:.string:$P$T0$1</name>
         <load_address>0x4bec</load_address>
         <run_address>0x4bec</run_address>
         <size>0xf</size>
         <input_file_ref idref="fl-5"/>
      </object_component>
      <object_component id="oc-310">
         <name>.const:g_pulEnRegs</name>
         <load_address>0x4bfc</load_address>
         <run_address>0x4bfc</run_address>
         <size>0x8</size>
         <input_file_ref idref="fl-13"/>
      </object_component>
      <object_component id="oc-2af">
         <name>.const</name>
         <load_address>0x4c04</load_address>
         <run_address>0x4c04</run_address>
         <size>0x8</size>
         <input_file_ref idref="fl-5"/>
      </object_component>
      <object_component id="oc-6b5">
         <name>.cinit..data.load</name>
         <load_address>0x4c10</load_address>
         <run_address>0x4c10</run_address>
         <size>0x8c</size>
      </object_component>
      <object_component id="oc-6b3">
         <name>__TI_handler_table</name>
         <load_address>0x4c9c</load_address>
         <run_address>0x4c9c</run_address>
         <size>0xc</size>
      </object_component>
      <object_component id="oc-6b6">
         <name>.cinit..bss.load</name>
         <load_address>0x4ca8</load_address>
         <run_address>0x4ca8</run_address>
         <size>0x8</size>
      </object_component>
      <object_component id="oc-6b4">
         <name>__TI_cinit_table</name>
         <load_address>0x4cb0</load_address>
         <run_address>0x4cb0</run_address>
         <size>0x10</size>
      </object_component>
      <object_component id="oc-687">
         <name>.binit</name>
         <load_address>0x0</load_address>
         <run_address>0x0</run_address>
         <size>0x0</size>
      </object_component>
      <object_component id="oc-119">
         <name>.data</name>
         <load_address>0x200023b8</load_address>
         <run_address>0x200023b8</run_address>
         <size>0x18</size>
         <input_file_ref idref="fl-5"/>
      </object_component>
      <object_component id="oc-2a6">
         <name>.data:pwmConfigLeft</name>
         <load_address>0x200023d0</load_address>
         <run_address>0x200023d0</run_address>
         <size>0x18</size>
         <input_file_ref idref="fl-5"/>
      </object_component>
      <object_component id="oc-2a9">
         <name>.data:pwmConfigRight</name>
         <load_address>0x200023e8</load_address>
         <run_address>0x200023e8</run_address>
         <size>0x18</size>
         <input_file_ref idref="fl-5"/>
      </object_component>
      <object_component id="oc-213">
         <name>.data:UARTConfig</name>
         <load_address>0x20002390</load_address>
         <run_address>0x20002390</run_address>
         <size>0x28</size>
         <input_file_ref idref="fl-5"/>
      </object_component>
      <object_component id="oc-360">
         <name>.data:$O1$$</name>
         <load_address>0x20002410</load_address>
         <run_address>0x20002410</run_address>
         <size>0xc</size>
         <input_file_ref idref="fl-e2"/>
      </object_component>
      <object_component id="oc-287">
         <name>.data:$O1$$</name>
         <load_address>0x2000241c</load_address>
         <run_address>0x2000241c</run_address>
         <size>0x8</size>
         <input_file_ref idref="fl-e3"/>
      </object_component>
      <object_component id="oc-28a">
         <name>.data:_ftable</name>
         <load_address>0x200021d8</load_address>
         <run_address>0x200021d8</run_address>
         <size>0xf0</size>
         <input_file_ref idref="fl-e7"/>
      </object_component>
      <object_component id="oc-5c6">
         <name>.data</name>
         <load_address>0x20002400</load_address>
         <run_address>0x20002400</run_address>
         <size>0x10</size>
         <input_file_ref idref="fl-e7"/>
      </object_component>
      <object_component id="oc-5fc">
         <name>.data:$O1$$</name>
         <load_address>0x20002424</load_address>
         <run_address>0x20002424</run_address>
         <size>0x8</size>
         <input_file_ref idref="fl-eb"/>
      </object_component>
      <object_component id="oc-4bb">
         <name>.data</name>
         <load_address>0x2000242c</load_address>
         <run_address>0x2000242c</run_address>
         <size>0x4</size>
         <input_file_ref idref="fl-f0"/>
      </object_component>
      <object_component id="oc-596">
         <name>.data:_device</name>
         <load_address>0x200022c8</load_address>
         <run_address>0x200022c8</run_address>
         <size>0x78</size>
         <input_file_ref idref="fl-f3"/>
      </object_component>
      <object_component id="oc-553">
         <name>.data:_stream</name>
         <load_address>0x20002340</load_address>
         <run_address>0x20002340</run_address>
         <size>0x50</size>
         <input_file_ref idref="fl-f3"/>
      </object_component>
      <object_component id="oc-644">
         <name>.bss:_CIOBUF_</name>
         <uninitialized>true</uninitialized>
         <run_address>0x20001800</run_address>
         <size>0x120</size>
         <input_file_ref idref="fl-104"/>
      </object_component>
      <object_component id="oc-132">
         <name>.common:UARTA0Data</name>
         <uninitialized>true</uninitialized>
         <run_address>0x20000800</run_address>
         <size>0x800</size>
      </object_component>
      <object_component id="oc-131">
         <name>.common:UARTA0ReadIndex</name>
         <uninitialized>true</uninitialized>
         <run_address>0x200019c8</run_address>
         <size>0x4</size>
      </object_component>
      <object_component id="oc-128">
         <name>.common:UARTA0WriteIndex</name>
         <uninitialized>true</uninitialized>
         <run_address>0x200019cc</run_address>
         <size>0x4</size>
      </object_component>
      <object_component id="oc-13b">
         <name>.common:UARTA2Data</name>
         <uninitialized>true</uninitialized>
         <run_address>0x20001000</run_address>
         <size>0x800</size>
      </object_component>
      <object_component id="oc-13a">
         <name>.common:UARTA2ReadIndex</name>
         <uninitialized>true</uninitialized>
         <run_address>0x200019d0</run_address>
         <size>0x4</size>
      </object_component>
      <object_component id="oc-139">
         <name>.common:UARTA2WriteIndex</name>
         <uninitialized>true</uninitialized>
         <run_address>0x200019d4</run_address>
         <size>0x4</size>
      </object_component>
      <object_component id="oc-334">
         <name>.common:ESP8266_Buffer</name>
         <uninitialized>true</uninitialized>
         <run_address>0x20000000</run_address>
         <size>0x800</size>
      </object_component>
      <object_component id="oc-614">
         <name>.common:__TI_tmpnams</name>
         <uninitialized>true</uninitialized>
         <run_address>0x20001920</run_address>
         <size>0xa0</size>
      </object_component>
      <object_component id="oc-625">
         <name>.common:parmbuf</name>
         <uninitialized>true</uninitialized>
         <run_address>0x200019c0</run_address>
         <size>0x8</size>
      </object_component>
      <object_component id="oc-29">
         <name>.sysmem</name>
         <uninitialized>true</uninitialized>
         <run_address>0x200019d8</run_address>
         <size>0x10</size>
         <input_file_ref idref="fl-eb"/>
      </object_component>
      <object_component id="oc-6b9">
         <name>.sysmem</name>
         <uninitialized>true</uninitialized>
         <run_address>0x200019d8</run_address>
         <size>0x0</size>
      </object_component>
      <object_component id="oc-2c">
         <name>.stack</name>
         <uninitialized>true</uninitialized>
         <run_address>0x2000fe00</run_address>
         <size>0x4</size>
         <input_file_ref idref="fl-f1"/>
      </object_component>
      <object_component id="oc-6b8">
         <name>.stack</name>
         <uninitialized>true</uninitialized>
         <run_address>0x2000fe00</run_address>
         <size>0x0</size>
      </object_component>
      <object_component id="oc-129">
         <name>.debug_info</name>
         <load_address>0x0</load_address>
         <run_address>0x0</run_address>
         <size>0x802</size>
         <input_file_ref idref="fl-2"/>
      </object_component>
      <object_component id="oc-33f">
         <name>.debug_info</name>
         <load_address>0x802</load_address>
         <run_address>0x802</run_address>
         <size>0x17c</size>
         <input_file_ref idref="fl-2"/>
      </object_component>
      <object_component id="oc-1e1">
         <name>.debug_info</name>
         <load_address>0x97e</load_address>
         <run_address>0x97e</run_address>
         <size>0x16c</size>
         <input_file_ref idref="fl-2"/>
      </object_component>
      <object_component id="oc-1d5">
         <name>.debug_info</name>
         <load_address>0xaea</load_address>
         <run_address>0xaea</run_address>
         <size>0x164</size>
         <input_file_ref idref="fl-2"/>
      </object_component>
      <object_component id="oc-1db">
         <name>.debug_info</name>
         <load_address>0xc4e</load_address>
         <run_address>0xc4e</run_address>
         <size>0x160</size>
         <input_file_ref idref="fl-2"/>
      </object_component>
      <object_component id="oc-1ed">
         <name>.debug_info</name>
         <load_address>0xdae</load_address>
         <run_address>0xdae</run_address>
         <size>0x1ba</size>
         <input_file_ref idref="fl-2"/>
      </object_component>
      <object_component id="oc-1e8">
         <name>.debug_info</name>
         <load_address>0xf68</load_address>
         <run_address>0xf68</run_address>
         <size>0x1b7</size>
         <input_file_ref idref="fl-2"/>
      </object_component>
      <object_component id="oc-1f4">
         <name>.debug_info</name>
         <load_address>0x111f</load_address>
         <run_address>0x111f</run_address>
         <size>0x20f</size>
         <input_file_ref idref="fl-2"/>
      </object_component>
      <object_component id="oc-1f9">
         <name>.debug_info</name>
         <load_address>0x132e</load_address>
         <run_address>0x132e</run_address>
         <size>0x228</size>
         <input_file_ref idref="fl-2"/>
      </object_component>
      <object_component id="oc-1c3">
         <name>.debug_info</name>
         <load_address>0x1556</load_address>
         <run_address>0x1556</run_address>
         <size>0x128</size>
         <input_file_ref idref="fl-2"/>
      </object_component>
      <object_component id="oc-1c9">
         <name>.debug_info</name>
         <load_address>0x167e</load_address>
         <run_address>0x167e</run_address>
         <size>0x132</size>
         <input_file_ref idref="fl-2"/>
      </object_component>
      <object_component id="oc-14d">
         <name>.debug_info</name>
         <load_address>0x17b0</load_address>
         <run_address>0x17b0</run_address>
         <size>0x26b</size>
         <input_file_ref idref="fl-2"/>
      </object_component>
      <object_component id="oc-2cc">
         <name>.debug_info</name>
         <load_address>0x1a1b</load_address>
         <run_address>0x1a1b</run_address>
         <size>0x1028</size>
         <input_file_ref idref="fl-2"/>
      </object_component>
      <object_component id="oc-2c7">
         <name>.debug_info</name>
         <load_address>0x2a43</load_address>
         <run_address>0x2a43</run_address>
         <size>0x37e2</size>
         <input_file_ref idref="fl-2"/>
      </object_component>
      <object_component id="oc-2e6">
         <name>.debug_info</name>
         <load_address>0x6225</load_address>
         <run_address>0x6225</run_address>
         <size>0x341</size>
         <input_file_ref idref="fl-2"/>
      </object_component>
      <object_component id="oc-11d">
         <name>.debug_info</name>
         <load_address>0x6566</load_address>
         <run_address>0x6566</run_address>
         <size>0x8b</size>
         <input_file_ref idref="fl-2"/>
      </object_component>
      <object_component id="oc-2f0">
         <name>.debug_info</name>
         <load_address>0x65f1</load_address>
         <run_address>0x65f1</run_address>
         <size>0x2a4</size>
         <input_file_ref idref="fl-2"/>
      </object_component>
      <object_component id="oc-2da">
         <name>.debug_info</name>
         <load_address>0x6895</load_address>
         <run_address>0x6895</run_address>
         <size>0xef</size>
         <input_file_ref idref="fl-2"/>
      </object_component>
      <object_component id="oc-134">
         <name>.debug_info</name>
         <load_address>0x6984</load_address>
         <run_address>0x6984</run_address>
         <size>0xbb</size>
         <input_file_ref idref="fl-2"/>
      </object_component>
      <object_component id="oc-165">
         <name>.debug_info</name>
         <load_address>0x6a3f</load_address>
         <run_address>0x6a3f</run_address>
         <size>0x2c</size>
         <input_file_ref idref="fl-2"/>
      </object_component>
      <object_component id="oc-29b">
         <name>.debug_info</name>
         <load_address>0x6a6b</load_address>
         <run_address>0x6a6b</run_address>
         <size>0x2c</size>
         <input_file_ref idref="fl-2"/>
      </object_component>
      <object_component id="oc-2eb">
         <name>.debug_info</name>
         <load_address>0x6a97</load_address>
         <run_address>0x6a97</run_address>
         <size>0x102</size>
         <input_file_ref idref="fl-2"/>
      </object_component>
      <object_component id="oc-2d1">
         <name>.debug_info</name>
         <load_address>0x6b99</load_address>
         <run_address>0x6b99</run_address>
         <size>0x35</size>
         <input_file_ref idref="fl-2"/>
      </object_component>
      <object_component id="oc-12b">
         <name>.debug_info</name>
         <load_address>0x6bce</load_address>
         <run_address>0x6bce</run_address>
         <size>0x6e6</size>
         <input_file_ref idref="fl-3"/>
      </object_component>
      <object_component id="oc-323">
         <name>.debug_info</name>
         <load_address>0x72b4</load_address>
         <run_address>0x72b4</run_address>
         <size>0x156</size>
         <input_file_ref idref="fl-3"/>
      </object_component>
      <object_component id="oc-328">
         <name>.debug_info</name>
         <load_address>0x740a</load_address>
         <run_address>0x740a</run_address>
         <size>0x16d</size>
         <input_file_ref idref="fl-3"/>
      </object_component>
      <object_component id="oc-32e">
         <name>.debug_info</name>
         <load_address>0x7577</load_address>
         <run_address>0x7577</run_address>
         <size>0x1bf</size>
         <input_file_ref idref="fl-3"/>
      </object_component>
      <object_component id="oc-1bd">
         <name>.debug_info</name>
         <load_address>0x7736</load_address>
         <run_address>0x7736</run_address>
         <size>0x1af</size>
         <input_file_ref idref="fl-3"/>
      </object_component>
      <object_component id="oc-35">
         <name>.debug_info</name>
         <load_address>0x78e5</load_address>
         <run_address>0x78e5</run_address>
         <size>0x84</size>
         <input_file_ref idref="fl-3"/>
      </object_component>
      <object_component id="oc-12d">
         <name>.debug_info</name>
         <load_address>0x7969</load_address>
         <run_address>0x7969</run_address>
         <size>0x6dd</size>
         <input_file_ref idref="fl-4"/>
      </object_component>
      <object_component id="oc-31c">
         <name>.debug_info</name>
         <load_address>0x8046</load_address>
         <run_address>0x8046</run_address>
         <size>0x19b</size>
         <input_file_ref idref="fl-4"/>
      </object_component>
      <object_component id="oc-429">
         <name>.debug_info</name>
         <load_address>0x81e1</load_address>
         <run_address>0x81e1</run_address>
         <size>0x224</size>
         <input_file_ref idref="fl-4"/>
      </object_component>
      <object_component id="oc-339">
         <name>.debug_info</name>
         <load_address>0x8405</load_address>
         <run_address>0x8405</run_address>
         <size>0x253</size>
         <input_file_ref idref="fl-4"/>
      </object_component>
      <object_component id="oc-1d0">
         <name>.debug_info</name>
         <load_address>0x8658</load_address>
         <run_address>0x8658</run_address>
         <size>0x142</size>
         <input_file_ref idref="fl-4"/>
      </object_component>
      <object_component id="oc-7e">
         <name>.debug_info</name>
         <load_address>0x879a</load_address>
         <run_address>0x879a</run_address>
         <size>0x1b1</size>
         <input_file_ref idref="fl-4"/>
      </object_component>
      <object_component id="oc-83">
         <name>.debug_info</name>
         <load_address>0x894b</load_address>
         <run_address>0x894b</run_address>
         <size>0x1ab</size>
         <input_file_ref idref="fl-4"/>
      </object_component>
      <object_component id="oc-12f">
         <name>.debug_info</name>
         <load_address>0x8af6</load_address>
         <run_address>0x8af6</run_address>
         <size>0xf00</size>
         <input_file_ref idref="fl-5"/>
      </object_component>
      <object_component id="oc-11a">
         <name>.debug_info</name>
         <load_address>0x99f6</load_address>
         <run_address>0x99f6</run_address>
         <size>0x1e1</size>
         <input_file_ref idref="fl-5"/>
      </object_component>
      <object_component id="oc-2b0">
         <name>.debug_info</name>
         <load_address>0x9bd7</load_address>
         <run_address>0x9bd7</run_address>
         <size>0x113</size>
         <input_file_ref idref="fl-5"/>
      </object_component>
      <object_component id="oc-2a7">
         <name>.debug_info</name>
         <load_address>0x9cea</load_address>
         <run_address>0x9cea</run_address>
         <size>0xe6</size>
         <input_file_ref idref="fl-5"/>
      </object_component>
      <object_component id="oc-2aa">
         <name>.debug_info</name>
         <load_address>0x9dd0</load_address>
         <run_address>0x9dd0</run_address>
         <size>0xe8</size>
         <input_file_ref idref="fl-5"/>
      </object_component>
      <object_component id="oc-20b">
         <name>.debug_info</name>
         <load_address>0x9eb8</load_address>
         <run_address>0x9eb8</run_address>
         <size>0xdc</size>
         <input_file_ref idref="fl-5"/>
      </object_component>
      <object_component id="oc-214">
         <name>.debug_info</name>
         <load_address>0x9f94</load_address>
         <run_address>0x9f94</run_address>
         <size>0xe0</size>
         <input_file_ref idref="fl-5"/>
      </object_component>
      <object_component id="oc-217">
         <name>.debug_info</name>
         <load_address>0xa074</load_address>
         <run_address>0xa074</run_address>
         <size>0xda</size>
         <input_file_ref idref="fl-5"/>
      </object_component>
      <object_component id="oc-21a">
         <name>.debug_info</name>
         <load_address>0xa14e</load_address>
         <run_address>0xa14e</run_address>
         <size>0xda</size>
         <input_file_ref idref="fl-5"/>
      </object_component>
      <object_component id="oc-21d">
         <name>.debug_info</name>
         <load_address>0xa228</load_address>
         <run_address>0xa228</run_address>
[...]
      </symbol>
      <symbol id="sm-7e5">
         <name>__aeabi_dmul</name>
         <value>0x2499</value>
         <object_component_ref idref="oc-460"/>
      </symbol>
      <symbol id="sm-7ef">
         <name>__aeabi_d2iz</name>
         <value>0x421d</value>
         <object_component_ref idref="oc-46f"/>
      </symbol>
      <symbol id="sm-7fa">
         <name>__aeabi_f2d</name>
         <value>0x446d</value>
         <object_component_ref idref="oc-e4"/>
      </symbol>
      <symbol id="sm-804">
         <name>__aeabi_i2d</name>
         <value>0x4671</value>
         <object_component_ref idref="oc-47a"/>
      </symbol>
      <symbol id="sm-81f">
         <name>memcpy</name>
         <value>0x2c69</value>
         <object_component_ref idref="oc-3a"/>
      </symbol>
      <symbol id="sm-820">
         <name>__aeabi_memcpy</name>
         <value>0x2c69</value>
         <object_component_ref idref="oc-3a"/>
      </symbol>
      <symbol id="sm-821">
         <name>__aeabi_memcpy8</name>
         <value>0x2c69</value>
         <object_component_ref idref="oc-3a"/>
      </symbol>
      <symbol id="sm-822">
         <name>__aeabi_memcpy4</name>
         <value>0x2c69</value>
         <object_component_ref idref="oc-3a"/>
      </symbol>
      <symbol id="sm-82f">
         <name>__aeabi_uldivmod</name>
         <value>0x2d05</value>
         <object_component_ref idref="oc-459"/>
      </symbol>
      <symbol id="sm-83e">
         <name>__aeabi_memset</name>
         <value>0x32df</value>
         <object_component_ref idref="oc-b2"/>
      </symbol>
      <symbol id="sm-83f">
         <name>memset</name>
         <value>0x32e5</value>
         <object_component_ref idref="oc-b2"/>
      </symbol>
      <symbol id="sm-840">
         <name>__aeabi_memset8</name>
         <value>0x32df</value>
         <object_component_ref idref="oc-b2"/>
      </symbol>
      <symbol id="sm-841">
         <name>__aeabi_memset4</name>
         <value>0x32df</value>
         <object_component_ref idref="oc-b2"/>
      </symbol>
      <symbol id="sm-842">
         <name>__aeabi_memclr8</name>
         <value>0x32dd</value>
         <object_component_ref idref="oc-b2"/>
      </symbol>
      <symbol id="sm-843">
         <name>__aeabi_memclr4</name>
         <value>0x32dd</value>
         <object_component_ref idref="oc-b2"/>
      </symbol>
      <symbol id="sm-844">
         <name>__aeabi_memclr</name>
         <value>0x32dd</value>
         <object_component_ref idref="oc-b2"/>
      </symbol>
      <symbol id="sm-856">
         <name>__TI_zero_init</name>
         <value>0x4a49</value>
         <object_component_ref idref="oc-4c"/>
      </symbol>
      <symbol id="sm-86d">
         <name>__TI_decompress_none</name>
         <value>0x4a23</value>
         <object_component_ref idref="oc-1d"/>
      </symbol>
      <symbol id="sm-890">
         <name>__TI_decompress_lzss</name>
         <value>0x382d</value>
         <object_component_ref idref="oc-17"/>
      </symbol>
      <symbol id="sm-8b6">
         <name>C$$EXIT</name>
         <value>0x4a79</value>
         <object_component_ref idref="oc-220"/>
      </symbol>
      <symbol id="sm-8b7">
         <name>abort</name>
         <value>0x4a79</value>
         <object_component_ref idref="oc-220"/>
      </symbol>
      <symbol id="sm-8b8">
         <name>__TI_dtors_ptr</name>
         <value>0x20002414</value>
         <object_component_ref idref="oc-360"/>
      </symbol>
      <symbol id="sm-8b9">
         <name>__TI_cleanup_ptr</name>
         <value>0x20002410</value>
         <object_component_ref idref="oc-360"/>
      </symbol>
      <symbol id="sm-8ba">
         <name>__TI_enable_exit_profile_output</name>
         <value>0x20002418</value>
         <object_component_ref idref="oc-360"/>
      </symbol>
      <symbol id="sm-8bb">
         <name>exit</name>
         <value>0x41d5</value>
         <object_component_ref idref="oc-226"/>
      </symbol>
      <symbol id="sm-8d0">
         <name>_nop</name>
         <value>0x175f</value>
         <object_component_ref idref="oc-3d4"/>
      </symbol>
      <symbol id="sm-8d1">
         <name>_lock</name>
         <value>0x2000241c</value>
         <object_component_ref idref="oc-287"/>
      </symbol>
      <symbol id="sm-8d2">
         <name>_unlock</name>
         <value>0x20002420</value>
         <object_component_ref idref="oc-287"/>
      </symbol>
      <symbol id="sm-8e1">
         <name>__TI_ltoa</name>
         <value>0x3f1d</value>
         <object_component_ref idref="oc-474"/>
      </symbol>
      <symbol id="sm-8f7">
         <name>atoi</name>
         <value>0x40f9</value>
         <object_component_ref idref="oc-38d"/>
      </symbol>
      <symbol id="sm-902">
         <name>_ctypes_</name>
         <value>0x4a7c</value>
         <object_component_ref idref="oc-454"/>
      </symbol>
      <symbol id="sm-917">
         <name>__TI_tmpnams</name>
         <value>0x20001920</value>
      </symbol>
      <symbol id="sm-918">
         <name>__aeabi_stdout</name>
         <value>0x20002408</value>
         <object_component_ref idref="oc-5c6"/>
      </symbol>
      <symbol id="sm-919">
         <name>__aeabi_stderr</name>
         <value>0x2000240c</value>
         <object_component_ref idref="oc-5c6"/>
      </symbol>
      <symbol id="sm-91a">
         <name>__aeabi_stdin</name>
         <value>0x20002404</value>
         <object_component_ref idref="oc-5c6"/>
      </symbol>
      <symbol id="sm-91b">
         <name>_ftable</name>
         <value>0x200021d8</value>
         <object_component_ref idref="oc-28a"/>
      </symbol>
      <symbol id="sm-91c">
         <name>__TI_ft_end</name>
         <value>0x20002400</value>
         <object_component_ref idref="oc-5c6"/>
      </symbol>
      <symbol id="sm-92d">
         <name>ltoa</name>
         <value>0x3681</value>
         <object_component_ref idref="oc-34a"/>
      </symbol>
      <symbol id="sm-93d">
         <name>memccpy</name>
         <value>0x4901</value>
         <object_component_ref idref="oc-3b6"/>
      </symbol>
      <symbol id="sm-94d">
         <name>memchr</name>
         <value>0x48c3</value>
         <object_component_ref idref="oc-4dc"/>
      </symbol>
      <symbol id="sm-9d6">
         <name>_sys_memory</name>
         <value>0x200019d8</value>
         <object_component_ref idref="oc-29"/>
      </symbol>
      <symbol id="sm-9d7">
         <name>free</name>
         <value>0x2685</value>
         <object_component_ref idref="oc-577"/>
      </symbol>
      <symbol id="sm-9d8">
         <name>memalign</name>
         <value>0x2399</value>
         <object_component_ref idref="oc-5b9"/>
      </symbol>
      <symbol id="sm-9d9">
         <name>malloc</name>
         <value>0x4a65</value>
         <object_component_ref idref="oc-57d"/>
      </symbol>
      <symbol id="sm-9da">
         <name>aligned_alloc</name>
         <value>0x2399</value>
         <object_component_ref idref="oc-5b9"/>
      </symbol>
      <symbol id="sm-9ea">
         <name>strchr</name>
         <value>0x49af</value>
         <object_component_ref idref="oc-4ab"/>
      </symbol>
      <symbol id="sm-9f8">
         <name>strcpy</name>
         <value>0x49d9</value>
         <object_component_ref idref="oc-42f"/>
      </symbol>
      <symbol id="sm-a06">
         <name>strlen</name>
         <value>0x49ed</value>
         <object_component_ref idref="oc-387"/>
      </symbol>
      <symbol id="sm-a19">
         <name>strstr</name>
         <value>0x45ad</value>
         <object_component_ref idref="oc-1fe"/>
      </symbol>
      <symbol id="sm-a2f">
         <name>__aeabi_errno_addr</name>
         <value>0x4a5d</value>
         <object_component_ref idref="oc-3c2"/>
      </symbol>
      <symbol id="sm-a30">
         <name>errno</name>
         <value>0x2000242c</value>
         <object_component_ref idref="oc-4bb"/>
      </symbol>
      <symbol id="sm-a43">
         <name>__stack</name>
         <value>0x2000fe00</value>
         <object_component_ref idref="oc-2c"/>
      </symbol>
      <symbol id="sm-a44">
         <name>_c_int00_noargs</name>
         <value>0x4579</value>
         <object_component_ref idref="oc-58"/>
      </symbol>
      <symbol id="sm-a5e">
         <name>write</name>
         <value>0x4811</value>
         <object_component_ref idref="oc-4e8"/>
      </symbol>
      <symbol id="sm-a6f">
         <name>_stream</name>
         <value>0x20002340</value>
         <object_component_ref idref="oc-553"/>
      </symbol>
      <symbol id="sm-a70">
         <name>_device</name>
         <value>0x200022c8</value>
         <object_component_ref idref="oc-596"/>
      </symbol>
      <symbol id="sm-a80">
         <name>__TI_doflush</name>
         <value>0x40ad</value>
         <object_component_ref idref="oc-4e2"/>
      </symbol>
      <symbol id="sm-a90">
         <name>__TI_cleanup</name>
         <value>0x4511</value>
         <object_component_ref idref="oc-583"/>
      </symbol>
      <symbol id="sm-aa2">
         <name>fseek</name>
         <value>0x39c5</value>
         <object_component_ref idref="oc-541"/>
      </symbol>
      <symbol id="sm-aac">
         <name>copysign</name>
         <value>0x491d</value>
         <object_component_ref idref="oc-525"/>
      </symbol>
      <symbol id="sm-aad">
         <name>copysignl</name>
         <value>0x491d</value>
         <object_component_ref idref="oc-525"/>
      </symbol>
      <symbol id="sm-ab7">
         <name>__aeabi_idiv0</name>
         <value>0x1f33</value>
         <object_component_ref idref="oc-50c"/>
      </symbol>
      <symbol id="sm-ab8">
         <name>__aeabi_ldiv0</name>
         <value>0x1f33</value>
         <object_component_ref idref="oc-50c"/>
      </symbol>
      <symbol id="sm-ae0">
         <name>__TI_auto_init_nobinit_nopinit</name>
         <value>0x42ed</value>
         <object_component_ref idref="oc-22c"/>
      </symbol>
      <symbol id="sm-aea">
         <name>_system_pre_init</name>
         <value>0x4a75</value>
         <object_component_ref idref="oc-b8"/>
      </symbol>
      <symbol id="sm-afd">
         <name>HOSTclose</name>
         <value>0x4265</value>
         <object_component_ref idref="oc-5d2"/>
      </symbol>
      <symbol id="sm-b0e">
         <name>HOSTlseek</name>
         <value>0x375d</value>
         <object_component_ref idref="oc-5e4"/>
      </symbol>
      <symbol id="sm-b20">
         <name>parmbuf</name>
         <value>0x200019c0</value>
      </symbol>
      <symbol id="sm-b21">
         <name>HOSTopen</name>
         <value>0x3a8d</value>
         <object_component_ref idref="oc-5cc"/>
      </symbol>
      <symbol id="sm-b32">
         <name>HOSTread</name>
         <value>0x3dc1</value>
         <object_component_ref idref="oc-5d8"/>
      </symbol>
      <symbol id="sm-b43">
         <name>HOSTrename</name>
         <value>0x36f1</value>
         <object_component_ref idref="oc-5f0"/>
      </symbol>
      <symbol id="sm-b54">
         <name>HOSTunlink</name>
         <value>0x42a9</value>
         <object_component_ref idref="oc-5ea"/>
      </symbol>
      <symbol id="sm-b65">
         <name>HOSTwrite</name>
         <value>0x3e19</value>
         <object_component_ref idref="oc-5de"/>
      </symbol>
      <symbol id="sm-b89">
         <name>__TI_readmsg</name>
         <value>0x4545</value>
         <object_component_ref idref="oc-61f"/>
      </symbol>
      <symbol id="sm-b8a">
         <name>C$$IO$$</name>
         <value>0x4463</value>
         <object_component_ref idref="oc-619"/>
      </symbol>
      <symbol id="sm-b8b">
         <name>__CIOBUF_</name>
         <value>0x20001800</value>
         <object_component_ref idref="oc-644"/>
      </symbol>
      <symbol id="sm-b8c">
         <name>__TI_writemsg</name>
         <value>0x4435</value>
         <object_component_ref idref="oc-619"/>
      </symbol>
      <symbol id="sm-b9d">
         <name>lseek</name>
         <value>0x47e9</value>
         <object_component_ref idref="oc-56f"/>
      </symbol>
      <symbol id="sm-bb2">
         <name>__TI_closefile</name>
         <value>0x352d</value>
         <object_component_ref idref="oc-5c0"/>
      </symbol>
      <symbol id="sm-bd5">
         <name>finddevice</name>
         <value>0x4641</value>
         <object_component_ref idref="oc-660"/>
      </symbol>
      <symbol id="sm-bd6">
         <name>getdevice</name>
         <value>0x4331</value>
         <object_component_ref idref="oc-63a"/>
      </symbol>
      <symbol id="sm-be5">
         <name>strcmp</name>
         <value>0x4981</value>
         <object_component_ref idref="oc-675"/>
      </symbol>
      <symbol id="sm-bf5">
         <name>strncpy</name>
         <value>0x44a5</value>
         <object_component_ref idref="oc-65a"/>
      </symbol>
      <symbol id="sm-c0a">
         <name>close</name>
         <value>0x3c5d</value>
         <object_component_ref idref="oc-608"/>
      </symbol>
      <symbol id="sm-c1a">
         <name>unlink</name>
         <value>0x46cd</value>
         <object_component_ref idref="oc-60e"/>
      </symbol>
      <symbol id="sm-c1b">
         <name>__TI_static_base__</name>
         <value>0x0</value>
      </symbol>
      <symbol id="sm-c1e">
         <name>__mpu_init</name>
         <value>0x0</value>
      </symbol>
      <symbol id="sm-c1f">
         <name>_system_post_cinit</name>
         <value>0x0</value>
      </symbol>
      <symbol id="sm-c20">
         <name>NMI_Handler</name>
         <value>0xb33</value>
      </symbol>
      <symbol id="sm-c21">
         <name>HardFault_Handler</name>
         <value>0xb33</value>
      </symbol>
      <symbol id="sm-c22">
         <name>MemManage_Handler</name>
         <value>0xb33</value>
      </symbol>
      <symbol id="sm-c23">
         <name>BusFault_Handler</name>
         <value>0xb33</value>
      </symbol>
      <symbol id="sm-c24">
         <name>UsageFault_Handler</name>
         <value>0xb33</value>
      </symbol>
      <symbol id="sm-c25">
         <name>SVC_Handler</name>
         <value>0xb33</value>
      </symbol>
      <symbol id="sm-c26">
         <name>DebugMon_Handler</name>
         <value>0xb33</value>
      </symbol>
      <symbol id="sm-c27">
         <name>PendSV_Handler</name>
         <value>0xb33</value>
      </symbol>
      <symbol id="sm-c28">
         <name>SysTick_Handler</name>
         <value>0xb33</value>
      </symbol>
      <symbol id="sm-c29">
         <name>PSS_IRQHandler</name>
         <value>0xb33</value>
      </symbol>
      <symbol id="sm-c2a">
         <name>CS_IRQHandler</name>
         <value>0xb33</value>
      </symbol>
      <symbol id="sm-c2b">
         <name>PCM_IRQHandler</name>
         <value>0xb33</value>
      </symbol>
      <symbol id="sm-c2c">
         <name>WDT_A_IRQHandler</name>
         <value>0xb33</value>
      </symbol>
      <symbol id="sm-c2d">
         <name>FPU_IRQHandler</name>
         <value>0xb33</value>
      </symbol>
      <symbol id="sm-c2e">
         <name>FLCTL_IRQHandler</name>
         <value>0xb33</value>
      </symbol>
      <symbol id="sm-c2f">
         <name>COMP_E0_IRQHandler</name>
         <value>0xb33</value>
      </symbol>
      <symbol id="sm-c30">
         <name>COMP_E1_IRQHandler</name>
         <value>0xb33</value>
      </symbol>
      <symbol id="sm-c31">
         <name>TA0_0_IRQHandler</name>
         <value>0xb33</value>
      </symbol>
      <symbol id="sm-c32">
         <name>TA0_N_IRQHandler</name>
         <value>0xb33</value>
      </symbol>
      <symbol id="sm-c33">
         <name>TA1_0_IRQHandler</name>
         <value>0x1761</value>
      </symbol>
      <symbol id="sm-c34">
         <name>TA1_N_IRQHandler</name>
         <value>0xb33</value>
      </symbol>
      <symbol id="sm-c35">
         <name>TA2_0_IRQHandler</name>
         <value>0xb33</value>
      </symbol>
      <symbol id="sm-c36">
         <name>TA2_N_IRQHandler</name>
         <value>0xb33</value>
      </symbol>
      <symbol id="sm-c37">
         <name>TA3_0_IRQHandler</name>
         <value>0xb33</value>
      </symbol>
      <symbol id="sm-c38">
         <name>TA3_N_IRQHandler</name>
         <value>0xb33</value>
      </symbol>
      <symbol id="sm-c39">
         <name>EUSCIA0_IRQHandler</name>
         <value>0x2bcd</value>
      </symbol>
      <symbol id="sm-c3a">
         <name>EUSCIA1_IRQHandler</name>
         <value>0xb33</value>
      </symbol>
      <symbol id="sm-c3b">
         <name>EUSCIA2_IRQHandler</name>
         <value>0x2e29</value>
      </symbol>
      <symbol id="sm-c3c">
         <name>EUSCIA3_IRQHandler</name>
         <value>0xb33</value>
      </symbol>
      <symbol id="sm-c3d">
         <name>EUSCIB0_IRQHandler</name>
         <value>0xb33</value>
      </symbol>
      <symbol id="sm-c3e">
         <name>EUSCIB1_IRQHandler</name>
         <value>0xb33</value>
      </symbol>
      <symbol id="sm-c3f">
         <name>EUSCIB2_IRQHandler</name>
         <value>0xb33</value>
      </symbol>
      <symbol id="sm-c40">
         <name>EUSCIB3_IRQHandler</name>
         <value>0xb33</value>
      </symbol>
      <symbol id="sm-c41">
         <name>ADC14_IRQHandler</name>
         <value>0xb33</value>
      </symbol>
      <symbol id="sm-c42">
         <name>T32_INT1_IRQHandler</name>
         <value>0xb33</value>
      </symbol>
      <symbol id="sm-c43">
         <name>T32_INT2_IRQHandler</name>
         <value>0xb33</value>
      </symbol>
      <symbol id="sm-c44">
         <name>T32_INTC_IRQHandler</name>
         <value>0xb33</value>
      </symbol>
      <symbol id="sm-c45">
         <name>AES256_IRQHandler</name>
         <value>0xb33</value>
      </symbol>
      <symbol id="sm-c46">
         <name>RTC_C_IRQHandler</name>
         <value>0xb33</value>
      </symbol>
      <symbol id="sm-c47">
         <name>DMA_ERR_IRQHandler</name>
         <value>0xb33</value>
      </symbol>
      <symbol id="sm-c48">
         <name>DMA_INT3_IRQHandler</name>
         <value>0xb33</value>
      </symbol>
      <symbol id="sm-c49">
         <name>DMA_INT2_IRQHandler</name>
         <value>0xb33</value>
      </symbol>
      <symbol id="sm-c4a">
         <name>DMA_INT1_IRQHandler</name>
         <value>0xb33</value>
      </symbol>
      <symbol id="sm-c4b">
         <name>DMA_INT0_IRQHandler</name>
         <value>0xb33</value>
      </symbol>
      <symbol id="sm-c4c">
         <name>PORT1_IRQHandler</name>
         <value>0x4799</value>
      </symbol>
      <symbol id="sm-c4d">
         <name>PORT2_IRQHandler</name>
         <value>0xb33</value>
      </symbol>
      <symbol id="sm-c4e">
         <name>PORT3_IRQHandler</name>
         <value>0xb33</value>
      </symbol>
      <symbol id="sm-c4f">
         <name>PORT4_IRQHandler</name>
         <value>0xb33</value>
      </symbol>
      <symbol id="sm-c50">
         <name>PORT5_IRQHandler</name>
         <value>0xb33</value>
      </symbol>
      <symbol id="sm-c51">
         <name>PORT6_IRQHandler</name>
         <value>0x4145</value>
      </symbol>
      <symbol id="sm-c52">
         <name>remove</name>
         <value>0x46cd</value>
      </symbol>
   </symbol_table>
   <title>Link successful</title>
</link_info>
