<?xml version="1.0" encoding="ISO-8859-1" ?>
<link_info>
   <banner>TI ARM Linker PC v20.2.5.LTS</banner>
   <copyright>Copyright (c) 1996-2018 Texas Instruments Incorporated</copyright>
   <link_time>0x61acbffc</link_time>
   <link_errors>0x0</link_errors>
   <output_file>ESP8266(tester).out</output_file>
   <entry_point>
      <name>_c_int00_noargs</name>
      <address>0x4609</address>
   </entry_point>
   <input_file_list>
      <input_file id="fl-2">
         <path>.\</path>
         <kind>object</kind>
         <file>ESP8266.obj</file>
         <name>ESP8266.obj</name>
      </input_file>
      <input_file id="fl-3">
         <path>.\</path>
         <kind>object</kind>
         <file>MSPIO.obj</file>
         <name>MSPIO.obj</name>
      </input_file>
      <input_file id="fl-4">
         <path>.\</path>
         <kind>object</kind>
         <file>UART_Driver.obj</file>
         <name>UART_Driver.obj</name>
      </input_file>
      <input_file id="fl-5">
         <path>.\</path>
         <kind>object</kind>
         <file>main.obj</file>
         <name>main.obj</name>
      </input_file>
      <input_file id="fl-6">
         <path>.\</path>
         <kind>object</kind>
         <file>system_msp432p401r.obj</file>
         <name>system_msp432p401r.obj</name>
      </input_file>
      <input_file id="fl-7">
         <path>.\ccs\</path>
         <kind>object</kind>
         <file>startup_msp432p401r_ccs.obj</file>
         <name>startup_msp432p401r_ccs.obj</name>
      </input_file>
      <input_file id="fl-11">
         <kind>object</kind>
         <file>&lt;internal&gt;</file>
         <name>&lt;internal&gt;</name>
      </input_file>
      <input_file id="fl-12">
         <path>C:\ti\simplelink_msp432p4_sdk_3_40_01_02\source\ti\devices\msp432p4xx\driverlib\ccs\</path>
         <kind>archive</kind>
         <file>msp432p4xx_driverlib.lib</file>
         <name>gpio.o</name>
      </input_file>
      <input_file id="fl-13">
         <path>C:\ti\simplelink_msp432p4_sdk_3_40_01_02\source\ti\devices\msp432p4xx\driverlib\ccs\</path>
         <kind>archive</kind>
         <file>msp432p4xx_driverlib.lib</file>
         <name>interrupt.o</name>
      </input_file>
      <input_file id="fl-14">
         <path>C:\ti\simplelink_msp432p4_sdk_3_40_01_02\source\ti\devices\msp432p4xx\driverlib\ccs\</path>
         <kind>archive</kind>
         <file>msp432p4xx_driverlib.lib</file>
         <name>timer_a.o</name>
      </input_file>
      <input_file id="fl-15">
         <path>C:\ti\simplelink_msp432p4_sdk_3_40_01_02\source\ti\devices\msp432p4xx\driverlib\ccs\</path>
         <kind>archive</kind>
         <file>msp432p4xx_driverlib.lib</file>
         <name>uart.o</name>
      </input_file>
      <input_file id="fl-16">
         <path>C:\ti\simplelink_msp432p4_sdk_3_40_01_02\source\ti\devices\msp432p4xx\driverlib\ccs\</path>
         <kind>archive</kind>
         <file>msp432p4xx_driverlib.lib</file>
         <name>cpu.o</name>
      </input_file>
      <input_file id="fl-cc">
         <path>C:\ti\ccs1040\ccs\tools\compiler\ti-cgt-arm_20.2.5.LTS\lib\</path>
         <kind>archive</kind>
         <file>rtsv7M4_T_le_v4SPD16_eabi.lib</file>
         <name>printf.c.obj</name>
      </input_file>
      <input_file id="fl-cd">
         <path>C:\ti\ccs1040\ccs\tools\compiler\ti-cgt-arm_20.2.5.LTS\lib\</path>
         <kind>archive</kind>
         <file>rtsv7M4_T_le_v4SPD16_eabi.lib</file>
         <name>_printfi.c.obj</name>
      </input_file>
      <input_file id="fl-ce">
         <path>C:\ti\ccs1040\ccs\tools\compiler\ti-cgt-arm_20.2.5.LTS\lib\</path>
         <kind>archive</kind>
         <file>rtsv7M4_T_le_v4SPD16_eabi.lib</file>
         <name>fputc.c.obj</name>
      </input_file>
      <input_file id="fl-cf">
         <path>C:\ti\ccs1040\ccs\tools\compiler\ti-cgt-arm_20.2.5.LTS\lib\</path>
         <kind>archive</kind>
         <file>rtsv7M4_T_le_v4SPD16_eabi.lib</file>
         <name>fputs.c.obj</name>
      </input_file>
      <input_file id="fl-d0">
         <path>C:\ti\ccs1040\ccs\tools\compiler\ti-cgt-arm_20.2.5.LTS\lib\</path>
         <kind>archive</kind>
         <file>rtsv7M4_T_le_v4SPD16_eabi.lib</file>
         <name>_io_perm.c.obj</name>
      </input_file>
      <input_file id="fl-d1">
         <path>C:\ti\ccs1040\ccs\tools\compiler\ti-cgt-arm_20.2.5.LTS\lib\</path>
         <kind>archive</kind>
         <file>rtsv7M4_T_le_v4SPD16_eabi.lib</file>
         <name>setvbuf.c.obj</name>
      </input_file>
      <input_file id="fl-d2">
         <path>C:\ti\ccs1040\ccs\tools\compiler\ti-cgt-arm_20.2.5.LTS\lib\</path>
         <kind>archive</kind>
         <file>rtsv7M4_T_le_v4SPD16_eabi.lib</file>
         <name>s_frexp.c.obj</name>
      </input_file>
      <input_file id="fl-d3">
         <path>C:\ti\ccs1040\ccs\tools\compiler\ti-cgt-arm_20.2.5.LTS\lib\</path>
         <kind>archive</kind>
         <file>rtsv7M4_T_le_v4SPD16_eabi.lib</file>
         <name>s_scalbn.c.obj</name>
      </input_file>
      <input_file id="fl-d4">
         <path>C:\ti\ccs1040\ccs\tools\compiler\ti-cgt-arm_20.2.5.LTS\lib\</path>
         <kind>archive</kind>
         <file>rtsv7M4_T_le_v4SPD16_eabi.lib</file>
         <name>wcslen.c.obj</name>
      </input_file>
      <input_file id="fl-d5">
         <path>C:\ti\ccs1040\ccs\tools\compiler\ti-cgt-arm_20.2.5.LTS\lib\</path>
         <kind>archive</kind>
         <file>rtsv7M4_T_le_v4SPD16_eabi.lib</file>
         <name>fd_add_t2.asm.obj</name>
      </input_file>
      <input_file id="fl-d6">
         <path>C:\ti\ccs1040\ccs\tools\compiler\ti-cgt-arm_20.2.5.LTS\lib\</path>
         <kind>archive</kind>
         <file>rtsv7M4_T_le_v4SPD16_eabi.lib</file>
         <name>fd_cmp_t2.asm.obj</name>
      </input_file>
      <input_file id="fl-d7">
         <path>C:\ti\ccs1040\ccs\tools\compiler\ti-cgt-arm_20.2.5.LTS\lib\</path>
         <kind>archive</kind>
         <file>rtsv7M4_T_le_v4SPD16_eabi.lib</file>
         <name>fd_div_t2.asm.obj</name>
      </input_file>
      <input_file id="fl-d8">
         <path>C:\ti\ccs1040\ccs\tools\compiler\ti-cgt-arm_20.2.5.LTS\lib\</path>
         <kind>archive</kind>
         <file>rtsv7M4_T_le_v4SPD16_eabi.lib</file>
         <name>fd_mul_t2.asm.obj</name>
      </input_file>
      <input_file id="fl-d9">
         <path>C:\ti\ccs1040\ccs\tools\compiler\ti-cgt-arm_20.2.5.LTS\lib\</path>
         <kind>archive</kind>
         <file>rtsv7M4_T_le_v4SPD16_eabi.lib</file>
         <name>fd_toi_t2.asm.obj</name>
      </input_file>
      <input_file id="fl-da">
         <path>C:\ti\ccs1040\ccs\tools\compiler\ti-cgt-arm_20.2.5.LTS\lib\</path>
         <kind>archive</kind>
         <file>rtsv7M4_T_le_v4SPD16_eabi.lib</file>
         <name>fs_tod_t2.asm.obj</name>
      </input_file>
      <input_file id="fl-db">
         <path>C:\ti\ccs1040\ccs\tools\compiler\ti-cgt-arm_20.2.5.LTS\lib\</path>
         <kind>archive</kind>
         <file>rtsv7M4_T_le_v4SPD16_eabi.lib</file>
         <name>i_tofd_t2.asm.obj</name>
      </input_file>
      <input_file id="fl-dc">
         <path>C:\ti\ccs1040\ccs\tools\compiler\ti-cgt-arm_20.2.5.LTS\lib\</path>
         <kind>archive</kind>
         <file>rtsv7M4_T_le_v4SPD16_eabi.lib</file>
         <name>memcpy_t2.asm.obj</name>
      </input_file>
      <input_file id="fl-dd">
         <path>C:\ti\ccs1040\ccs\tools\compiler\ti-cgt-arm_20.2.5.LTS\lib\</path>
         <kind>archive</kind>
         <file>rtsv7M4_T_le_v4SPD16_eabi.lib</file>
         <name>ull_div_t2.asm.obj</name>
      </input_file>
      <input_file id="fl-de">
         <path>C:\ti\ccs1040\ccs\tools\compiler\ti-cgt-arm_20.2.5.LTS\lib\</path>
         <kind>archive</kind>
         <file>rtsv7M4_T_le_v4SPD16_eabi.lib</file>
         <name>memset_t2.asm.obj</name>
      </input_file>
      <input_file id="fl-df">
         <path>C:\ti\ccs1040\ccs\tools\compiler\ti-cgt-arm_20.2.5.LTS\lib\</path>
         <kind>archive</kind>
         <file>rtsv7M4_T_le_v4SPD16_eabi.lib</file>
         <name>copy_zero_init.c.obj</name>
      </input_file>
      <input_file id="fl-e0">
         <path>C:\ti\ccs1040\ccs\tools\compiler\ti-cgt-arm_20.2.5.LTS\lib\</path>
         <kind>archive</kind>
         <file>rtsv7M4_T_le_v4SPD16_eabi.lib</file>
         <name>copy_decompress_none.c.obj</name>
      </input_file>
      <input_file id="fl-e1">
         <path>C:\ti\ccs1040\ccs\tools\compiler\ti-cgt-arm_20.2.5.LTS\lib\</path>
         <kind>archive</kind>
         <file>rtsv7M4_T_le_v4SPD16_eabi.lib</file>
         <name>copy_decompress_lzss.c.obj</name>
      </input_file>
      <input_file id="fl-e2">
         <path>C:\ti\ccs1040\ccs\tools\compiler\ti-cgt-arm_20.2.5.LTS\lib\</path>
         <kind>archive</kind>
         <file>rtsv7M4_T_le_v4SPD16_eabi.lib</file>
         <name>exit.c.obj</name>
      </input_file>
      <input_file id="fl-e3">
         <path>C:\ti\ccs1040\ccs\tools\compiler\ti-cgt-arm_20.2.5.LTS\lib\</path>
         <kind>archive</kind>
         <file>rtsv7M4_T_le_v4SPD16_eabi.lib</file>
         <name>_lock.c.obj</name>
      </input_file>
      <input_file id="fl-e4">
         <path>C:\ti\ccs1040\ccs\tools\compiler\ti-cgt-arm_20.2.5.LTS\lib\</path>
         <kind>archive</kind>
         <file>rtsv7M4_T_le_v4SPD16_eabi.lib</file>
         <name>_ltoa.c.obj</name>
      </input_file>
      <input_file id="fl-e5">
         <path>C:\ti\ccs1040\ccs\tools\compiler\ti-cgt-arm_20.2.5.LTS\lib\</path>
         <kind>archive</kind>
         <file>rtsv7M4_T_le_v4SPD16_eabi.lib</file>
         <name>atoi.c.obj</name>
      </input_file>
      <input_file id="fl-e6">
         <path>C:\ti\ccs1040\ccs\tools\compiler\ti-cgt-arm_20.2.5.LTS\lib\</path>
         <kind>archive</kind>
         <file>rtsv7M4_T_le_v4SPD16_eabi.lib</file>
         <name>ctype.c.obj</name>
      </input_file>
      <input_file id="fl-e7">
         <path>C:\ti\ccs1040\ccs\tools\compiler\ti-cgt-arm_20.2.5.LTS\lib\</path>
         <kind>archive</kind>
         <file>rtsv7M4_T_le_v4SPD16_eabi.lib</file>
         <name>defs.c.obj</name>
      </input_file>
      <input_file id="fl-e8">
         <path>C:\ti\ccs1040\ccs\tools\compiler\ti-cgt-arm_20.2.5.LTS\lib\</path>
         <kind>archive</kind>
         <file>rtsv7M4_T_le_v4SPD16_eabi.lib</file>
         <name>ltoa.c.obj</name>
      </input_file>
      <input_file id="fl-e9">
         <path>C:\ti\ccs1040\ccs\tools\compiler\ti-cgt-arm_20.2.5.LTS\lib\</path>
         <kind>archive</kind>
         <file>rtsv7M4_T_le_v4SPD16_eabi.lib</file>
         <name>memccpy.c.obj</name>
      </input_file>
      <input_file id="fl-ea">
         <path>C:\ti\ccs1040\ccs\tools\compiler\ti-cgt-arm_20.2.5.LTS\lib\</path>
         <kind>archive</kind>
         <file>rtsv7M4_T_le_v4SPD16_eabi.lib</file>
         <name>memchr.c.obj</name>
      </input_file>
      <input_file id="fl-eb">
         <path>C:\ti\ccs1040\ccs\tools\compiler\ti-cgt-arm_20.2.5.LTS\lib\</path>
         <kind>archive</kind>
         <file>rtsv7M4_T_le_v4SPD16_eabi.lib</file>
         <name>memory.c.obj</name>
      </input_file>
      <input_file id="fl-ec">
         <path>C:\ti\ccs1040\ccs\tools\compiler\ti-cgt-arm_20.2.5.LTS\lib\</path>
         <kind>archive</kind>
         <file>rtsv7M4_T_le_v4SPD16_eabi.lib</file>
         <name>strchr.c.obj</name>
      </input_file>
      <input_file id="fl-ed">
         <path>C:\ti\ccs1040\ccs\tools\compiler\ti-cgt-arm_20.2.5.LTS\lib\</path>
         <kind>archive</kind>
         <file>rtsv7M4_T_le_v4SPD16_eabi.lib</file>
         <name>strcpy.c.obj</name>
      </input_file>
      <input_file id="fl-ee">
         <path>C:\ti\ccs1040\ccs\tools\compiler\ti-cgt-arm_20.2.5.LTS\lib\</path>
         <kind>archive</kind>
         <file>rtsv7M4_T_le_v4SPD16_eabi.lib</file>
         <name>strlen.c.obj</name>
      </input_file>
      <input_file id="fl-ef">
         <path>C:\ti\ccs1040\ccs\tools\compiler\ti-cgt-arm_20.2.5.LTS\lib\</path>
         <kind>archive</kind>
         <file>rtsv7M4_T_le_v4SPD16_eabi.lib</file>
         <name>strstr.c.obj</name>
      </input_file>
      <input_file id="fl-f0">
         <path>C:\ti\ccs1040\ccs\tools\compiler\ti-cgt-arm_20.2.5.LTS\lib\</path>
         <kind>archive</kind>
         <file>rtsv7M4_T_le_v4SPD16_eabi.lib</file>
         <name>errno.c.obj</name>
      </input_file>
      <input_file id="fl-f1">
         <path>C:\ti\ccs1040\ccs\tools\compiler\ti-cgt-arm_20.2.5.LTS\lib\</path>
         <kind>archive</kind>
         <file>rtsv7M4_T_le_v4SPD16_eabi.lib</file>
         <name>boot_cortex_m.c.obj</name>
      </input_file>
      <input_file id="fl-f2">
         <path>C:\ti\ccs1040\ccs\tools\compiler\ti-cgt-arm_20.2.5.LTS\lib\</path>
         <kind>archive</kind>
         <file>rtsv7M4_T_le_v4SPD16_eabi.lib</file>
         <name>write.c.obj</name>
      </input_file>
      <input_file id="fl-f3">
         <path>C:\ti\ccs1040\ccs\tools\compiler\ti-cgt-arm_20.2.5.LTS\lib\</path>
         <kind>archive</kind>
         <file>rtsv7M4_T_le_v4SPD16_eabi.lib</file>
         <name>host_device.c.obj</name>
      </input_file>
      <input_file id="fl-f4">
         <path>C:\ti\ccs1040\ccs\tools\compiler\ti-cgt-arm_20.2.5.LTS\lib\</path>
         <kind>archive</kind>
         <file>rtsv7M4_T_le_v4SPD16_eabi.lib</file>
         <name>fflush.c.obj</name>
      </input_file>
      <input_file id="fl-f5">
         <path>C:\ti\ccs1040\ccs\tools\compiler\ti-cgt-arm_20.2.5.LTS\lib\</path>
         <kind>archive</kind>
         <file>rtsv7M4_T_le_v4SPD16_eabi.lib</file>
         <name>fopen.c.obj</name>
      </input_file>
      <input_file id="fl-f6">
         <path>C:\ti\ccs1040\ccs\tools\compiler\ti-cgt-arm_20.2.5.LTS\lib\</path>
         <kind>archive</kind>
         <file>rtsv7M4_T_le_v4SPD16_eabi.lib</file>
         <name>fseek.c.obj</name>
      </input_file>
      <input_file id="fl-f7">
         <path>C:\ti\ccs1040\ccs\tools\compiler\ti-cgt-arm_20.2.5.LTS\lib\</path>
         <kind>archive</kind>
         <file>rtsv7M4_T_le_v4SPD16_eabi.lib</file>
         <name>s_copysign.c.obj</name>
      </input_file>
      <input_file id="fl-f8">
         <path>C:\ti\ccs1040\ccs\tools\compiler\ti-cgt-arm_20.2.5.LTS\lib\</path>
         <kind>archive</kind>
         <file>rtsv7M4_T_le_v4SPD16_eabi.lib</file>
         <name>div0.asm.obj</name>
      </input_file>
      <input_file id="fl-f9">
         <path>C:\ti\ccs1040\ccs\tools\compiler\ti-cgt-arm_20.2.5.LTS\lib\</path>
         <kind>archive</kind>
         <file>rtsv7M4_T_le_v4SPD16_eabi.lib</file>
         <name>autoinit.c.obj</name>
      </input_file>
      <input_file id="fl-fa">
         <path>C:\ti\ccs1040\ccs\tools\compiler\ti-cgt-arm_20.2.5.LTS\lib\</path>
         <kind>archive</kind>
         <file>rtsv7M4_T_le_v4SPD16_eabi.lib</file>
         <name>pre_init.c.obj</name>
      </input_file>
      <input_file id="fl-fb">
         <path>C:\ti\ccs1040\ccs\tools\compiler\ti-cgt-arm_20.2.5.LTS\lib\</path>
         <kind>archive</kind>
         <file>rtsv7M4_T_le_v4SPD16_eabi.lib</file>
         <name>cpy_tbl.c.obj</name>
      </input_file>
      <input_file id="fl-fc">
         <path>C:\ti\ccs1040\ccs\tools\compiler\ti-cgt-arm_20.2.5.LTS\lib\</path>
         <kind>archive</kind>
         <file>rtsv7M4_T_le_v4SPD16_eabi.lib</file>
         <name>args_main.c.obj</name>
      </input_file>
      <input_file id="fl-fd">
         <path>C:\ti\ccs1040\ccs\tools\compiler\ti-cgt-arm_20.2.5.LTS\lib\</path>
         <kind>archive</kind>
         <file>rtsv7M4_T_le_v4SPD16_eabi.lib</file>
         <name>hostclose.c.obj</name>
      </input_file>
      <input_file id="fl-fe">
         <path>C:\ti\ccs1040\ccs\tools\compiler\ti-cgt-arm_20.2.5.LTS\lib\</path>
         <kind>archive</kind>
         <file>rtsv7M4_T_le_v4SPD16_eabi.lib</file>
         <name>hostlseek.c.obj</name>
      </input_file>
      <input_file id="fl-ff">
         <path>C:\ti\ccs1040\ccs\tools\compiler\ti-cgt-arm_20.2.5.LTS\lib\</path>
         <kind>archive</kind>
         <file>rtsv7M4_T_le_v4SPD16_eabi.lib</file>
         <name>hostopen.c.obj</name>
      </input_file>
      <input_file id="fl-100">
         <path>C:\ti\ccs1040\ccs\tools\compiler\ti-cgt-arm_20.2.5.LTS\lib\</path>
         <kind>archive</kind>
         <file>rtsv7M4_T_le_v4SPD16_eabi.lib</file>
         <name>hostread.c.obj</name>
      </input_file>
      <input_file id="fl-101">
         <path>C:\ti\ccs1040\ccs\tools\compiler\ti-cgt-arm_20.2.5.LTS\lib\</path>
         <kind>archive</kind>
         <file>rtsv7M4_T_le_v4SPD16_eabi.lib</file>
         <name>hostrename.c.obj</name>
      </input_file>
      <input_file id="fl-102">
         <path>C:\ti\ccs1040\ccs\tools\compiler\ti-cgt-arm_20.2.5.LTS\lib\</path>
         <kind>archive</kind>
         <file>rtsv7M4_T_le_v4SPD16_eabi.lib</file>
         <name>hostunlink.c.obj</name>
      </input_file>
      <input_file id="fl-103">
         <path>C:\ti\ccs1040\ccs\tools\compiler\ti-cgt-arm_20.2.5.LTS\lib\</path>
         <kind>archive</kind>
         <file>rtsv7M4_T_le_v4SPD16_eabi.lib</file>
         <name>hostwrite.c.obj</name>
      </input_file>
      <input_file id="fl-104">
         <path>C:\ti\ccs1040\ccs\tools\compiler\ti-cgt-arm_20.2.5.LTS\lib\</path>
         <kind>archive</kind>
         <file>rtsv7M4_T_le_v4SPD16_eabi.lib</file>
         <name>trgmsg.c.obj</name>
      </input_file>
      <input_file id="fl-105">
         <path>C:\ti\ccs1040\ccs\tools\compiler\ti-cgt-arm_20.2.5.LTS\lib\</path>
         <kind>archive</kind>
         <file>rtsv7M4_T_le_v4SPD16_eabi.lib</file>
         <name>open.c.obj</name>
      </input_file>
      <input_file id="fl-106">
         <path>C:\ti\ccs1040\ccs\tools\compiler\ti-cgt-arm_20.2.5.LTS\lib\</path>
         <kind>archive</kind>
         <file>rtsv7M4_T_le_v4SPD16_eabi.lib</file>
         <name>lseek.c.obj</name>
      </input_file>
      <input_file id="fl-107">
         <path>C:\ti\ccs1040\ccs\tools\compiler\ti-cgt-arm_20.2.5.LTS\lib\</path>
         <kind>archive</kind>
         <file>rtsv7M4_T_le_v4SPD16_eabi.lib</file>
         <name>fclose.c.obj</name>
      </input_file>
      <input_file id="fl-108">
         <path>C:\ti\ccs1040\ccs\tools\compiler\ti-cgt-arm_20.2.5.LTS\lib\</path>
         <kind>archive</kind>
         <file>rtsv7M4_T_le_v4SPD16_eabi.lib</file>
         <name>getdevice.c.obj</name>
      </input_file>
      <input_file id="fl-109">
         <path>C:\ti\ccs1040\ccs\tools\compiler\ti-cgt-arm_20.2.5.LTS\lib\</path>
         <kind>archive</kind>
         <file>rtsv7M4_T_le_v4SPD16_eabi.lib</file>
         <name>strcmp.c.obj</name>
      </input_file>
      <input_file id="fl-10a">
         <path>C:\ti\ccs1040\ccs\tools\compiler\ti-cgt-arm_20.2.5.LTS\lib\</path>
         <kind>archive</kind>
         <file>rtsv7M4_T_le_v4SPD16_eabi.lib</file>
         <name>strncpy.c.obj</name>
      </input_file>
      <input_file id="fl-10b">
         <path>C:\ti\ccs1040\ccs\tools\compiler\ti-cgt-arm_20.2.5.LTS\lib\</path>
         <kind>archive</kind>
         <file>rtsv7M4_T_le_v4SPD16_eabi.lib</file>
         <name>remove.c.obj</name>
      </input_file>
      <input_file id="fl-10c">
         <path>C:\ti\ccs1040\ccs\tools\compiler\ti-cgt-arm_20.2.5.LTS\lib\</path>
         <kind>archive</kind>
         <file>rtsv7M4_T_le_v4SPD16_eabi.lib</file>
         <name>close.c.obj</name>
      </input_file>
      <input_file id="fl-10d">
         <path>C:\ti\ccs1040\ccs\tools\compiler\ti-cgt-arm_20.2.5.LTS\lib\</path>
         <kind>archive</kind>
         <file>rtsv7M4_T_le_v4SPD16_eabi.lib</file>
         <name>unlink.c.obj</name>
      </input_file>
   </input_file_list>
   <object_component_list>
      <object_component id="oc-26">
         <name>.intvecs:retain</name>
         <load_address>0x0</load_address>
         <run_address>0x0</run_address>
         <size>0xe4</size>
         <input_file_ref idref="fl-7"/>
      </object_component>
      <object_component id="oc-281">
         <name>.text:__TI_printfi</name>
         <load_address>0xe4</load_address>
         <run_address>0xe4</run_address>
         <size>0xa4e</size>
         <input_file_ref idref="fl-cd"/>
      </object_component>
      <object_component id="oc-70">
         <name>.text:Default_Handler</name>
         <load_address>0xb32</load_address>
         <run_address>0xb32</run_address>
         <size>0x2</size>
         <input_file_ref idref="fl-7"/>
      </object_component>
      <object_component id="oc-be">
         <name>.text:main</name>
         <load_address>0xb34</load_address>
         <run_address>0xb34</run_address>
         <size>0x714</size>
         <input_file_ref idref="fl-5"/>
      </object_component>
      <object_component id="oc-3b0">
         <name>.text:_pconv_a</name>
         <load_address>0x1248</load_address>
         <run_address>0x1248</run_address>
         <size>0x270</size>
         <input_file_ref idref="fl-cd"/>
      </object_component>
      <object_component id="oc-39e">
         <name>.text:_pconv_g</name>
         <load_address>0x14b8</load_address>
         <run_address>0x14b8</run_address>
         <size>0x1d0</size>
         <input_file_ref idref="fl-cd"/>
      </object_component>
      <object_component id="oc-47f">
         <name>.text</name>
         <load_address>0x1688</load_address>
         <run_address>0x1688</run_address>
         <size>0x1b6</size>
         <input_file_ref idref="fl-d5"/>
      </object_component>
      <object_component id="oc-3d4">
         <name>.text:_nop</name>
         <load_address>0x183e</load_address>
         <run_address>0x183e</run_address>
         <size>0x2</size>
         <input_file_ref idref="fl-e3"/>
      </object_component>
      <object_component id="oc-76">
         <name>.text:TA1_0_IRQHandler</name>
         <load_address>0x1840</load_address>
         <run_address>0x1840</run_address>
         <size>0x178</size>
         <input_file_ref idref="fl-5"/>
      </object_component>
      <object_component id="oc-338">
         <name>.text:UART_Printf</name>
         <load_address>0x19b8</load_address>
         <run_address>0x19b8</run_address>
         <size>0x158</size>
         <input_file_ref idref="fl-4"/>
      </object_component>
      <object_component id="oc-302">
         <name>.text:privateTimer_AProcessClockSourceDivider</name>
         <load_address>0x1b10</load_address>
         <run_address>0x1b10</run_address>
         <size>0x144</size>
         <input_file_ref idref="fl-14"/>
      </object_component>
      <object_component id="oc-428">
         <name>.text:UART_Read</name>
         <load_address>0x1c54</load_address>
         <run_address>0x1c54</run_address>
         <size>0x140</size>
         <input_file_ref idref="fl-4"/>
      </object_component>
      <object_component id="oc-3aa">
         <name>.text:_pconv_e</name>
         <load_address>0x1d94</load_address>
         <run_address>0x1d94</run_address>
         <size>0x13c</size>
         <input_file_ref idref="fl-cd"/>
      </object_component>
      <object_component id="oc-465">
         <name>.text</name>
         <load_address>0x1ed0</load_address>
         <run_address>0x1ed0</run_address>
         <size>0x136</size>
         <input_file_ref idref="fl-d7"/>
      </object_component>
      <object_component id="oc-50c">
         <name>.text</name>
         <load_address>0x2006</load_address>
         <run_address>0x2006</run_address>
         <size>0x2</size>
         <input_file_ref idref="fl-f8"/>
      </object_component>
      <object_component id="oc-491">
         <name>.text:fcvt</name>
         <load_address>0x2008</load_address>
         <run_address>0x2008</run_address>
         <size>0x124</size>
         <input_file_ref idref="fl-cd"/>
      </object_component>
      <object_component id="oc-1aa">
         <name>.text:UART_initModule</name>
         <load_address>0x212c</load_address>
         <run_address>0x212c</run_address>
         <size>0x11c</size>
         <input_file_ref idref="fl-15"/>
      </object_component>
      <object_component id="oc-3e2">
         <name>.text:fputs</name>
         <load_address>0x2248</load_address>
         <run_address>0x2248</run_address>
         <size>0x114</size>
         <input_file_ref idref="fl-cf"/>
      </object_component>
      <object_component id="oc-4a5">
         <name>.text:scalbn</name>
         <load_address>0x235c</load_address>
         <run_address>0x235c</run_address>
         <size>0x110</size>
         <input_file_ref idref="fl-d3"/>
      </object_component>
      <object_component id="oc-5b9">
         <name>.text:aligned_alloc</name>
         <load_address>0x246c</load_address>
         <run_address>0x246c</run_address>
         <size>0x100</size>
         <input_file_ref idref="fl-eb"/>
      </object_component>
      <object_component id="oc-460">
         <name>.text</name>
         <load_address>0x256c</load_address>
         <run_address>0x256c</run_address>
         <size>0xfc</size>
         <input_file_ref idref="fl-d8"/>
      </object_component>
      <object_component id="oc-16e">
         <name>.text:CAR_SetState</name>
         <load_address>0x2668</load_address>
         <run_address>0x2668</run_address>
         <size>0xf0</size>
         <input_file_ref idref="fl-5"/>
      </object_component>
      <object_component id="oc-577">
         <name>.text:free</name>
         <load_address>0x2758</load_address>
         <run_address>0x2758</run_address>
         <size>0xe4</size>
         <input_file_ref idref="fl-eb"/>
      </object_component>
      <object_component id="oc-547">
         <name>.text:setvbuf</name>
         <load_address>0x283c</load_address>
         <run_address>0x283c</run_address>
         <size>0xdc</size>
         <input_file_ref idref="fl-d1"/>
      </object_component>
      <object_component id="oc-1f2">
         <name>.text:ESP8266_EstablishConnection</name>
         <load_address>0x2918</load_address>
         <run_address>0x2918</run_address>
         <size>0xc0</size>
         <input_file_ref idref="fl-2"/>
      </object_component>
      <object_component id="oc-1bc">
         <name>.text:MSPrintf</name>
         <load_address>0x29d8</load_address>
         <run_address>0x29d8</run_address>
         <size>0xba</size>
         <input_file_ref idref="fl-3"/>
      </object_component>
      <object_component id="oc-393">
         <name>.text:_ltostr</name>
         <load_address>0x2a94</load_address>
         <run_address>0x2a94</run_address>
         <size>0xb1</size>
         <input_file_ref idref="fl-cd"/>
      </object_component>
      <object_component id="oc-1f8">
         <name>.text:ESP8266_SendData</name>
         <load_address>0x2b48</load_address>
         <run_address>0x2b48</run_address>
         <size>0xb0</size>
         <input_file_ref idref="fl-2"/>
      </object_component>
      <object_component id="oc-d8">
         <name>.text:SR04_GetDistance</name>
         <load_address>0x2bf8</load_address>
         <run_address>0x2bf8</run_address>
         <size>0xa8</size>
         <input_file_ref idref="fl-5"/>
      </object_component>
      <object_component id="oc-7c">
         <name>.text:EUSCIA0_IRQHandler</name>
         <load_address>0x2ca0</load_address>
         <run_address>0x2ca0</run_address>
         <size>0x9c</size>
         <input_file_ref idref="fl-4"/>
      </object_component>
      <object_component id="oc-3a">
         <name>.text</name>
         <load_address>0x2d3c</load_address>
         <run_address>0x2d3c</run_address>
         <size>0x9c</size>
         <input_file_ref idref="fl-dc"/>
      </object_component>
      <object_component id="oc-459">
         <name>.text</name>
         <load_address>0x2dd8</load_address>
         <run_address>0x2dd8</run_address>
         <size>0x96</size>
         <input_file_ref idref="fl-dd"/>
      </object_component>
      <object_component id="oc-33e">
         <name>.text:ESP8266_WaitForAnswer</name>
         <load_address>0x2e70</load_address>
         <run_address>0x2e70</run_address>
         <size>0x8c</size>
         <input_file_ref idref="fl-2"/>
      </object_component>
      <object_component id="oc-82">
         <name>.text:EUSCIA2_IRQHandler</name>
         <load_address>0x2efc</load_address>
         <run_address>0x2efc</run_address>
         <size>0x8c</size>
         <input_file_ref idref="fl-4"/>
      </object_component>
      <object_component id="oc-32d">
         <name>.text:PrintInteger</name>
         <load_address>0x2f88</load_address>
         <run_address>0x2f88</run_address>
         <size>0x8c</size>
         <input_file_ref idref="fl-3"/>
      </object_component>
      <object_component id="oc-3e9">
         <name>.text:fputc</name>
         <load_address>0x3014</load_address>
         <run_address>0x3014</run_address>
         <size>0x8c</size>
         <input_file_ref idref="fl-ce"/>
      </object_component>
      <object_component id="oc-2f8">
         <name>.text:GPIO_setAsPeripheralModuleFunctionOutputPin</name>
         <load_address>0x30a0</load_address>
         <run_address>0x30a0</run_address>
         <size>0x88</size>
         <input_file_ref idref="fl-12"/>
      </object_component>
      <object_component id="oc-399">
         <name>.text:__aeabi_cdcmple</name>
         <load_address>0x3128</load_address>
         <run_address>0x3128</run_address>
         <size>0x86</size>
         <input_file_ref idref="fl-d6"/>
      </object_component>
      <object_component id="oc-46a">
         <name>.text:__aeabi_cdrcmple</name>
         <load_address>0x31ae</load_address>
         <run_address>0x31ae</run_address>
         <size>0x86</size>
         <input_file_ref idref="fl-d6"/>
      </object_component>
      <object_component id="oc-1b0">
         <name>.text:Interrupt_enableInterrupt</name>
         <load_address>0x3234</load_address>
         <run_address>0x3234</run_address>
         <size>0x80</size>
         <input_file_ref idref="fl-13"/>
      </object_component>
      <object_component id="oc-1ec">
         <name>.text:ESP8266_ConnectToAP</name>
         <load_address>0x32b4</load_address>
         <run_address>0x32b4</run_address>
         <size>0x7c</size>
         <input_file_ref idref="fl-2"/>
      </object_component>
      <object_component id="oc-b2">
         <name>.text</name>
         <load_address>0x3330</load_address>
         <run_address>0x3330</run_address>
         <size>0x7a</size>
         <input_file_ref idref="fl-de"/>
      </object_component>
      <object_component id="oc-d0">
         <name>.text:SystemInit</name>
         <load_address>0x33ac</load_address>
         <run_address>0x33ac</run_address>
         <size>0x78</size>
         <input_file_ref idref="fl-6"/>
      </object_component>
      <object_component id="oc-1da">
         <name>.text:ESP8266_SetSoftAP</name>
         <load_address>0x3424</load_address>
         <run_address>0x3424</run_address>
         <size>0x74</size>
         <input_file_ref idref="fl-2"/>
      </object_component>
      <object_component id="oc-10d">
         <name>.text:PID_Controller</name>
         <load_address>0x3498</load_address>
         <run_address>0x3498</run_address>
         <size>0x74</size>
         <input_file_ref idref="fl-5"/>
      </object_component>
      <object_component id="oc-2a0">
         <name>.text:Timer_A_generatePWM</name>
         <load_address>0x350c</load_address>
         <run_address>0x350c</run_address>
         <size>0x74</size>
         <input_file_ref idref="fl-14"/>
      </object_component>
      <object_component id="oc-5c0">
         <name>.text:__TI_closefile</name>
         <load_address>0x3580</load_address>
         <run_address>0x3580</run_address>
         <size>0x74</size>
         <input_file_ref idref="fl-107"/>
      </object_component>
      <object_component id="oc-601">
         <name>.text:split</name>
         <load_address>0x35f4</load_address>
         <run_address>0x35f4</run_address>
         <size>0x70</size>
         <input_file_ref idref="fl-eb"/>
      </object_component>
      <object_component id="oc-48a">
         <name>.text:_mcpy</name>
         <load_address>0x3664</load_address>
         <run_address>0x3664</run_address>
         <size>0x6e</size>
         <input_file_ref idref="fl-cd"/>
      </object_component>
      <object_component id="oc-34a">
         <name>.text:ltoa</name>
         <load_address>0x36d4</load_address>
         <run_address>0x36d4</run_address>
         <size>0x6e</size>
         <input_file_ref idref="fl-e8"/>
      </object_component>
      <object_component id="oc-5f0">
         <name>.text:HOSTrename</name>
         <load_address>0x3744</load_address>
         <run_address>0x3744</run_address>
         <size>0x6c</size>
         <input_file_ref idref="fl-101"/>
      </object_component>
      <object_component id="oc-5e4">
         <name>.text:HOSTlseek</name>
         <load_address>0x37b0</load_address>
         <run_address>0x37b0</run_address>
         <size>0x68</size>
         <input_file_ref idref="fl-fe"/>
      </object_component>
      <object_component id="oc-18c">
         <name>.text:Timer_A_configureUpMode</name>
         <load_address>0x3818</load_address>
         <run_address>0x3818</run_address>
         <size>0x68</size>
         <input_file_ref idref="fl-14"/>
      </object_component>
      <object_component id="oc-17">
         <name>.text:decompress:lzss:__TI_decompress_lzss</name>
         <load_address>0x3880</load_address>
         <run_address>0x3880</run_address>
         <size>0x68</size>
         <input_file_ref idref="fl-e1"/>
      </object_component>
      <object_component id="oc-e9">
         <name>.text:printf</name>
         <load_address>0x38e8</load_address>
         <run_address>0x38e8</run_address>
         <size>0x68</size>
         <input_file_ref idref="fl-cc"/>
      </object_component>
      <object_component id="oc-122">
         <name>.text:UART_getEnabledInterruptStatus</name>
         <load_address>0x3950</load_address>
         <run_address>0x3950</run_address>
         <size>0x64</size>
         <input_file_ref idref="fl-15"/>
      </object_component>
      <object_component id="oc-49f">
         <name>.text:frexp</name>
         <load_address>0x39b4</load_address>
         <run_address>0x39b4</run_address>
         <size>0x64</size>
         <input_file_ref idref="fl-d2"/>
      </object_component>
      <object_component id="oc-541">
         <name>.text:fseek</name>
         <load_address>0x3a18</load_address>
         <run_address>0x3a18</run_address>
         <size>0x64</size>
         <input_file_ref idref="fl-f6"/>
      </object_component>
      <object_component id="oc-4d6">
         <name>.text:__TI_wrt_ok</name>
         <load_address>0x3a7c</load_address>
         <run_address>0x3a7c</run_address>
         <size>0x62</size>
         <input_file_ref idref="fl-d0"/>
      </object_component>
      <object_component id="oc-5cc">
         <name>.text:HOSTopen</name>
         <load_address>0x3ae0</load_address>
         <run_address>0x3ae0</run_address>
         <size>0x60</size>
         <input_file_ref idref="fl-ff"/>
      </object_component>
      <object_component id="oc-2b4">
         <name>.text:CAR_GeneratePWM</name>
         <load_address>0x3b40</load_address>
         <run_address>0x3b40</run_address>
         <size>0x5c</size>
         <input_file_ref idref="fl-5"/>
      </object_component>
      <object_component id="oc-17a">
         <name>.text:CAR_InitializeRightMotor</name>
         <load_address>0x3b9c</load_address>
         <run_address>0x3b9c</run_address>
         <size>0x5c</size>
         <input_file_ref idref="fl-5"/>
      </object_component>
      <object_component id="oc-608">
         <name>.text:close</name>
         <load_address>0x3bf8</load_address>
         <run_address>0x3bf8</run_address>
         <size>0x5c</size>
         <input_file_ref idref="fl-10c"/>
      </object_component>
      <object_component id="oc-174">
         <name>.text:CAR_InitializeLeftMotor</name>
         <load_address>0x3c54</load_address>
         <run_address>0x3c54</run_address>
         <size>0x58</size>
         <input_file_ref idref="fl-5"/>
      </object_component>
      <object_component id="oc-1a4">
         <name>.text:GPIO_setAsInputPinWithPullDownResistor</name>
         <load_address>0x3cac</load_address>
         <run_address>0x3cac</run_address>
         <size>0x58</size>
         <input_file_ref idref="fl-12"/>
      </object_component>
      <object_component id="oc-180">
         <name>.text:GPIO_setAsInputPinWithPullUpResistor</name>
         <load_address>0x3d04</load_address>
         <run_address>0x3d04</run_address>
         <size>0x58</size>
         <input_file_ref idref="fl-12"/>
      </object_component>
      <object_component id="oc-5d8">
         <name>.text:HOSTread</name>
         <load_address>0x3d5c</load_address>
         <run_address>0x3d5c</run_address>
         <size>0x58</size>
         <input_file_ref idref="fl-100"/>
      </object_component>
      <object_component id="oc-5de">
         <name>.text:HOSTwrite</name>
         <load_address>0x3db4</load_address>
         <run_address>0x3db4</run_address>
         <size>0x58</size>
         <input_file_ref idref="fl-103"/>
      </object_component>
      <object_component id="oc-3a4">
         <name>.text:_pconv_f</name>
         <load_address>0x3e0c</load_address>
         <run_address>0x3e0c</run_address>
         <size>0x56</size>
         <input_file_ref idref="fl-cd"/>
      </object_component>
      <object_component id="oc-1d4">
         <name>.text:ESP8266_ChangeMode3</name>
         <load_address>0x3e64</load_address>
         <run_address>0x3e64</run_address>
         <size>0x54</size>
         <input_file_ref idref="fl-2"/>
      </object_component>
      <object_component id="oc-1e6">
         <name>.text:ESP8266_MultiMode</name>
         <load_address>0x3eb8</load_address>
         <run_address>0x3eb8</run_address>
         <size>0x54</size>
         <input_file_ref idref="fl-2"/>
      </object_component>
      <object_component id="oc-474">
         <name>.text:__TI_ltoa</name>
         <load_address>0x3f0c</load_address>
         <run_address>0x3f0c</run_address>
         <size>0x54</size>
         <input_file_ref idref="fl-e4"/>
      </object_component>
      <object_component id="oc-484">
         <name>.text:_ecpy</name>
         <load_address>0x3f60</load_address>
         <run_address>0x3f60</run_address>
         <size>0x52</size>
         <input_file_ref idref="fl-cd"/>
      </object_component>
      <object_component id="oc-ef">
         <name>.text:CAR_Stop</name>
         <load_address>0x3fb4</load_address>
         <run_address>0x3fb4</run_address>
         <size>0x50</size>
         <input_file_ref idref="fl-5"/>
      </object_component>
      <object_component id="oc-20a">
         <name>.text:CAR_TurnLeft</name>
         <load_address>0x4004</load_address>
         <run_address>0x4004</run_address>
         <size>0x50</size>
         <input_file_ref idref="fl-5"/>
      </object_component>
      <object_component id="oc-210">
         <name>.text:CAR_TurnRight</name>
         <load_address>0x4054</load_address>
         <run_address>0x4054</run_address>
         <size>0x50</size>
         <input_file_ref idref="fl-5"/>
      </object_component>
      <object_component id="oc-1e0">
         <name>.text:ESP8266_CheckConnection</name>
         <load_address>0x40a4</load_address>
         <run_address>0x40a4</run_address>
         <size>0x4c</size>
         <input_file_ref idref="fl-2"/>
      </object_component>
      <object_component id="oc-26b">
         <name>.text:Timer_A_getCounterValue</name>
         <load_address>0x40f0</load_address>
         <run_address>0x40f0</run_address>
         <size>0x4c</size>
         <input_file_ref idref="fl-14"/>
      </object_component>
      <object_component id="oc-4e2">
         <name>.text:__TI_doflush</name>
         <load_address>0x413c</load_address>
         <run_address>0x413c</run_address>
         <size>0x4c</size>
         <input_file_ref idref="fl-f4"/>
      </object_component>
      <object_component id="oc-38d">
         <name>.text:atoi</name>
         <load_address>0x4188</load_address>
         <run_address>0x4188</run_address>
         <size>0x4c</size>
         <input_file_ref idref="fl-e5"/>
      </object_component>
      <object_component id="oc-8e">
         <name>.text:PORT6_IRQHandler</name>
         <load_address>0x41d4</load_address>
         <run_address>0x41d4</run_address>
         <size>0x48</size>
         <input_file_ref idref="fl-5"/>
      </object_component>
      <object_component id="oc-1ce">
         <name>.text:UART_Flush</name>
         <load_address>0x421c</load_address>
         <run_address>0x421c</run_address>
         <size>0x48</size>
         <input_file_ref idref="fl-4"/>
      </object_component>
      <object_component id="oc-226">
         <name>.text:exit</name>
         <load_address>0x4264</load_address>
         <run_address>0x4264</run_address>
         <size>0x48</size>
         <input_file_ref idref="fl-e2"/>
      </object_component>
      <object_component id="oc-46f">
         <name>.text</name>
         <load_address>0x42ac</load_address>
         <run_address>0x42ac</run_address>
         <size>0x48</size>
         <input_file_ref idref="fl-d9"/>
      </object_component>
      <object_component id="oc-5d2">
         <name>.text:HOSTclose</name>
         <load_address>0x42f4</load_address>
         <run_address>0x42f4</run_address>
         <size>0x44</size>
         <input_file_ref idref="fl-fd"/>
      </object_component>
      <object_component id="oc-5ea">
         <name>.text:HOSTunlink</name>
         <load_address>0x4338</load_address>
         <run_address>0x4338</run_address>
         <size>0x44</size>
         <input_file_ref idref="fl-102"/>
      </object_component>
      <object_component id="oc-22c">
         <name>.text:__TI_auto_init_nobinit_nopinit:__TI_auto_init_nobinit_nopinit</name>
         <load_address>0x437c</load_address>
         <run_address>0x437c</run_address>
         <size>0x44</size>
         <input_file_ref idref="fl-f9"/>
      </object_component>
      <object_component id="oc-63a">
         <name>.text:getdevice</name>
         <load_address>0x43c0</load_address>
         <run_address>0x43c0</run_address>
         <size>0x44</size>
         <input_file_ref idref="fl-108"/>
      </object_component>
      <object_component id="oc-19e">
         <name>.text:GPIO_setAsOutputPin</name>
         <load_address>0x4404</load_address>
         <run_address>0x4404</run_address>
         <size>0x40</size>
         <input_file_ref idref="fl-12"/>
      </object_component>
      <object_component id="oc-31b">
         <name>.text:UART_Write</name>
         <load_address>0x4444</load_address>
         <run_address>0x4444</run_address>
         <size>0x40</size>
         <input_file_ref idref="fl-4"/>
      </object_component>
      <object_component id="oc-497">
         <name>.text:_fcpy</name>
         <load_address>0x4484</load_address>
         <run_address>0x4484</run_address>
         <size>0x3e</size>
         <input_file_ref idref="fl-cd"/>
      </object_component>
      <object_component id="oc-619">
         <name>.text:__TI_writemsg</name>
         <load_address>0x44c4</load_address>
         <run_address>0x44c4</run_address>
         <size>0x38</size>
         <input_file_ref idref="fl-104"/>
      </object_component>
      <object_component id="oc-e4">
         <name>.text</name>
         <load_address>0x44fc</load_address>
         <run_address>0x44fc</run_address>
         <size>0x38</size>
         <input_file_ref idref="fl-da"/>
      </object_component>
      <object_component id="oc-65a">
         <name>.text:strncpy</name>
         <load_address>0x4534</load_address>
         <run_address>0x4534</run_address>
         <size>0x36</size>
         <input_file_ref idref="fl-10a"/>
      </object_component>
      <object_component id="oc-1c8">
         <name>.text:ESP8266_HardReset</name>
         <load_address>0x456c</load_address>
         <run_address>0x456c</run_address>
         <size>0x34</size>
         <input_file_ref idref="fl-2"/>
      </object_component>
      <object_component id="oc-583">
         <name>.text:__TI_cleanup</name>
         <load_address>0x45a0</load_address>
         <run_address>0x45a0</run_address>
         <size>0x34</size>
         <input_file_ref idref="fl-f5"/>
      </object_component>
      <object_component id="oc-61f">
         <name>.text:__TI_readmsg</name>
         <load_address>0x45d4</load_address>
         <run_address>0x45d4</run_address>
         <size>0x34</size>
         <input_file_ref idref="fl-104"/>
      </object_component>
      <object_component id="oc-58">
         <name>.text:_c_int00_noargs:_c_int00_noargs</name>
         <load_address>0x4608</load_address>
         <run_address>0x4608</run_address>
         <size>0x34</size>
         <input_file_ref idref="fl-f1"/>
      </object_component>
      <object_component id="oc-201">
         <name>.text:strstr</name>
         <load_address>0x463c</load_address>
         <run_address>0x463c</run_address>
         <size>0x34</size>
         <input_file_ref idref="fl-ef"/>
      </object_component>
      <object_component id="oc-13d">
         <name>.text:CAR_Forward</name>
         <load_address>0x4670</load_address>
         <run_address>0x4670</run_address>
         <size>0x30</size>
         <input_file_ref idref="fl-5"/>
      </object_component>
      <object_component id="oc-265">
         <name>.text:GPIO_getInputPinValue</name>
         <load_address>0x46a0</load_address>
         <run_address>0x46a0</run_address>
         <size>0x30</size>
         <input_file_ref idref="fl-12"/>
      </object_component>
      <object_component id="oc-660">
         <name>.text:finddevice</name>
         <load_address>0x46d0</load_address>
         <run_address>0x46d0</run_address>
         <size>0x30</size>
         <input_file_ref idref="fl-108"/>
      </object_component>
      <object_component id="oc-47a">
         <name>.text</name>
         <load_address>0x4700</load_address>
         <run_address>0x4700</run_address>
         <size>0x2e</size>
         <input_file_ref idref="fl-db"/>
      </object_component>
      <object_component id="oc-113">
         <name>.text:Timer_A_clearCaptureCompareInterrupt</name>
         <load_address>0x4730</load_address>
         <run_address>0x4730</run_address>
         <size>0x2c</size>
         <input_file_ref idref="fl-14"/>
      </object_component>
      <object_component id="oc-60e">
         <name>.text:unlink</name>
         <load_address>0x475c</load_address>
         <run_address>0x475c</run_address>
         <size>0x2c</size>
         <input_file_ref idref="fl-10d"/>
      </object_component>
      <object_component id="oc-143">
         <name>.text:GPIO_clearInterruptFlag</name>
         <load_address>0x4788</load_address>
         <run_address>0x4788</run_address>
         <size>0x28</size>
         <input_file_ref idref="fl-12"/>
      </object_component>
      <object_component id="oc-186">
         <name>.text:GPIO_enableInterrupt</name>
         <load_address>0x47b0</load_address>
         <run_address>0x47b0</run_address>
         <size>0x28</size>
         <input_file_ref idref="fl-12"/>
      </object_component>
      <object_component id="oc-de">
         <name>.text:GPIO_setOutputHighOnPin</name>
         <load_address>0x47d8</load_address>
         <run_address>0x47d8</run_address>
         <size>0x28</size>
         <input_file_ref idref="fl-12"/>
      </object_component>
      <object_component id="oc-f5">
         <name>.text:GPIO_setOutputLowOnPin</name>
         <load_address>0x4800</load_address>
         <run_address>0x4800</run_address>
         <size>0x28</size>
         <input_file_ref idref="fl-12"/>
      </object_component>
      <object_component id="oc-88">
         <name>.text:PORT1_IRQHandler</name>
         <load_address>0x4828</load_address>
         <run_address>0x4828</run_address>
         <size>0x28</size>
         <input_file_ref idref="fl-5"/>
      </object_component>
      <object_component id="oc-5b2">
         <name>.text:free_list_insert</name>
         <load_address>0x4850</load_address>
         <run_address>0x4850</run_address>
         <size>0x28</size>
         <input_file_ref idref="fl-eb"/>
      </object_component>
      <object_component id="oc-56f">
         <name>.text:lseek</name>
         <load_address>0x4878</load_address>
         <run_address>0x4878</run_address>
         <size>0x28</size>
         <input_file_ref idref="fl-106"/>
      </object_component>
      <object_component id="oc-4e8">
         <name>.text:write</name>
         <load_address>0x48a0</load_address>
         <run_address>0x48a0</run_address>
         <size>0x28</size>
         <input_file_ref idref="fl-f2"/>
      </object_component>
      <object_component id="oc-101">
         <name>.text:CalculateDistanceTraveled</name>
         <load_address>0x48c8</load_address>
         <run_address>0x48c8</run_address>
         <size>0x24</size>
         <input_file_ref idref="fl-5"/>
      </object_component>
      <object_component id="oc-25f">
         <name>.text:Delay</name>
         <load_address>0x48ec</load_address>
         <run_address>0x48ec</run_address>
         <size>0x24</size>
         <input_file_ref idref="fl-5"/>
      </object_component>
      <object_component id="oc-327">
         <name>.text:PrintString</name>
         <load_address>0x4910</load_address>
         <run_address>0x4910</run_address>
         <size>0x22</size>
         <input_file_ref idref="fl-3"/>
      </object_component>
      <object_component id="oc-107">
         <name>.text:CalculateSpeed</name>
         <load_address>0x4932</load_address>
         <run_address>0x4932</run_address>
         <size>0x20</size>
         <input_file_ref idref="fl-5"/>
      </object_component>
      <object_component id="oc-4dc">
         <name>.text:memchr</name>
         <load_address>0x4952</load_address>
         <run_address>0x4952</run_address>
         <size>0x20</size>
         <input_file_ref idref="fl-ea"/>
      </object_component>
      <object_component id="oc-5ac">
         <name>.text:free_list_remove</name>
         <load_address>0x4974</load_address>
         <run_address>0x4974</run_address>
         <size>0x1c</size>
         <input_file_ref idref="fl-eb"/>
      </object_component>
      <object_component id="oc-3b6">
         <name>.text:memccpy</name>
         <load_address>0x4990</load_address>
         <run_address>0x4990</run_address>
         <size>0x1c</size>
         <input_file_ref idref="fl-e9"/>
      </object_component>
      <object_component id="oc-525">
         <name>.text:copysign</name>
         <load_address>0x49ac</load_address>
         <run_address>0x49ac</run_address>
         <size>0x1a</size>
         <input_file_ref idref="fl-f7"/>
      </object_component>
      <object_component id="oc-fb">
         <name>.text:CalculateAverageNotches</name>
         <load_address>0x49c6</load_address>
         <run_address>0x49c6</run_address>
         <size>0x18</size>
         <input_file_ref idref="fl-5"/>
      </object_component>
      <object_component id="oc-192">
         <name>.text:Timer_A_clearTimer</name>
         <load_address>0x49e0</load_address>
         <run_address>0x49e0</run_address>
         <size>0x18</size>
         <input_file_ref idref="fl-14"/>
      </object_component>
      <object_component id="oc-2be">
         <name>.text:UART_getInterruptStatus</name>
         <load_address>0x49f8</load_address>
         <run_address>0x49f8</run_address>
         <size>0x18</size>
         <input_file_ref idref="fl-15"/>
      </object_component>
      <object_component id="oc-675">
         <name>.text:strcmp</name>
         <load_address>0x4a10</load_address>
         <run_address>0x4a10</run_address>
         <size>0x18</size>
         <input_file_ref idref="fl-109"/>
      </object_component>
      <object_component id="oc-198">
         <name>.text:Timer_A_startCounter</name>
         <load_address>0x4a28</load_address>
         <run_address>0x4a28</run_address>
         <size>0x16</size>
         <input_file_ref idref="fl-14"/>
      </object_component>
      <object_component id="oc-4ab">
         <name>.text:strchr</name>
         <load_address>0x4a3e</load_address>
         <run_address>0x4a3e</run_address>
         <size>0x16</size>
         <input_file_ref idref="fl-ec"/>
      </object_component>
      <object_component id="oc-321">
         <name>.text:PrintChar</name>
         <load_address>0x4a54</load_address>
         <run_address>0x4a54</run_address>
         <size>0x14</size>
         <input_file_ref idref="fl-3"/>
      </object_component>
      <object_component id="oc-42f">
         <name>.text:strcpy</name>
         <load_address>0x4a68</load_address>
         <run_address>0x4a68</run_address>
         <size>0x14</size>
         <input_file_ref idref="fl-ed"/>
      </object_component>
      <object_component id="oc-387">
         <name>.text:strlen</name>
         <load_address>0x4a7c</load_address>
         <run_address>0x4a7c</run_address>
         <size>0x14</size>
         <input_file_ref idref="fl-ee"/>
      </object_component>
      <object_component id="oc-3bc">
         <name>.text:wcslen</name>
         <load_address>0x4a90</load_address>
         <run_address>0x4a90</run_address>
         <size>0x12</size>
         <input_file_ref idref="fl-d4"/>
      </object_component>
      <object_component id="oc-1b6">
         <name>.text:Interrupt_enableMaster</name>
         <load_address>0x4aa2</load_address>
         <run_address>0x4aa2</run_address>
         <size>0x10</size>
         <input_file_ref idref="fl-13"/>
      </object_component>
      <object_component id="oc-1d">
         <name>.text:decompress:none:__TI_decompress_none</name>
         <load_address>0x4ab2</load_address>
         <run_address>0x4ab2</run_address>
         <size>0xe</size>
         <input_file_ref idref="fl-e0"/>
      </object_component>
      <object_component id="oc-314">
         <name>.text:CPU_cpsie</name>
         <load_address>0x4ac0</load_address>
         <run_address>0x4ac0</run_address>
         <size>0xc</size>
         <input_file_ref idref="fl-16"/>
      </object_component>
      <object_component id="oc-6a">
         <name>.text:Reset_Handler</name>
         <load_address>0x4acc</load_address>
         <run_address>0x4acc</run_address>
         <size>0xc</size>
         <input_file_ref idref="fl-7"/>
      </object_component>
      <object_component id="oc-4c">
         <name>.text:decompress:ZI:__TI_zero_init</name>
         <load_address>0x4ad8</load_address>
         <run_address>0x4ad8</run_address>
         <size>0xc</size>
         <input_file_ref idref="fl-df"/>
      </object_component>
      <object_component id="oc-1c2">
         <name>.text:ESP8266_GetBuffer</name>
         <load_address>0x4ae4</load_address>
         <run_address>0x4ae4</run_address>
         <size>0x8</size>
         <input_file_ref idref="fl-2"/>
      </object_component>
      <object_component id="oc-3c2">
         <name>.text:__aeabi_errno_addr</name>
         <load_address>0x4aec</load_address>
         <run_address>0x4aec</run_address>
         <size>0x8</size>
         <input_file_ref idref="fl-f0"/>
      </object_component>
      <object_component id="oc-57d">
         <name>.text:malloc</name>
         <load_address>0x4af4</load_address>
         <run_address>0x4af4</run_address>
         <size>0x8</size>
         <input_file_ref idref="fl-eb"/>
      </object_component>
      <object_component id="oc-293">
         <name>.text:_outc</name>
         <load_address>0x4afc</load_address>
         <run_address>0x4afc</run_address>
         <size>0x4</size>
         <input_file_ref idref="fl-cc"/>
      </object_component>
      <object_component id="oc-28d">
         <name>.text:_outs</name>
         <load_address>0x4b00</load_address>
         <run_address>0x4b00</run_address>
         <size>0x4</size>
         <input_file_ref idref="fl-cc"/>
      </object_component>
      <object_component id="oc-b8">
         <name>.text:_system_pre_init</name>
         <load_address>0x4b04</load_address>
         <run_address>0x4b04</run_address>
         <size>0x4</size>
         <input_file_ref idref="fl-fa"/>
      </object_component>
      <object_component id="oc-220">
         <name>.text:abort:abort</name>
         <load_address>0x4b08</load_address>
         <run_address>0x4b08</run_address>
         <size>0x4</size>
         <input_file_ref idref="fl-e2"/>
      </object_component>
      <object_component id="oc-454">
         <name>.const:.string:_ctypes_</name>
         <load_address>0x4b0c</load_address>
         <run_address>0x4b0c</run_address>
         <size>0x101</size>
         <input_file_ref idref="fl-e6"/>
      </object_component>
      <object_component id="oc-219">
         <name>.const:.string:$P$T1$2</name>
         <load_address>0x4c0d</load_address>
         <run_address>0x4c0d</run_address>
         <size>0x3</size>
         <input_file_ref idref="fl-5"/>
      </object_component>
      <object_component id="oc-272">
         <name>.const:GPIO_PORT_TO_BASE</name>
         <load_address>0x4c10</load_address>
         <run_address>0x4c10</run_address>
         <size>0x30</size>
         <input_file_ref idref="fl-12"/>
      </object_component>
      <object_component id="oc-21c">
         <name>.const:.string:$P$T2$3</name>
         <load_address>0x4c40</load_address>
         <run_address>0x4c40</run_address>
         <size>0x23</size>
         <input_file_ref idref="fl-5"/>
      </object_component>
      <object_component id="oc-1fe">
         <name>.const:upConfig</name>
         <load_address>0x4c64</load_address>
         <run_address>0x4c64</run_address>
         <size>0x18</size>
         <input_file_ref idref="fl-5"/>
      </object_component>
      <object_component id="oc-216">
         <name>.const:.string:$P$T0$1</name>
         <load_address>0x4c7c</load_address>
         <run_address>0x4c7c</run_address>
         <size>0xf</size>
         <input_file_ref idref="fl-5"/>
      </object_component>
      <object_component id="oc-310">
         <name>.const:g_pulEnRegs</name>
         <load_address>0x4c8c</load_address>
         <run_address>0x4c8c</run_address>
         <size>0x8</size>
         <input_file_ref idref="fl-13"/>
      </object_component>
      <object_component id="oc-2af">
         <name>.const</name>
         <load_address>0x4c94</load_address>
         <run_address>0x4c94</run_address>
         <size>0x8</size>
         <input_file_ref idref="fl-5"/>
      </object_component>
      <object_component id="oc-6b5">
         <name>.cinit..data.load</name>
         <load_address>0x4ca0</load_address>
         <run_address>0x4ca0</run_address>
         <size>0x8e</size>
      </object_component>
      <object_component id="oc-6b3">
         <name>__TI_handler_table</name>
         <load_address>0x4d30</load_address>
         <run_address>0x4d30</run_address>
         <size>0xc</size>
      </object_component>
      <object_component id="oc-6b6">
         <name>.cinit..bss.load</name>
         <load_address>0x4d40</load_address>
         <run_address>0x4d40</run_address>
         <size>0x8</size>
      </object_component>
      <object_component id="oc-6b4">
         <name>__TI_cinit_table</name>
         <load_address>0x4d48</load_address>
         <run_address>0x4d48</run_address>
         <size>0x10</size>
      </object_component>
      <object_component id="oc-687">
         <name>.binit</name>
         <load_address>0x0</load_address>
         <run_address>0x0</run_address>
         <size>0x0</size>
      </object_component>
      <object_component id="oc-119">
         <name>.data</name>
         <load_address>0x200023b8</load_address>
         <run_address>0x200023b8</run_address>
         <size>0x18</size>
         <input_file_ref idref="fl-5"/>
      </object_component>
      <object_component id="oc-2a6">
         <name>.data:pwmConfigLeft</name>
         <load_address>0x200023d0</load_address>
         <run_address>0x200023d0</run_address>
         <size>0x18</size>
         <input_file_ref idref="fl-5"/>
      </object_component>
      <object_component id="oc-2a9">
         <name>.data:pwmConfigRight</name>
         <load_address>0x200023e8</load_address>
         <run_address>0x200023e8</run_address>
         <size>0x18</size>
         <input_file_ref idref="fl-5"/>
      </object_component>
      <object_component id="oc-207">
         <name>.data:UARTConfig</name>
         <load_address>0x20002390</load_address>
         <run_address>0x20002390</run_address>
         <size>0x28</size>
         <input_file_ref idref="fl-5"/>
      </object_component>
      <object_component id="oc-360">
         <name>.data:$O1$$</name>
         <load_address>0x20002410</load_address>
         <run_address>0x20002410</run_address>
         <size>0xc</size>
         <input_file_ref idref="fl-e2"/>
      </object_component>
      <object_component id="oc-287">
         <name>.data:$O1$$</name>
         <load_address>0x2000241c</load_address>
         <run_address>0x2000241c</run_address>
         <size>0x8</size>
         <input_file_ref idref="fl-e3"/>
      </object_component>
      <object_component id="oc-28a">
         <name>.data:_ftable</name>
         <load_address>0x200021d8</load_address>
         <run_address>0x200021d8</run_address>
         <size>0xf0</size>
         <input_file_ref idref="fl-e7"/>
      </object_component>
      <object_component id="oc-5c6">
         <name>.data</name>
         <load_address>0x20002400</load_address>
         <run_address>0x20002400</run_address>
         <size>0x10</size>
         <input_file_ref idref="fl-e7"/>
      </object_component>
      <object_component id="oc-5fc">
         <name>.data:$O1$$</name>
         <load_address>0x20002424</load_address>
         <run_address>0x20002424</run_address>
         <size>0x8</size>
         <input_file_ref idref="fl-eb"/>
      </object_component>
      <object_component id="oc-4bb">
         <name>.data</name>
         <load_address>0x2000242c</load_address>
         <run_address>0x2000242c</run_address>
         <size>0x4</size>
         <input_file_ref idref="fl-f0"/>
      </object_component>
      <object_component id="oc-596">
         <name>.data:_device</name>
         <load_address>0x200022c8</load_address>
         <run_address>0x200022c8</run_address>
         <size>0x78</size>
         <input_file_ref idref="fl-f3"/>
      </object_component>
      <object_component id="oc-553">
         <name>.data:_stream</name>
         <load_address>0x20002340</load_address>
         <run_address>0x20002340</run_address>
         <size>0x50</size>
         <input_file_ref idref="fl-f3"/>
      </object_component>
      <object_component id="oc-644">
         <name>.bss:_CIOBUF_</name>
         <uninitialized>true</uninitialized>
         <run_address>0x20001800</run_address>
         <size>0x120</size>
         <input_file_ref idref="fl-104"/>
      </object_component>
      <object_component id="oc-132">
         <name>.common:UARTA0Data</name>
         <uninitialized>true</uninitialized>
         <run_address>0x20000800</run_address>
         <size>0x800</size>
      </object_component>
      <object_component id="oc-131">
         <name>.common:UARTA0ReadIndex</name>
         <uninitialized>true</uninitialized>
         <run_address>0x200019c8</run_address>
         <size>0x4</size>
      </object_component>
      <object_component id="oc-128">
         <name>.common:UARTA0WriteIndex</name>
         <uninitialized>true</uninitialized>
         <run_address>0x200019cc</run_address>
         <size>0x4</size>
      </object_component>
      <object_component id="oc-13b">
         <name>.common:UARTA2Data</name>
         <uninitialized>true</uninitialized>
         <run_address>0x20001000</run_address>
         <size>0x800</size>
      </object_component>
      <object_component id="oc-13a">
         <name>.common:UARTA2ReadIndex</name>
         <uninitialized>true</uninitialized>
         <run_address>0x200019d0</run_address>
         <size>0x4</size>
      </object_component>
      <object_component id="oc-139">
         <name>.common:UARTA2WriteIndex</name>
         <uninitialized>true</uninitialized>
         <run_address>0x200019d4</run_address>
         <size>0x4</size>
      </object_component>
      <object_component id="oc-334">
         <name>.common:ESP8266_Buffer</name>
         <uninitialized>true</uninitialized>
         <run_address>0x20000000</run_address>
         <size>0x800</size>
      </object_component>
      <object_component id="oc-614">
         <name>.common:__TI_tmpnams</name>
         <uninitialized>true</uninitialized>
         <run_address>0x20001920</run_address>
         <size>0xa0</size>
      </object_component>
      <object_component id="oc-625">
         <name>.common:parmbuf</name>
         <uninitialized>true</uninitialized>
         <run_address>0x200019c0</run_address>
         <size>0x8</size>
      </object_component>
      <object_component id="oc-29">
         <name>.sysmem</name>
         <uninitialized>true</uninitialized>
         <run_address>0x200019d8</run_address>
         <size>0x10</size>
         <input_file_ref idref="fl-eb"/>
      </object_component>
      <object_component id="oc-6b9">
         <name>.sysmem</name>
         <uninitialized>true</uninitialized>
         <run_address>0x200019d8</run_address>
         <size>0x0</size>
      </object_component>
      <object_component id="oc-2c">
         <name>.stack</name>
         <uninitialized>true</uninitialized>
         <run_address>0x2000fe00</run_address>
         <size>0x4</size>
         <input_file_ref idref="fl-f1"/>
      </object_component>
      <object_component id="oc-6b8">
         <name>.stack</name>
         <uninitialized>true</uninitialized>
         <run_address>0x2000fe00</run_address>
         <size>0x0</size>
      </object_component>
      <object_component id="oc-129">
         <name>.debug_info</name>
         <load_address>0x0</load_address>
         <run_address>0x0</run_address>
         <size>0x7f8</size>
         <input_file_ref idref="fl-2"/>
      </object_component>
      <object_component id="oc-33f">
         <name>.debug_info</name>
         <load_address>0x7f8</load_address>
         <run_address>0x7f8</run_address>
         <size>0x172</size>
         <input_file_ref idref="fl-2"/>
      </object_component>
      <object_component id="oc-1e1">
         <name>.debug_info</name>
         <load_address>0x96a</load_address>
         <run_address>0x96a</run_address>
         <size>0x162</size>
         <input_file_ref idref="fl-2"/>
      </object_component>
      <object_component id="oc-1d5">
         <name>.debug_info</name>
         <load_address>0xacc</load_address>
         <run_address>0xacc</run_address>
         <size>0x15a</size>
         <input_file_ref idref="fl-2"/>
      </object_component>
      <object_component id="oc-1db">
         <name>.debug_info</name>
         <load_address>0xc26</load_address>
         <run_address>0xc26</run_address>
         <size>0x156</size>
         <input_file_ref idref="fl-2"/>
      </object_component>
      <object_component id="oc-1ed">
         <name>.debug_info</name>
         <load_address>0xd7c</load_address>
         <run_address>0xd7c</run_address>
         <size>0x1b0</size>
         <input_file_ref idref="fl-2"/>
      </object_component>
      <object_component id="oc-1e8">
         <name>.debug_info</name>
         <load_address>0xf2c</load_address>
         <run_address>0xf2c</run_address>
         <size>0x156</size>
         <input_file_ref idref="fl-2"/>
      </object_component>
      <object_component id="oc-1f4">
         <name>.debug_info</name>
         <load_address>0x1082</load_address>
         <run_address>0x1082</run_address>
         <size>0x205</size>
         <input_file_ref idref="fl-2"/>
      </object_component>
      <object_component id="oc-1fa">
         <name>.debug_info</name>
         <load_address>0x1287</load_address>
         <run_address>0x1287</run_address>
         <size>0x21e</size>
         <input_file_ref idref="fl-2"/>
      </object_component>
      <object_component id="oc-1c4">
         <name>.debug_info</name>
         <load_address>0x14a5</load_address>
         <run_address>0x14a5</run_address>
         <size>0x11e</size>
         <input_file_ref idref="fl-2"/>
      </object_component>
      <object_component id="oc-1c9">
         <name>.debug_info</name>
         <load_address>0x15c3</load_address>
         <run_address>0x15c3</run_address>
         <size>0x128</size>
         <input_file_ref idref="fl-2"/>
      </object_component>
      <object_component id="oc-14d">
         <name>.debug_info</name>
         <load_address>0x16eb</load_address>
         <run_address>0x16eb</run_address>
         <size>0x26b</size>
         <input_file_ref idref="fl-2"/>
      </object_component>
      <object_component id="oc-2cc">
         <name>.debug_info</name>
         <load_address>0x1956</load_address>
         <run_address>0x1956</run_address>
         <size>0x1028</size>
         <input_file_ref idref="fl-2"/>
      </object_component>
      <object_component id="oc-2c7">
         <name>.debug_info</name>
         <load_address>0x297e</load_address>
         <run_address>0x297e</run_address>
         <size>0x37e2</size>
         <input_file_ref idref="fl-2"/>
      </object_component>
      <object_component id="oc-2e6">
         <name>.debug_info</name>
         <load_address>0x6160</load_address>
         <run_address>0x6160</run_address>
         <size>0x341</size>
         <input_file_ref idref="fl-2"/>
      </object_component>
      <object_component id="oc-11d">
         <name>.debug_info</name>
         <load_address>0x64a1</load_address>
         <run_address>0x64a1</run_address>
         <size>0x8b</size>
         <input_file_ref idref="fl-2"/>
      </object_component>
      <object_component id="oc-2f0">
         <name>.debug_info</name>
         <load_address>0x652c</load_address>
         <run_address>0x652c</run_address>
         <size>0x2a4</size>
         <input_file_ref idref="fl-2"/>
      </object_component>
      <object_component id="oc-2da">
         <name>.debug_info</name>
         <load_address>0x67d0</load_address>
         <run_address>0x67d0</run_address>
         <size>0xef</size>
         <input_file_ref idref="fl-2"/>
      </object_component>
      <object_component id="oc-134">
         <name>.debug_info</name>
         <load_address>0x68bf</load_address>
         <run_address>0x68bf</run_address>
         <size>0xbb</size>
         <input_file_ref idref="fl-2"/>
      </object_component>
      <object_component id="oc-165">
         <name>.debug_info</name>
         <load_address>0x697a</load_address>
         <run_address>0x697a</run_address>
         <size>0x2c</size>
         <input_file_ref idref="fl-2"/>
      </object_component>
      <object_component id="oc-29b">
         <name>.debug_info</name>
         <load_address>0x69a6</load_address>
         <run_address>0x69a6</run_address>
         <size>0x2c</size>
         <input_file_ref idref="fl-2"/>
      </object_component>
      <object_component id="oc-2eb">
         <name>.debug_info</name>
         <load_address>0x69d2</load_address>
         <run_address>0x69d2</run_address>
         <size>0x102</size>
         <input_file_ref idref="fl-2"/>
      </object_component>
      <object_component id="oc-2d1">
         <name>.debug_info</name>
         <load_address>0x6ad4</load_address>
         <run_address>0x6ad4</run_address>
         <size>0x35</size>
         <input_file_ref idref="fl-2"/>
      </object_component>
      <object_component id="oc-12b">
         <name>.debug_info</name>
         <load_address>0x6b09</load_address>
         <run_address>0x6b09</run_address>
         <size>0x6dc</size>
         <input_file_ref idref="fl-3"/>
      </object_component>
      <object_component id="oc-322">
         <name>.debug_info</name>
         <load_address>0x71e5</load_address>
         <run_address>0x71e5</run_address>
         <size>0x14c</size>
         <input_file_ref idref="fl-3"/>
      </object_component>
      <object_component id="oc-328">
         <name>.debug_info</name>
         <load_address>0x7331</load_address>
         <run_address>0x7331</run_address>
         <size>0x163</size>
         <input_file_ref idref="fl-3"/>
      </object_component>
      <object_component id="oc-32e">
         <name>.debug_info</name>
         <load_address>0x7494</load_address>
         <run_address>0x7494</run_address>
         <size>0x1b5</size>
         <input_file_ref idref="fl-3"/>
      </object_component>
      <object_component id="oc-1bd">
         <name>.debug_info</name>
         <load_address>0x7649</load_address>
         <run_address>0x7649</run_address>
         <size>0x1a5</size>
         <input_file_ref idref="fl-3"/>
      </object_component>
      <object_component id="oc-35">
         <name>.debug_info</name>
         <load_address>0x77ee</load_address>
         <run_address>0x77ee</run_address>
         <size>0x84</size>
         <input_file_ref idref="fl-3"/>
      </object_component>
      <object_component id="oc-12d">
         <name>.debug_info</name>
         <load_address>0x7872</load_address>
         <run_address>0x7872</run_address>
         <size>0x6d3</size>
         <input_file_ref idref="fl-4"/>
      </object_component>
      <object_component id="oc-31d">
         <name>.debug_info</name>
         <load_address>0x7f45</load_address>
         <run_address>0x7f45</run_address>
         <size>0x191</size>
         <input_file_ref idref="fl-4"/>
      </object_component>
      <object_component id="oc-429">
         <name>.debug_info</name>
         <load_address>0x80d6</load_address>
         <run_address>0x80d6</run_address>
         <size>0x21a</size>
         <input_file_ref idref="fl-4"/>
      </object_component>
      <object_component id="oc-33a">
         <name>.debug_info</name>
         <load_address>0x82f0</load_address>
         <run_address>0x82f0</run_address>
         <size>0x249</size>
         <input_file_ref idref="fl-4"/>
      </object_component>
      <object_component id="oc-1d0">
         <name>.debug_info</name>
         <load_address>0x8539</load_address>
         <run_address>0x8539</run_address>
         <size>0x138</size>
         <input_file_ref idref="fl-4"/>
      </object_component>
      <object_component id="oc-7d">
         <name>.debug_info</name>
         <load_address>0x8671</load_address>
         <run_address>0x8671</run_address>
         <size>0x1a7</size>
         <input_file_ref idref="fl-4"/>
      </object_component>
      <object_component id="oc-84">
         <name>.debug_info</name>
         <load_address>0x8818</load_address>
         <run_address>0x8818</run_address>
         <size>0x1a1</size>
         <input_file_ref idref="fl-4"/>
      </object_component>
      <object_component id="oc-12f">
         <name>.debug_info</name>
         <load_address>0x89b9</load_address>
         <run_address>0x89b9</run_address>
         <size>0xecc</size>
         <input_file_ref idref="fl-5"/>
      </object_component>
      <object_component id="oc-11a">
         <name>.debug_info</name>
         <load_address>0x9885</load_address>
         <run_address>0x9885</run_address>
         <size>0x1d7</size>
         <input_file_ref idref="fl-5"/>
      </object_component>
      <object_component id="oc-2b0">
         <name>.debug_info</name>
         <load_address>0x9a5c</load_address>
         <run_address>0x9a5c</run_address>
         <size>0x109</size>
         <input_file_ref idref="fl-5"/>
      </object_component>
      <object_component id="oc-2a7">
         <name>.debug_info</name>
         <load_address>0x9b65</load_address>
         <run_address>0x9b65</run_address>
         <size>0xdc</size>
         <input_file_ref idref="fl-5"/>
      </object_component>
      <object_component id="oc-2aa">
         <name>.debug_info</name>
         <load_address>0x9c41</load_address>
         <run_address>0x9c41</run_address>
         <size>0xde</size>
         <input_file_ref idref="fl-5"/>
      </object_component>
      <object_component id="oc-1ff">
         <name>.debug_info</name>
         <load_address>0x9d1f</load_address>
         <run_address>0x9d1f</run_address>
         <size>0xd2</size>
         <input_file_ref idref="fl-5"/>
      </object_component>
      <object_component id="oc-208">
         <name>.debug_info</name>
         <load_address>0x9df1</load_address>
         <run_address>0x9df1</run_address>
         <size>0xd6</size>
         <input_file_ref idref="fl-5"/>
      </object_component>
      <object_component id="oc-217">
         <name>.debug_info</name>
         <load_address>0x9ec7</load_address>
         <run_address>0x9ec7</run_address>
         <size>0xd0</size>
         <input_file_ref idref="fl-5"/>
      </object_component>
      <object_component id="oc-21a">
         <name>.debug_info</name>
         <load_address>0x9f97</load_address>
         <run_address>0x9f97</run_address>
         <size>0xd0</size>
         <input_file_ref idref="fl-5"/>
      </object_component>
      <object_component id="oc-21d">
         <name>.debug_info</name>
         <load_address>0xa067</load_address>
         <run_address>0xa067</run_address>
         <size>0xd0</size>
         <input_file_ref idref="fl-5"/>
      </object_component>
      <object_component id="oc-fc">
         <name>.debug_info</name>
         <load_address>0xa137</load_address>
         <run_address>0xa137</run_address>
         <size>0x172</size>
         <input_file_ref idref="fl-5"/>
      </object_component>
      <object_component id="oc-102">
         <name>.debug_info</name>
         <load_address>0xa2a9</load_address>
         <run_address>0xa2a9</run_address>
         <size>0x16f</size>
         <input_file_ref idref="fl-5"/>
      </object_component>
      <object_component id="oc-108">
         <name>.debug_info</name>
         <load_address>0xa418</load_address>
         <run_address>0xa418</run_address>
         <size>0x16d</size>
         <input_file_ref idref="fl-5"/>
      </object_component>
      <object_component id="oc-260">
         <name>.debug_info</name>
         <load_address>0xa585</load_address>
         <run_address>0xa585</run_address>
         <size>0x133</size>
         <input_file_ref idref="fl-5"/>
      </object_component>
      <object_component id="oc-16f">
         <name>.debug_info</name>
         <load_address>0xa6b8</load_address>
         <run_address>0xa6b8</run_address>
         <size>0x190</size>
         <input_file_ref idref="fl-5"/>
      </object_component>
      <object_component id="oc-175">
         <name>.debug_info</name>
         <load_address>0xa848</load_address>
         <run_address>0xa848</run_address>
         <size>0x1d2</size>
         <input_file_ref idref="fl-5"/>
      </object_component>
      <object_component id="oc-17b">
         <name>.debug_info</name>
         <load_address>0xaa1a</load_address>
         <run_address>0xaa1a</run_address>
         <size>0x1d4</size>
         <input_file_ref idref="fl-5"/>
      </object_component>
      <object_component id="oc-2b5">
         <name>.debug_info</name>
         <load_address>0xabee</load_address>
         <run_address>0xabee</run_address>
         <size>0x162</size>
         <input_file_ref idref="fl-5"/>
[...]
         <object_component_ref idref="oc-47f"/>
      </symbol>
      <symbol id="sm-7c9">
         <name>__aeabi_cdcmpeq</name>
         <value>0x3129</value>
         <object_component_ref idref="oc-399"/>
      </symbol>
      <symbol id="sm-7ca">
         <name>__aeabi_cdcmple</name>
         <value>0x3129</value>
         <object_component_ref idref="oc-399"/>
      </symbol>
      <symbol id="sm-7cb">
         <name>__aeabi_cdrcmple</name>
         <value>0x31af</value>
         <object_component_ref idref="oc-46a"/>
      </symbol>
      <symbol id="sm-7df">
         <name>__aeabi_ddiv</name>
         <value>0x1ed1</value>
         <object_component_ref idref="oc-465"/>
      </symbol>
      <symbol id="sm-7ea">
         <name>__aeabi_dmul</name>
         <value>0x256d</value>
         <object_component_ref idref="oc-460"/>
      </symbol>
      <symbol id="sm-7f4">
         <name>__aeabi_d2iz</name>
         <value>0x42ad</value>
         <object_component_ref idref="oc-46f"/>
      </symbol>
      <symbol id="sm-7ff">
         <name>__aeabi_f2d</name>
         <value>0x44fd</value>
         <object_component_ref idref="oc-e4"/>
      </symbol>
      <symbol id="sm-809">
         <name>__aeabi_i2d</name>
         <value>0x4701</value>
         <object_component_ref idref="oc-47a"/>
      </symbol>
      <symbol id="sm-824">
         <name>memcpy</name>
         <value>0x2d3d</value>
         <object_component_ref idref="oc-3a"/>
      </symbol>
      <symbol id="sm-825">
         <name>__aeabi_memcpy</name>
         <value>0x2d3d</value>
         <object_component_ref idref="oc-3a"/>
      </symbol>
      <symbol id="sm-826">
         <name>__aeabi_memcpy8</name>
         <value>0x2d3d</value>
         <object_component_ref idref="oc-3a"/>
      </symbol>
      <symbol id="sm-827">
         <name>__aeabi_memcpy4</name>
         <value>0x2d3d</value>
         <object_component_ref idref="oc-3a"/>
      </symbol>
      <symbol id="sm-834">
         <name>__aeabi_uldivmod</name>
         <value>0x2dd9</value>
         <object_component_ref idref="oc-459"/>
      </symbol>
      <symbol id="sm-843">
         <name>__aeabi_memset</name>
         <value>0x3333</value>
         <object_component_ref idref="oc-b2"/>
      </symbol>
      <symbol id="sm-844">
         <name>memset</name>
         <value>0x3339</value>
         <object_component_ref idref="oc-b2"/>
      </symbol>
      <symbol id="sm-845">
         <name>__aeabi_memset8</name>
         <value>0x3333</value>
         <object_component_ref idref="oc-b2"/>
      </symbol>
      <symbol id="sm-846">
         <name>__aeabi_memset4</name>
         <value>0x3333</value>
         <object_component_ref idref="oc-b2"/>
      </symbol>
      <symbol id="sm-847">
         <name>__aeabi_memclr8</name>
         <value>0x3331</value>
         <object_component_ref idref="oc-b2"/>
      </symbol>
      <symbol id="sm-848">
         <name>__aeabi_memclr4</name>
         <value>0x3331</value>
         <object_component_ref idref="oc-b2"/>
      </symbol>
      <symbol id="sm-849">
         <name>__aeabi_memclr</name>
         <value>0x3331</value>
         <object_component_ref idref="oc-b2"/>
      </symbol>
      <symbol id="sm-85b">
         <name>__TI_zero_init</name>
         <value>0x4ad9</value>
         <object_component_ref idref="oc-4c"/>
      </symbol>
      <symbol id="sm-872">
         <name>__TI_decompress_none</name>
         <value>0x4ab3</value>
         <object_component_ref idref="oc-1d"/>
      </symbol>
      <symbol id="sm-895">
         <name>__TI_decompress_lzss</name>
         <value>0x3881</value>
         <object_component_ref idref="oc-17"/>
      </symbol>
      <symbol id="sm-8bb">
         <name>C$$EXIT</name>
         <value>0x4b09</value>
         <object_component_ref idref="oc-220"/>
      </symbol>
      <symbol id="sm-8bc">
         <name>abort</name>
         <value>0x4b09</value>
         <object_component_ref idref="oc-220"/>
      </symbol>
      <symbol id="sm-8bd">
         <name>__TI_dtors_ptr</name>
         <value>0x20002414</value>
         <object_component_ref idref="oc-360"/>
      </symbol>
      <symbol id="sm-8be">
         <name>__TI_cleanup_ptr</name>
         <value>0x20002410</value>
         <object_component_ref idref="oc-360"/>
      </symbol>
      <symbol id="sm-8bf">
         <name>__TI_enable_exit_profile_output</name>
         <value>0x20002418</value>
         <object_component_ref idref="oc-360"/>
      </symbol>
      <symbol id="sm-8c0">
         <name>exit</name>
         <value>0x4265</value>
         <object_component_ref idref="oc-226"/>
      </symbol>
      <symbol id="sm-8d5">
         <name>_nop</name>
         <value>0x183f</value>
         <object_component_ref idref="oc-3d4"/>
      </symbol>
      <symbol id="sm-8d6">
         <name>_lock</name>
         <value>0x2000241c</value>
         <object_component_ref idref="oc-287"/>
      </symbol>
      <symbol id="sm-8d7">
         <name>_unlock</name>
         <value>0x20002420</value>
         <object_component_ref idref="oc-287"/>
      </symbol>
      <symbol id="sm-8e6">
         <name>__TI_ltoa</name>
         <value>0x3f0d</value>
         <object_component_ref idref="oc-474"/>
      </symbol>
      <symbol id="sm-8fc">
         <name>atoi</name>
         <value>0x4189</value>
         <object_component_ref idref="oc-38d"/>
      </symbol>
      <symbol id="sm-907">
         <name>_ctypes_</name>
         <value>0x4b0c</value>
         <object_component_ref idref="oc-454"/>
      </symbol>
      <symbol id="sm-91c">
         <name>__TI_tmpnams</name>
         <value>0x20001920</value>
      </symbol>
      <symbol id="sm-91d">
         <name>__aeabi_stdout</name>
         <value>0x20002408</value>
         <object_component_ref idref="oc-5c6"/>
      </symbol>
      <symbol id="sm-91e">
         <name>__aeabi_stderr</name>
         <value>0x2000240c</value>
         <object_component_ref idref="oc-5c6"/>
      </symbol>
      <symbol id="sm-91f">
         <name>__aeabi_stdin</name>
         <value>0x20002404</value>
         <object_component_ref idref="oc-5c6"/>
      </symbol>
      <symbol id="sm-920">
         <name>_ftable</name>
         <value>0x200021d8</value>
         <object_component_ref idref="oc-28a"/>
      </symbol>
      <symbol id="sm-921">
         <name>__TI_ft_end</name>
         <value>0x20002400</value>
         <object_component_ref idref="oc-5c6"/>
      </symbol>
      <symbol id="sm-932">
         <name>ltoa</name>
         <value>0x36d5</value>
         <object_component_ref idref="oc-34a"/>
      </symbol>
      <symbol id="sm-942">
         <name>memccpy</name>
         <value>0x4991</value>
         <object_component_ref idref="oc-3b6"/>
      </symbol>
      <symbol id="sm-952">
         <name>memchr</name>
         <value>0x4953</value>
         <object_component_ref idref="oc-4dc"/>
      </symbol>
      <symbol id="sm-9db">
         <name>_sys_memory</name>
         <value>0x200019d8</value>
         <object_component_ref idref="oc-29"/>
      </symbol>
      <symbol id="sm-9dc">
         <name>free</name>
         <value>0x2759</value>
         <object_component_ref idref="oc-577"/>
      </symbol>
      <symbol id="sm-9dd">
         <name>memalign</name>
         <value>0x246d</value>
         <object_component_ref idref="oc-5b9"/>
      </symbol>
      <symbol id="sm-9de">
         <name>malloc</name>
         <value>0x4af5</value>
         <object_component_ref idref="oc-57d"/>
      </symbol>
      <symbol id="sm-9df">
         <name>aligned_alloc</name>
         <value>0x246d</value>
         <object_component_ref idref="oc-5b9"/>
      </symbol>
      <symbol id="sm-9ef">
         <name>strchr</name>
         <value>0x4a3f</value>
         <object_component_ref idref="oc-4ab"/>
      </symbol>
      <symbol id="sm-9fd">
         <name>strcpy</name>
         <value>0x4a69</value>
         <object_component_ref idref="oc-42f"/>
      </symbol>
      <symbol id="sm-a0b">
         <name>strlen</name>
         <value>0x4a7d</value>
         <object_component_ref idref="oc-387"/>
      </symbol>
      <symbol id="sm-a1e">
         <name>strstr</name>
         <value>0x463d</value>
         <object_component_ref idref="oc-201"/>
      </symbol>
      <symbol id="sm-a34">
         <name>__aeabi_errno_addr</name>
         <value>0x4aed</value>
         <object_component_ref idref="oc-3c2"/>
      </symbol>
      <symbol id="sm-a35">
         <name>errno</name>
         <value>0x2000242c</value>
         <object_component_ref idref="oc-4bb"/>
      </symbol>
      <symbol id="sm-a48">
         <name>__stack</name>
         <value>0x2000fe00</value>
         <object_component_ref idref="oc-2c"/>
      </symbol>
      <symbol id="sm-a49">
         <name>_c_int00_noargs</name>
         <value>0x4609</value>
         <object_component_ref idref="oc-58"/>
      </symbol>
      <symbol id="sm-a63">
         <name>write</name>
         <value>0x48a1</value>
         <object_component_ref idref="oc-4e8"/>
      </symbol>
      <symbol id="sm-a74">
         <name>_stream</name>
         <value>0x20002340</value>
         <object_component_ref idref="oc-553"/>
      </symbol>
      <symbol id="sm-a75">
         <name>_device</name>
         <value>0x200022c8</value>
         <object_component_ref idref="oc-596"/>
      </symbol>
      <symbol id="sm-a85">
         <name>__TI_doflush</name>
         <value>0x413d</value>
         <object_component_ref idref="oc-4e2"/>
      </symbol>
      <symbol id="sm-a95">
         <name>__TI_cleanup</name>
         <value>0x45a1</value>
         <object_component_ref idref="oc-583"/>
      </symbol>
      <symbol id="sm-aa7">
         <name>fseek</name>
         <value>0x3a19</value>
         <object_component_ref idref="oc-541"/>
      </symbol>
      <symbol id="sm-ab1">
         <name>copysign</name>
         <value>0x49ad</value>
         <object_component_ref idref="oc-525"/>
      </symbol>
      <symbol id="sm-ab2">
         <name>copysignl</name>
         <value>0x49ad</value>
         <object_component_ref idref="oc-525"/>
      </symbol>
      <symbol id="sm-abc">
         <name>__aeabi_idiv0</name>
         <value>0x2007</value>
         <object_component_ref idref="oc-50c"/>
      </symbol>
      <symbol id="sm-abd">
         <name>__aeabi_ldiv0</name>
         <value>0x2007</value>
         <object_component_ref idref="oc-50c"/>
      </symbol>
      <symbol id="sm-ae5">
         <name>__TI_auto_init_nobinit_nopinit</name>
         <value>0x437d</value>
         <object_component_ref idref="oc-22c"/>
      </symbol>
      <symbol id="sm-aef">
         <name>_system_pre_init</name>
         <value>0x4b05</value>
         <object_component_ref idref="oc-b8"/>
      </symbol>
      <symbol id="sm-b02">
         <name>HOSTclose</name>
         <value>0x42f5</value>
         <object_component_ref idref="oc-5d2"/>
      </symbol>
      <symbol id="sm-b13">
         <name>HOSTlseek</name>
         <value>0x37b1</value>
         <object_component_ref idref="oc-5e4"/>
      </symbol>
      <symbol id="sm-b25">
         <name>parmbuf</name>
         <value>0x200019c0</value>
      </symbol>
      <symbol id="sm-b26">
         <name>HOSTopen</name>
         <value>0x3ae1</value>
         <object_component_ref idref="oc-5cc"/>
      </symbol>
      <symbol id="sm-b37">
         <name>HOSTread</name>
         <value>0x3d5d</value>
         <object_component_ref idref="oc-5d8"/>
      </symbol>
      <symbol id="sm-b48">
         <name>HOSTrename</name>
         <value>0x3745</value>
         <object_component_ref idref="oc-5f0"/>
      </symbol>
      <symbol id="sm-b59">
         <name>HOSTunlink</name>
         <value>0x4339</value>
         <object_component_ref idref="oc-5ea"/>
      </symbol>
      <symbol id="sm-b6a">
         <name>HOSTwrite</name>
         <value>0x3db5</value>
         <object_component_ref idref="oc-5de"/>
      </symbol>
      <symbol id="sm-b8e">
         <name>__TI_readmsg</name>
         <value>0x45d5</value>
         <object_component_ref idref="oc-61f"/>
      </symbol>
      <symbol id="sm-b8f">
         <name>C$$IO$$</name>
         <value>0x44f3</value>
         <object_component_ref idref="oc-619"/>
      </symbol>
      <symbol id="sm-b90">
         <name>__CIOBUF_</name>
         <value>0x20001800</value>
         <object_component_ref idref="oc-644"/>
      </symbol>
      <symbol id="sm-b91">
         <name>__TI_writemsg</name>
         <value>0x44c5</value>
         <object_component_ref idref="oc-619"/>
      </symbol>
      <symbol id="sm-ba2">
         <name>lseek</name>
         <value>0x4879</value>
         <object_component_ref idref="oc-56f"/>
      </symbol>
      <symbol id="sm-bb7">
         <name>__TI_closefile</name>
         <value>0x3581</value>
         <object_component_ref idref="oc-5c0"/>
      </symbol>
      <symbol id="sm-bda">
         <name>finddevice</name>
         <value>0x46d1</value>
         <object_component_ref idref="oc-660"/>
      </symbol>
      <symbol id="sm-bdb">
         <name>getdevice</name>
         <value>0x43c1</value>
         <object_component_ref idref="oc-63a"/>
      </symbol>
      <symbol id="sm-bea">
         <name>strcmp</name>
         <value>0x4a11</value>
         <object_component_ref idref="oc-675"/>
      </symbol>
      <symbol id="sm-bfa">
         <name>strncpy</name>
         <value>0x4535</value>
         <object_component_ref idref="oc-65a"/>
      </symbol>
      <symbol id="sm-c0f">
         <name>close</name>
         <value>0x3bf9</value>
         <object_component_ref idref="oc-608"/>
      </symbol>
      <symbol id="sm-c1f">
         <name>unlink</name>
         <value>0x475d</value>
         <object_component_ref idref="oc-60e"/>
      </symbol>
      <symbol id="sm-c20">
         <name>__TI_static_base__</name>
         <value>0x0</value>
      </symbol>
      <symbol id="sm-c23">
         <name>__mpu_init</name>
         <value>0x0</value>
      </symbol>
      <symbol id="sm-c24">
         <name>_system_post_cinit</name>
         <value>0x0</value>
      </symbol>
      <symbol id="sm-c25">
         <name>NMI_Handler</name>
         <value>0xb33</value>
      </symbol>
      <symbol id="sm-c26">
         <name>HardFault_Handler</name>
         <value>0xb33</value>
      </symbol>
      <symbol id="sm-c27">
         <name>MemManage_Handler</name>
         <value>0xb33</value>
      </symbol>
      <symbol id="sm-c28">
         <name>BusFault_Handler</name>
         <value>0xb33</value>
      </symbol>
      <symbol id="sm-c29">
         <name>UsageFault_Handler</name>
         <value>0xb33</value>
      </symbol>
      <symbol id="sm-c2a">
         <name>SVC_Handler</name>
         <value>0xb33</value>
      </symbol>
      <symbol id="sm-c2b">
         <name>DebugMon_Handler</name>
         <value>0xb33</value>
      </symbol>
      <symbol id="sm-c2c">
         <name>PendSV_Handler</name>
         <value>0xb33</value>
      </symbol>
      <symbol id="sm-c2d">
         <name>SysTick_Handler</name>
         <value>0xb33</value>
      </symbol>
      <symbol id="sm-c2e">
         <name>PSS_IRQHandler</name>
         <value>0xb33</value>
      </symbol>
      <symbol id="sm-c2f">
         <name>CS_IRQHandler</name>
         <value>0xb33</value>
      </symbol>
      <symbol id="sm-c30">
         <name>PCM_IRQHandler</name>
         <value>0xb33</value>
      </symbol>
      <symbol id="sm-c31">
         <name>WDT_A_IRQHandler</name>
         <value>0xb33</value>
      </symbol>
      <symbol id="sm-c32">
         <name>FPU_IRQHandler</name>
         <value>0xb33</value>
      </symbol>
      <symbol id="sm-c33">
         <name>FLCTL_IRQHandler</name>
         <value>0xb33</value>
      </symbol>
      <symbol id="sm-c34">
         <name>COMP_E0_IRQHandler</name>
         <value>0xb33</value>
      </symbol>
      <symbol id="sm-c35">
         <name>COMP_E1_IRQHandler</name>
         <value>0xb33</value>
      </symbol>
      <symbol id="sm-c36">
         <name>TA0_0_IRQHandler</name>
         <value>0xb33</value>
      </symbol>
      <symbol id="sm-c37">
         <name>TA0_N_IRQHandler</name>
         <value>0xb33</value>
      </symbol>
      <symbol id="sm-c38">
         <name>TA1_0_IRQHandler</name>
         <value>0x1841</value>
      </symbol>
      <symbol id="sm-c39">
         <name>TA1_N_IRQHandler</name>
         <value>0xb33</value>
      </symbol>
      <symbol id="sm-c3a">
         <name>TA2_0_IRQHandler</name>
         <value>0xb33</value>
      </symbol>
      <symbol id="sm-c3b">
         <name>TA2_N_IRQHandler</name>
         <value>0xb33</value>
      </symbol>
      <symbol id="sm-c3c">
         <name>TA3_0_IRQHandler</name>
         <value>0xb33</value>
      </symbol>
      <symbol id="sm-c3d">
         <name>TA3_N_IRQHandler</name>
         <value>0xb33</value>
      </symbol>
      <symbol id="sm-c3e">
         <name>EUSCIA0_IRQHandler</name>
         <value>0x2ca1</value>
      </symbol>
      <symbol id="sm-c3f">
         <name>EUSCIA1_IRQHandler</name>
         <value>0xb33</value>
      </symbol>
      <symbol id="sm-c40">
         <name>EUSCIA2_IRQHandler</name>
         <value>0x2efd</value>
      </symbol>
      <symbol id="sm-c41">
         <name>EUSCIA3_IRQHandler</name>
         <value>0xb33</value>
      </symbol>
      <symbol id="sm-c42">
         <name>EUSCIB0_IRQHandler</name>
         <value>0xb33</value>
      </symbol>
      <symbol id="sm-c43">
         <name>EUSCIB1_IRQHandler</name>
         <value>0xb33</value>
      </symbol>
      <symbol id="sm-c44">
         <name>EUSCIB2_IRQHandler</name>
         <value>0xb33</value>
      </symbol>
      <symbol id="sm-c45">
         <name>EUSCIB3_IRQHandler</name>
         <value>0xb33</value>
      </symbol>
      <symbol id="sm-c46">
         <name>ADC14_IRQHandler</name>
         <value>0xb33</value>
      </symbol>
      <symbol id="sm-c47">
         <name>T32_INT1_IRQHandler</name>
         <value>0xb33</value>
      </symbol>
      <symbol id="sm-c48">
         <name>T32_INT2_IRQHandler</name>
         <value>0xb33</value>
      </symbol>
      <symbol id="sm-c49">
         <name>T32_INTC_IRQHandler</name>
         <value>0xb33</value>
      </symbol>
      <symbol id="sm-c4a">
         <name>AES256_IRQHandler</name>
         <value>0xb33</value>
      </symbol>
      <symbol id="sm-c4b">
         <name>RTC_C_IRQHandler</name>
         <value>0xb33</value>
      </symbol>
      <symbol id="sm-c4c">
         <name>DMA_ERR_IRQHandler</name>
         <value>0xb33</value>
      </symbol>
      <symbol id="sm-c4d">
         <name>DMA_INT3_IRQHandler</name>
         <value>0xb33</value>
      </symbol>
      <symbol id="sm-c4e">
         <name>DMA_INT2_IRQHandler</name>
         <value>0xb33</value>
      </symbol>
      <symbol id="sm-c4f">
         <name>DMA_INT1_IRQHandler</name>
         <value>0xb33</value>
      </symbol>
      <symbol id="sm-c50">
         <name>DMA_INT0_IRQHandler</name>
         <value>0xb33</value>
      </symbol>
      <symbol id="sm-c51">
         <name>PORT1_IRQHandler</name>
         <value>0x4829</value>
      </symbol>
      <symbol id="sm-c52">
         <name>PORT2_IRQHandler</name>
         <value>0xb33</value>
      </symbol>
      <symbol id="sm-c53">
         <name>PORT3_IRQHandler</name>
         <value>0xb33</value>
      </symbol>
      <symbol id="sm-c54">
         <name>PORT4_IRQHandler</name>
         <value>0xb33</value>
      </symbol>
      <symbol id="sm-c55">
         <name>PORT5_IRQHandler</name>
         <value>0xb33</value>
      </symbol>
      <symbol id="sm-c56">
         <name>PORT6_IRQHandler</name>
         <value>0x41d5</value>
      </symbol>
      <symbol id="sm-c57">
         <name>remove</name>
         <value>0x475d</value>
      </symbol>
   </symbol_table>
   <title>Link successful</title>
</link_info>
