******************************************************************************
                  TI ARM Linker PC v20.2.5                     
******************************************************************************
>> Linked Sun Dec  5 21:34:52 2021

OUTPUT FILE NAME:   <ESP8266(tester).out>
ENTRY POINT SYMBOL: "_c_int00_noargs"  address: 00004609


MEMORY CONFIGURATION

         name            origin    length      used     unused   attr    fill
----------------------  --------  ---------  --------  --------  ----  --------
  MAIN                  00000000   00040000  00004d54  0003b2ac  R  X
  INFO                  00200000   00004000  00000000  00004000  R  X
  SRAM_CODE             01000000   00010000  00002630  0000d9d0  RW X
  SRAM_DATA             20000000   00010000  00002630  0000d9d0  RW  


SEGMENT ALLOCATION MAP

run origin  load origin   length   init length attrs members
----------  ----------- ---------- ----------- ----- -------
00000000    00000000    00004d58   00004d58    r-x
  00000000    00000000    000000e4   000000e4    r-- .intvecs
  000000e4    000000e4    00004a28   00004a28    r-x .text
  00004b0c    00004b0c    00000190   00000190    r-- .const
  00004ca0    00004ca0    000000b8   000000b8    r-- .cinit
20000000    20000000    00002430   00000000    rw-
  20000000    20000000    000019d8   00000000    rw- .bss
  200019d8    200019d8    00000800   00000000    rw- .sysmem
  200021d8    200021d8    00000258   00000000    rw- .data
2000fe00    2000fe00    00000200   00000000    rw-
  2000fe00    2000fe00    00000200   00000000    rw- .stack


SECTION ALLOCATION MAP

 output                                  attributes/
section   page    origin      length       input sections
--------  ----  ----------  ----------   ----------------
.intvecs   0    00000000    000000e4     
                  00000000    000000e4     startup_msp432p401r_ccs.obj (.intvecs:retain)

.text      0    000000e4    00004a28     
                  000000e4    00000a4e     rtsv7M4_T_le_v4SPD16_eabi.lib : _printfi.c.obj (.text:__TI_printfi)
                  00000b32    00000002     startup_msp432p401r_ccs.obj (.text:Default_Handler)
                  00000b34    00000714     main.obj (.text:main)
                  00001248    00000270     rtsv7M4_T_le_v4SPD16_eabi.lib : _printfi.c.obj (.text:_pconv_a)
                  000014b8    000001d0                                   : _printfi.c.obj (.text:_pconv_g)
                  00001688    000001b6                                   : fd_add_t2.asm.obj (.text)
                  0000183e    00000002                                   : _lock.c.obj (.text:_nop)
                  00001840    00000178     main.obj (.text:TA1_0_IRQHandler)
                  000019b8    00000158     UART_Driver.obj (.text:UART_Printf)
                  00001b10    00000144     msp432p4xx_driverlib.lib : timer_a.o (.text:privateTimer_AProcessClockSourceDivider)
                  00001c54    00000140     UART_Driver.obj (.text:UART_Read)
                  00001d94    0000013c     rtsv7M4_T_le_v4SPD16_eabi.lib : _printfi.c.obj (.text:_pconv_e)
                  00001ed0    00000136                                   : fd_div_t2.asm.obj (.text)
                  00002006    00000002                                   : div0.asm.obj (.text)
                  00002008    00000124                                   : _printfi.c.obj (.text:fcvt)
                  0000212c    0000011c     msp432p4xx_driverlib.lib : uart.o (.text:UART_initModule)
                  00002248    00000114     rtsv7M4_T_le_v4SPD16_eabi.lib : fputs.c.obj (.text:fputs)
                  0000235c    00000110                                   : s_scalbn.c.obj (.text:scalbn)
                  0000246c    00000100                                   : memory.c.obj (.text:aligned_alloc)
                  0000256c    000000fc                                   : fd_mul_t2.asm.obj (.text)
                  00002668    000000f0     main.obj (.text:CAR_SetState)
                  00002758    000000e4     rtsv7M4_T_le_v4SPD16_eabi.lib : memory.c.obj (.text:free)
                  0000283c    000000dc                                   : setvbuf.c.obj (.text:setvbuf)
                  00002918    000000c0     ESP8266.obj (.text:ESP8266_EstablishConnection)
                  000029d8    000000ba     MSPIO.obj (.text:MSPrintf)
                  00002a92    00000002     --HOLE-- [fill = 0]
                  00002a94    000000b1     rtsv7M4_T_le_v4SPD16_eabi.lib : _printfi.c.obj (.text:_ltostr)
                  00002b45    00000003     --HOLE-- [fill = 0]
                  00002b48    000000b0     ESP8266.obj (.text:ESP8266_SendData)
                  00002bf8    000000a8     main.obj (.text:SR04_GetDistance)
                  00002ca0    0000009c     UART_Driver.obj (.text:EUSCIA0_IRQHandler)
                  00002d3c    0000009c     rtsv7M4_T_le_v4SPD16_eabi.lib : memcpy_t2.asm.obj (.text)
                  00002dd8    00000096                                   : ull_div_t2.asm.obj (.text)
                  00002e6e    00000002     --HOLE-- [fill = 0]
                  00002e70    0000008c     ESP8266.obj (.text:ESP8266_WaitForAnswer)
                  00002efc    0000008c     UART_Driver.obj (.text:EUSCIA2_IRQHandler)
                  00002f88    0000008c     MSPIO.obj (.text:PrintInteger)
                  00003014    0000008c     rtsv7M4_T_le_v4SPD16_eabi.lib : fputc.c.obj (.text:fputc)
                  000030a0    00000088     msp432p4xx_driverlib.lib : gpio.o (.text:GPIO_setAsPeripheralModuleFunctionOutputPin)
                  00003128    00000086     rtsv7M4_T_le_v4SPD16_eabi.lib : fd_cmp_t2.asm.obj (.text:__aeabi_cdcmple)
                  000031ae    00000086                                   : fd_cmp_t2.asm.obj (.text:__aeabi_cdrcmple)
                  00003234    00000080     msp432p4xx_driverlib.lib : interrupt.o (.text:Interrupt_enableInterrupt)
                  000032b4    0000007c     ESP8266.obj (.text:ESP8266_ConnectToAP)
                  00003330    0000007a     rtsv7M4_T_le_v4SPD16_eabi.lib : memset_t2.asm.obj (.text)
                  000033aa    00000002     --HOLE-- [fill = 0]
                  000033ac    00000078     system_msp432p401r.obj (.text:SystemInit)
                  00003424    00000074     ESP8266.obj (.text:ESP8266_SetSoftAP)
                  00003498    00000074     main.obj (.text:PID_Controller)
                  0000350c    00000074     msp432p4xx_driverlib.lib : timer_a.o (.text:Timer_A_generatePWM)
                  00003580    00000074     rtsv7M4_T_le_v4SPD16_eabi.lib : fclose.c.obj (.text:__TI_closefile)
                  000035f4    00000070                                   : memory.c.obj (.text:split)
                  00003664    0000006e                                   : _printfi.c.obj (.text:_mcpy)
                  000036d2    00000002     --HOLE-- [fill = 0]
                  000036d4    0000006e                                   : ltoa.c.obj (.text:ltoa)
                  00003742    00000002     --HOLE-- [fill = 0]
                  00003744    0000006c                                   : hostrename.c.obj (.text:HOSTrename)
                  000037b0    00000068                                   : hostlseek.c.obj (.text:HOSTlseek)
                  00003818    00000068     msp432p4xx_driverlib.lib : timer_a.o (.text:Timer_A_configureUpMode)
                  00003880    00000068     rtsv7M4_T_le_v4SPD16_eabi.lib : copy_decompress_lzss.c.obj (.text:decompress:lzss:__TI_decompress_lzss)
                  000038e8    00000068                                   : printf.c.obj (.text:printf)
                  00003950    00000064     msp432p4xx_driverlib.lib : uart.o (.text:UART_getEnabledInterruptStatus)
                  000039b4    00000064     rtsv7M4_T_le_v4SPD16_eabi.lib : s_frexp.c.obj (.text:frexp)
                  00003a18    00000064                                   : fseek.c.obj (.text:fseek)
                  00003a7c    00000062                                   : _io_perm.c.obj (.text:__TI_wrt_ok)
                  00003ade    00000002     --HOLE-- [fill = 0]
                  00003ae0    00000060                                   : hostopen.c.obj (.text:HOSTopen)
                  00003b40    0000005c     main.obj (.text:CAR_GeneratePWM)
                  00003b9c    0000005c     main.obj (.text:CAR_InitializeRightMotor)
                  00003bf8    0000005c     rtsv7M4_T_le_v4SPD16_eabi.lib : close.c.obj (.text:close)
                  00003c54    00000058     main.obj (.text:CAR_InitializeLeftMotor)
                  00003cac    00000058     msp432p4xx_driverlib.lib : gpio.o (.text:GPIO_setAsInputPinWithPullDownResistor)
                  00003d04    00000058                              : gpio.o (.text:GPIO_setAsInputPinWithPullUpResistor)
                  00003d5c    00000058     rtsv7M4_T_le_v4SPD16_eabi.lib : hostread.c.obj (.text:HOSTread)
                  00003db4    00000058                                   : hostwrite.c.obj (.text:HOSTwrite)
                  00003e0c    00000056                                   : _printfi.c.obj (.text:_pconv_f)
                  00003e62    00000002     --HOLE-- [fill = 0]
                  00003e64    00000054     ESP8266.obj (.text:ESP8266_ChangeMode3)
                  00003eb8    00000054     ESP8266.obj (.text:ESP8266_MultiMode)
                  00003f0c    00000054     rtsv7M4_T_le_v4SPD16_eabi.lib : _ltoa.c.obj (.text:__TI_ltoa)
                  00003f60    00000052                                   : _printfi.c.obj (.text:_ecpy)
                  00003fb2    00000002     --HOLE-- [fill = 0]
                  00003fb4    00000050     main.obj (.text:CAR_Stop)
                  00004004    00000050     main.obj (.text:CAR_TurnLeft)
                  00004054    00000050     main.obj (.text:CAR_TurnRight)
                  000040a4    0000004c     ESP8266.obj (.text:ESP8266_CheckConnection)
                  000040f0    0000004c     msp432p4xx_driverlib.lib : timer_a.o (.text:Timer_A_getCounterValue)
                  0000413c    0000004c     rtsv7M4_T_le_v4SPD16_eabi.lib : fflush.c.obj (.text:__TI_doflush)
                  00004188    0000004c                                   : atoi.c.obj (.text:atoi)
                  000041d4    00000048     main.obj (.text:PORT6_IRQHandler)
                  0000421c    00000048     UART_Driver.obj (.text:UART_Flush)
                  00004264    00000048     rtsv7M4_T_le_v4SPD16_eabi.lib : exit.c.obj (.text:exit)
                  000042ac    00000048                                   : fd_toi_t2.asm.obj (.text)
                  000042f4    00000044                                   : hostclose.c.obj (.text:HOSTclose)
                  00004338    00000044                                   : hostunlink.c.obj (.text:HOSTunlink)
                  0000437c    00000044                                   : autoinit.c.obj (.text:__TI_auto_init_nobinit_nopinit:__TI_auto_init_nobinit_nopinit)
                  000043c0    00000044                                   : getdevice.c.obj (.text:getdevice)
                  00004404    00000040     msp432p4xx_driverlib.lib : gpio.o (.text:GPIO_setAsOutputPin)
                  00004444    00000040     UART_Driver.obj (.text:UART_Write)
                  00004484    0000003e     rtsv7M4_T_le_v4SPD16_eabi.lib : _printfi.c.obj (.text:_fcpy)
                  000044c2    00000002     --HOLE-- [fill = 0]
                  000044c4    00000038                                   : trgmsg.c.obj (.text:__TI_writemsg)
                  000044fc    00000038                                   : fs_tod_t2.asm.obj (.text)
                  00004534    00000036                                   : strncpy.c.obj (.text:strncpy)
                  0000456a    00000002     --HOLE-- [fill = 0]
                  0000456c    00000034     ESP8266.obj (.text:ESP8266_HardReset)
                  000045a0    00000034     rtsv7M4_T_le_v4SPD16_eabi.lib : fopen.c.obj (.text:__TI_cleanup)
                  000045d4    00000034                                   : trgmsg.c.obj (.text:__TI_readmsg)
                  00004608    00000034                                   : boot_cortex_m.c.obj (.text:_c_int00_noargs:_c_int00_noargs)
                  0000463c    00000034                                   : strstr.c.obj (.text:strstr)
                  00004670    00000030     main.obj (.text:CAR_Forward)
                  000046a0    00000030     msp432p4xx_driverlib.lib : gpio.o (.text:GPIO_getInputPinValue)
                  000046d0    00000030     rtsv7M4_T_le_v4SPD16_eabi.lib : getdevice.c.obj (.text:finddevice)
                  00004700    0000002e                                   : i_tofd_t2.asm.obj (.text)
                  0000472e    00000002     --HOLE-- [fill = 0]
                  00004730    0000002c     msp432p4xx_driverlib.lib : timer_a.o (.text:Timer_A_clearCaptureCompareInterrupt)
                  0000475c    0000002c     rtsv7M4_T_le_v4SPD16_eabi.lib : unlink.c.obj (.text:unlink)
                  00004788    00000028     msp432p4xx_driverlib.lib : gpio.o (.text:GPIO_clearInterruptFlag)
                  000047b0    00000028                              : gpio.o (.text:GPIO_enableInterrupt)
                  000047d8    00000028                              : gpio.o (.text:GPIO_setOutputHighOnPin)
                  00004800    00000028                              : gpio.o (.text:GPIO_setOutputLowOnPin)
                  00004828    00000028     main.obj (.text:PORT1_IRQHandler)
                  00004850    00000028     rtsv7M4_T_le_v4SPD16_eabi.lib : memory.c.obj (.text:free_list_insert)
                  00004878    00000028                                   : lseek.c.obj (.text:lseek)
                  000048a0    00000028                                   : write.c.obj (.text:write)
                  000048c8    00000024     main.obj (.text:CalculateDistanceTraveled)
                  000048ec    00000024     main.obj (.text:Delay)
                  00004910    00000022     MSPIO.obj (.text:PrintString)
                  00004932    00000020     main.obj (.text:CalculateSpeed)
                  00004952    00000020     rtsv7M4_T_le_v4SPD16_eabi.lib : memchr.c.obj (.text:memchr)
                  00004972    00000002     --HOLE-- [fill = 0]
                  00004974    0000001c                                   : memory.c.obj (.text:free_list_remove)
                  00004990    0000001c                                   : memccpy.c.obj (.text:memccpy)
                  000049ac    0000001a                                   : s_copysign.c.obj (.text:copysign)
                  000049c6    00000018     main.obj (.text:CalculateAverageNotches)
                  000049de    00000002     --HOLE-- [fill = 0]
                  000049e0    00000018     msp432p4xx_driverlib.lib : timer_a.o (.text:Timer_A_clearTimer)
                  000049f8    00000018                              : uart.o (.text:UART_getInterruptStatus)
                  00004a10    00000018     rtsv7M4_T_le_v4SPD16_eabi.lib : strcmp.c.obj (.text:strcmp)
                  00004a28    00000016     msp432p4xx_driverlib.lib : timer_a.o (.text:Timer_A_startCounter)
                  00004a3e    00000016     rtsv7M4_T_le_v4SPD16_eabi.lib : strchr.c.obj (.text:strchr)
                  00004a54    00000014     MSPIO.obj (.text:PrintChar)
                  00004a68    00000014     rtsv7M4_T_le_v4SPD16_eabi.lib : strcpy.c.obj (.text:strcpy)
                  00004a7c    00000014                                   : strlen.c.obj (.text:strlen)
                  00004a90    00000012                                   : wcslen.c.obj (.text:wcslen)
                  00004aa2    00000010     msp432p4xx_driverlib.lib : interrupt.o (.text:Interrupt_enableMaster)
                  00004ab2    0000000e     rtsv7M4_T_le_v4SPD16_eabi.lib : copy_decompress_none.c.obj (.text:decompress:none:__TI_decompress_none)
                  00004ac0    0000000c     msp432p4xx_driverlib.lib : cpu.o (.text:CPU_cpsie)
                  00004acc    0000000c     startup_msp432p401r_ccs.obj (.text:Reset_Handler)
                  00004ad8    0000000c     rtsv7M4_T_le_v4SPD16_eabi.lib : copy_zero_init.c.obj (.text:decompress:ZI:__TI_zero_init)
                  00004ae4    00000008     ESP8266.obj (.text:ESP8266_GetBuffer)
                  00004aec    00000008     rtsv7M4_T_le_v4SPD16_eabi.lib : errno.c.obj (.text:__aeabi_errno_addr)
                  00004af4    00000008                                   : memory.c.obj (.text:malloc)
                  00004afc    00000004                                   : printf.c.obj (.text:_outc)
                  00004b00    00000004                                   : printf.c.obj (.text:_outs)
                  00004b04    00000004                                   : pre_init.c.obj (.text:_system_pre_init)
                  00004b08    00000004                                   : exit.c.obj (.text:abort:abort)

.const     0    00004b0c    00000190     
                  00004b0c    00000101     rtsv7M4_T_le_v4SPD16_eabi.lib : ctype.c.obj (.const:.string:_ctypes_)
                  00004c0d    00000003     main.obj (.const:.string:$P$T1$2)
                  00004c10    00000030     msp432p4xx_driverlib.lib : gpio.o (.const:GPIO_PORT_TO_BASE)
                  00004c40    00000023     main.obj (.const:.string:$P$T2$3)
                  00004c63    00000001     --HOLE-- [fill = 0]
                  00004c64    00000018     main.obj (.const:upConfig)
                  00004c7c    0000000f     main.obj (.const:.string:$P$T0$1)
                  00004c8b    00000001     --HOLE-- [fill = 0]
                  00004c8c    00000008     msp432p4xx_driverlib.lib : interrupt.o (.const:g_pulEnRegs)
                  00004c94    00000008     main.obj (.const)

.cinit     0    00004ca0    000000b8     
                  00004ca0    0000008e     (.cinit..data.load) [load image, compression = lzss]
                  00004d2e    00000002     --HOLE-- [fill = 0]
                  00004d30    0000000c     (__TI_handler_table)
                  00004d3c    00000004     --HOLE-- [fill = 0]
                  00004d40    00000008     (.cinit..bss.load) [load image, compression = zero_init]
                  00004d48    00000010     (__TI_cinit_table)

.init_array 
*          0    00000000    00000000     UNINITIALIZED

.binit     0    00000000    00000000     

.bss       0    20000000    000019d8     UNINITIALIZED
                  20000000    00000800     (.common:ESP8266_Buffer)
                  20000800    00000800     (.common:UARTA0Data)
                  20001000    00000800     (.common:UARTA2Data)
                  20001800    00000120     rtsv7M4_T_le_v4SPD16_eabi.lib : trgmsg.c.obj (.bss:_CIOBUF_)
                  20001920    000000a0     (.common:__TI_tmpnams)
                  200019c0    00000008     (.common:parmbuf)
                  200019c8    00000004     (.common:UARTA0ReadIndex)
                  200019cc    00000004     (.common:UARTA0WriteIndex)
                  200019d0    00000004     (.common:UARTA2ReadIndex)
                  200019d4    00000004     (.common:UARTA2WriteIndex)

.sysmem    0    200019d8    00000800     UNINITIALIZED
                  200019d8    00000010     rtsv7M4_T_le_v4SPD16_eabi.lib : memory.c.obj (.sysmem)
                  200019e8    000007f0     --HOLE--

.data      0    200021d8    00000258     UNINITIALIZED
                  200021d8    000000f0     rtsv7M4_T_le_v4SPD16_eabi.lib : defs.c.obj (.data:_ftable)
                  200022c8    00000078                                   : host_device.c.obj (.data:_device)
                  20002340    00000050                                   : host_device.c.obj (.data:_stream)
                  20002390    00000028     main.obj (.data:UARTConfig)
                  200023b8    00000018     main.obj (.data)
                  200023d0    00000018     main.obj (.data:pwmConfigLeft)
                  200023e8    00000018     main.obj (.data:pwmConfigRight)
                  20002400    00000010     rtsv7M4_T_le_v4SPD16_eabi.lib : defs.c.obj (.data)
                  20002410    0000000c                                   : exit.c.obj (.data:$O1$$)
                  2000241c    00000008                                   : _lock.c.obj (.data:$O1$$)
                  20002424    00000008                                   : memory.c.obj (.data:$O1$$)
                  2000242c    00000004                                   : errno.c.obj (.data)

.stack     0    2000fe00    00000200     UNINITIALIZED
                  2000fe00    00000004     rtsv7M4_T_le_v4SPD16_eabi.lib : boot_cortex_m.c.obj (.stack)
                  2000fe04    000001fc     --HOLE--

__llvm_prf_cnts 
*          0    20000000    00000000     UNINITIALIZED

MODULE SUMMARY

       Module                        code    ro data   rw data
       ------                        ----    -------   -------
    .\
       ESP8266.obj                   1052    0         12320  
       main.obj                      3512    85        224    
       UART_Driver.obj               1096    0         0      
       MSPIO.obj                     380     0         0      
       system_msp432p401r.obj        120     0         0      
    +--+-----------------------------+-------+---------+---------+
       Total:                        6160    85        12544  
                                                              
    .\ccs\
       startup_msp432p401r_ccs.obj   14      228       0      
    +--+-----------------------------+-------+---------+---------+
       Total:                        14      228       0      
                                                              
    C:/ti/simplelink_msp432p4_sdk_3_40_01_02/source/ti/devices/msp432p4xx/driverlib/ccs/msp432p4xx_driverlib.lib
       timer_a.o                     710     0         0      
       gpio.o                        584     48        0      
       uart.o                        408     0         0      
       interrupt.o                   144     8         0      
       cpu.o                         12      0         0      
    +--+-----------------------------+-------+---------+---------+
       Total:                        1858    56        0      
                                                              
    C:\ti\ccs1040\ccs\tools\compiler\ti-cgt-arm_20.2.5.LTS\lib\rtsv7M4_T_le_v4SPD16_eabi.lib
       _printfi.c.obj                4851    0         0      
       defs.c.obj                    0       0         832    
       memory.c.obj                  672     0         16     
       trgmsg.c.obj                  108     0         576    
       fd_add_t2.asm.obj             438     0         0      
       host_device.c.obj             0       0         400    
       fd_div_t2.asm.obj             310     0         0      
       fputs.c.obj                   276     0         0      
       s_scalbn.c.obj                272     0         0      
       fd_cmp_t2.asm.obj             268     0         0      
       ctype.c.obj                   0       257       0      
       fd_mul_t2.asm.obj             252     0         0      
       setvbuf.c.obj                 220     0         0      
       memcpy_t2.asm.obj             156     0         0      
       ull_div_t2.asm.obj            150     0         0      
       fputc.c.obj                   140     0         0      
       memset_t2.asm.obj             122     0         0      
       fclose.c.obj                  116     0         0      
       getdevice.c.obj               116     0         0      
       hostopen.c.obj                96      0         16     
       printf.c.obj                  112     0         0      
       ltoa.c.obj                    110     0         0      
       hostrename.c.obj              108     0         0      
       copy_decompress_lzss.c.obj    104     0         0      
       hostlseek.c.obj               104     0         0      
       exit.c.obj                    76      0         24     
       fseek.c.obj                   100     0         0      
       s_frexp.c.obj                 100     0         0      
       _io_perm.c.obj                98      0         0      
       close.c.obj                   92      0         0      
       hostread.c.obj                88      0         0      
       hostwrite.c.obj               88      0         0      
       _ltoa.c.obj                   84      0         0      
       atoi.c.obj                    76      0         0      
       fflush.c.obj                  76      0         0      
       fd_toi_t2.asm.obj             72      0         0      
       autoinit.c.obj                68      0         0      
       hostclose.c.obj               68      0         0      
       hostunlink.c.obj              68      0         0      
       fs_tod_t2.asm.obj             56      0         0      
       strncpy.c.obj                 54      0         0      
       boot_cortex_m.c.obj           52      0         0      
       fopen.c.obj                   52      0         0      
       strstr.c.obj                  52      0         0      
       i_tofd_t2.asm.obj             46      0         0      
       unlink.c.obj                  44      0         0      
       lseek.c.obj                   40      0         0      
       write.c.obj                   40      0         0      
       memchr.c.obj                  32      0         0      
       memccpy.c.obj                 28      0         0      
       s_copysign.c.obj              26      0         0      
       strcmp.c.obj                  24      0         0      
       strchr.c.obj                  22      0         0      
       strcpy.c.obj                  20      0         0      
       strlen.c.obj                  20      0         0      
       _lock.c.obj                   2       0         16     
       wcslen.c.obj                  18      0         0      
       errno.c.obj                   8       0         8      
       copy_decompress_none.c.obj    14      0         0      
       copy_zero_init.c.obj          12      0         0      
       pre_init.c.obj                4       0         0      
       div0.asm.obj                  2       0         0      
    +--+-----------------------------+-------+---------+---------+
       Total:                        10923   257       1888   
                                                              
       Heap:                         0       0         4096   
       Stack:                        0       0         1024   
       Linker Generated:             0       178       0      
    +--+-----------------------------+-------+---------+---------+
       Grand Total:                  18955   804       19552  


LINKER GENERATED COPY TABLES

__TI_cinit_table @ 00004d48 records: 2, size/record: 8, table size: 16
	.data: load addr=00004ca0, load size=0000008e bytes, run addr=200021d8, run size=00000258 bytes, compression=lzss
	.bss: load addr=00004d40, load size=00000008 bytes, run addr=20000000, run size=000019d8 bytes, compression=zero_init


LINKER GENERATED HANDLER TABLE

__TI_handler_table @ 00004d30 records: 3, size/record: 4, table size: 12
	index: 0, handler: __TI_decompress_lzss
	index: 1, handler: __TI_decompress_none
	index: 2, handler: __TI_zero_init


GLOBAL SYMBOLS: SORTED ALPHABETICALLY BY Name 

address   name                                       
-------   ----                                       
00000b33  ADC14_IRQHandler                           
00000b33  AES256_IRQHandler                          
00000b33  BusFault_Handler                           
00004b09  C$$EXIT                                    
000044f3  C$$IO$$                                    
200023cc  CAR_AverageSpeed                           
200023c8  CAR_DistanceTraveled                       
00004671  CAR_Forward                                
00003b41  CAR_GeneratePWM                            
00003c55  CAR_InitializeLeftMotor                    
00003b9d  CAR_InitializeRightMotor                   
200023b8  CAR_STATE                                  
00002669  CAR_SetState                               
00003fb5  CAR_Stop                                   
00004005  CAR_TurnLeft                               
00004055  CAR_TurnRight                              
200023c4  CAR_UpTime                                 
00000b33  COMP_E0_IRQHandler                         
00000b33  COMP_E1_IRQHandler                         
00004ac1  CPU_cpsie                                  
00000b33  CS_IRQHandler                              
000049c7  CalculateAverageNotches                    
000048c9  CalculateDistanceTraveled                  
00004933  CalculateSpeed                             
00000b33  DMA_ERR_IRQHandler                         
00000b33  DMA_INT0_IRQHandler                        
00000b33  DMA_INT1_IRQHandler                        
00000b33  DMA_INT2_IRQHandler                        
00000b33  DMA_INT3_IRQHandler                        
00000b33  DebugMon_Handler                           
00000b33  Default_Handler                            
000048ed  Delay                                      
20000000  ESP8266_Buffer                             
00003e65  ESP8266_ChangeMode3                        
000040a5  ESP8266_CheckConnection                    
000032b5  ESP8266_ConnectToAP                        
00002919  ESP8266_EstablishConnection                
00004ae5  ESP8266_GetBuffer                          
0000456d  ESP8266_HardReset                          
00003eb9  ESP8266_MultiMode                          
00002b49  ESP8266_SendData                           
00003425  ESP8266_SetSoftAP                          
00002e71  ESP8266_WaitForAnswer                      
00002ca1  EUSCIA0_IRQHandler                         
00002ca1  EUSCIA0_IRQHandler                         
00000b33  EUSCIA1_IRQHandler                         
00002efd  EUSCIA2_IRQHandler                         
00002efd  EUSCIA2_IRQHandler                         
00000b33  EUSCIA3_IRQHandler                         
00000b33  EUSCIB0_IRQHandler                         
00000b33  EUSCIB1_IRQHandler                         
00000b33  EUSCIB2_IRQHandler                         
00000b33  EUSCIB3_IRQHandler                         
00000b33  FLCTL_IRQHandler                           
00000b33  FPU_IRQHandler                             
00004789  GPIO_clearInterruptFlag                    
000047b1  GPIO_enableInterrupt                       
000046a1  GPIO_getInputPinValue                      
00003cad  GPIO_setAsInputPinWithPullDownResistor     
00003d05  GPIO_setAsInputPinWithPullUpResistor       
00004405  GPIO_setAsOutputPin                        
000030a1  GPIO_setAsPeripheralModuleFunctionOutputPin
000047d9  GPIO_setOutputHighOnPin                    
00004801  GPIO_setOutputLowOnPin                     
000042f5  HOSTclose                                  
000037b1  HOSTlseek                                  
00003ae1  HOSTopen                                   
00003d5d  HOSTread                                   
00003745  HOSTrename                                 
00004339  HOSTunlink                                 
00003db5  HOSTwrite                                  
00000b33  HardFault_Handler                          
00003235  Interrupt_enableInterrupt                  
00004aa3  Interrupt_enableMaster                     
000029d9  MSPrintf                                   
00000b33  MemManage_Handler                          
00000b33  NMI_Handler                                
00004c94  NOTCH_1Length                              
00004c98  NOTCH_20Length                             
200023bc  NOTCH_LeftCountTotal                       
200023c0  NOTCH_RightCountTotal                      
00000b33  PCM_IRQHandler                             
00003499  PID_Controller                             
00004829  PORT1_IRQHandler                           
00004829  PORT1_IRQHandler                           
00000b33  PORT2_IRQHandler                           
00000b33  PORT3_IRQHandler                           
00000b33  PORT4_IRQHandler                           
00000b33  PORT5_IRQHandler                           
000041d5  PORT6_IRQHandler                           
000041d5  PORT6_IRQHandler                           
00000b33  PSS_IRQHandler                             
00000b33  PendSV_Handler                             
00004a55  PrintChar                                  
00002f89  PrintInteger                               
00004911  PrintString                                
00000b33  RTC_C_IRQHandler                           
00004acd  Reset_Handler                              
00002bf9  SR04_GetDistance                           
00000b33  SVC_Handler                                
00000b33  SysTick_Handler                            
000033ad  SystemInit                                 
00000b33  T32_INT1_IRQHandler                        
00000b33  T32_INT2_IRQHandler                        
00000b33  T32_INTC_IRQHandler                        
00000b33  TA0_0_IRQHandler                           
00000b33  TA0_N_IRQHandler                           
00001841  TA1_0_IRQHandler                           
00001841  TA1_0_IRQHandler                           
00000b33  TA1_N_IRQHandler                           
00000b33  TA2_0_IRQHandler                           
00000b33  TA2_N_IRQHandler                           
00000b33  TA3_0_IRQHandler                           
00000b33  TA3_N_IRQHandler                           
00004731  Timer_A_clearCaptureCompareInterrupt       
000049e1  Timer_A_clearTimer                         
00003819  Timer_A_configureUpMode                    
0000350d  Timer_A_generatePWM                        
000040f1  Timer_A_getCounterValue                    
00004a29  Timer_A_startCounter                       
20000800  UARTA0Data                                 
200019c8  UARTA0ReadIndex                            
200019cc  UARTA0WriteIndex                           
20001000  UARTA2Data                                 
200019d0  UARTA2ReadIndex                            
200019d4  UARTA2WriteIndex                           
20002390  UARTConfig                                 
0000421d  UART_Flush                                 
000019b9  UART_Printf                                
00001c55  UART_Read                                  
00004445  UART_Write                                 
00003951  UART_getEnabledInterruptStatus             
000049f9  UART_getInterruptStatus                    
0000212d  UART_initModule                            
00000b33  UsageFault_Handler                         
4000480c  WDTCTL_SYM                                 
00000b33  WDT_A_IRQHandler                           
20001800  __CIOBUF_                                  
20010000  __STACK_END                                
00000200  __STACK_SIZE                               
00000800  __SYSMEM_SIZE                              
00004d48  __TI_CINIT_Base                            
00004d58  __TI_CINIT_Limit                           
00004d30  __TI_Handler_Table_Base                    
00004d3c  __TI_Handler_Table_Limit                   
0000437d  __TI_auto_init_nobinit_nopinit             
000045a1  __TI_cleanup                               
20002410  __TI_cleanup_ptr                           
00003581  __TI_closefile                             
00003881  __TI_decompress_lzss                       
00004ab3  __TI_decompress_none                       
0000413d  __TI_doflush                               
20002414  __TI_dtors_ptr                             
20002418  __TI_enable_exit_profile_output            
20002400  __TI_ft_end                                
00003f0d  __TI_ltoa                                  
ffffffff  __TI_pprof_out_hndl                        
000000e5  __TI_printfi                               
ffffffff  __TI_prof_data_size                        
ffffffff  __TI_prof_data_start                       
000045d5  __TI_readmsg                               
00000000  __TI_static_base__                         
20001920  __TI_tmpnams                               
000044c5  __TI_writemsg                              
00003a7d  __TI_wrt_ok                                
00004ad9  __TI_zero_init                             
00003129  __aeabi_cdcmpeq                            
00003129  __aeabi_cdcmple                            
000031af  __aeabi_cdrcmple                           
000042ad  __aeabi_d2iz                               
00001693  __aeabi_dadd                               
00001ed1  __aeabi_ddiv                               
0000256d  __aeabi_dmul                               
00001689  __aeabi_dsub                               
00004aed  __aeabi_errno_addr                         
000044fd  __aeabi_f2d                                
00004701  __aeabi_i2d                                
00002007  __aeabi_idiv0                              
00002007  __aeabi_ldiv0                              
00003331  __aeabi_memclr                             
00003331  __aeabi_memclr4                            
00003331  __aeabi_memclr8                            
00002d3d  __aeabi_memcpy                             
00002d3d  __aeabi_memcpy4                            
00002d3d  __aeabi_memcpy8                            
00003333  __aeabi_memset                             
00003333  __aeabi_memset4                            
00003333  __aeabi_memset8                            
2000240c  __aeabi_stderr                             
20002404  __aeabi_stdin                              
20002408  __aeabi_stdout                             
00002dd9  __aeabi_uldivmod                           
ffffffff  __binit__                                  
ffffffff  __c_args__                                 
UNDEFED   __mpu_init                                 
2000fe00  __stack                                    
20000000  __start___llvm_prf_cnts                    
20000000  __stop___llvm_prf_cnts                     
00004609  _c_int00_noargs                            
00004b0c  _ctypes_                                   
200022c8  _device                                    
200021d8  _ftable                                    
2000241c  _lock                                      
0000183f  _nop                                       
20002340  _stream                                    
200019d8  _sys_memory                                
UNDEFED   _system_post_cinit                         
00004b05  _system_pre_init                           
20002420  _unlock                                    
00004b09  abort                                      
0000246d  aligned_alloc                              
00004189  atoi                                       
ffffffff  binit                                      
00003bf9  close                                      
000049ad  copysign                                   
000049ad  copysignl                                  
2000242c  errno                                      
00004265  exit                                       
000046d1  finddevice                                 
00003015  fputc                                      
00002249  fputs                                      
00002759  free                                       
000039b5  frexp                                      
000039b5  frexpl                                     
00003a19  fseek                                      
000043c1  getdevice                                  
00000000  interruptVectors                           
0000235d  ldexp                                      
0000235d  ldexpl                                     
00004879  lseek                                      
000036d5  ltoa                                       
00000b35  main                                       
00004af5  malloc                                     
0000246d  memalign                                   
00004991  memccpy                                    
00004953  memchr                                     
00002d3d  memcpy                                     
00003339  memset                                     
200019c0  parmbuf                                    
000038e9  printf                                     
00003015  putc                                       
200023d0  pwmConfigLeft                              
200023e8  pwmConfigRight                             
0000475d  remove                                     
0000235d  scalbn                                     
0000235d  scalbnl                                    
0000283d  setvbuf                                    
00004a3f  strchr                                     
00004a11  strcmp                                     
00004a69  strcpy                                     
00004a7d  strlen                                     
00004535  strncpy                                    
0000463d  strstr                                     
0000475d  unlink                                     
00004c64  upConfig                                   
00004a91  wcslen                                     
000048a1  write                                      


GLOBAL SYMBOLS: SORTED BY Symbol Address 

address   name                                       
-------   ----                                       
00000000  __TI_static_base__                         
00000000  interruptVectors                           
000000e5  __TI_printfi                               
00000200  __STACK_SIZE                               
00000800  __SYSMEM_SIZE                              
00000b33  ADC14_IRQHandler                           
00000b33  AES256_IRQHandler                          
00000b33  BusFault_Handler                           
00000b33  COMP_E0_IRQHandler                         
00000b33  COMP_E1_IRQHandler                         
00000b33  CS_IRQHandler                              
00000b33  DMA_ERR_IRQHandler                         
00000b33  DMA_INT0_IRQHandler                        
00000b33  DMA_INT1_IRQHandler                        
00000b33  DMA_INT2_IRQHandler                        
00000b33  DMA_INT3_IRQHandler                        
00000b33  DebugMon_Handler                           
00000b33  Default_Handler                            
00000b33  EUSCIA1_IRQHandler                         
00000b33  EUSCIA3_IRQHandler                         
00000b33  EUSCIB0_IRQHandler                         
00000b33  EUSCIB1_IRQHandler                         
00000b33  EUSCIB2_IRQHandler                         
00000b33  EUSCIB3_IRQHandler                         
00000b33  FLCTL_IRQHandler                           
00000b33  FPU_IRQHandler                             
00000b33  HardFault_Handler                          
00000b33  MemManage_Handler                          
00000b33  NMI_Handler                                
00000b33  PCM_IRQHandler                             
00000b33  PORT2_IRQHandler                           
00000b33  PORT3_IRQHandler                           
00000b33  PORT4_IRQHandler                           
00000b33  PORT5_IRQHandler                           
00000b33  PSS_IRQHandler                             
00000b33  PendSV_Handler                             
00000b33  RTC_C_IRQHandler                           
00000b33  SVC_Handler                                
00000b33  SysTick_Handler                            
00000b33  T32_INT1_IRQHandler                        
00000b33  T32_INT2_IRQHandler                        
00000b33  T32_INTC_IRQHandler                        
00000b33  TA0_0_IRQHandler                           
00000b33  TA0_N_IRQHandler                           
00000b33  TA1_N_IRQHandler                           
00000b33  TA2_0_IRQHandler                           
00000b33  TA2_N_IRQHandler                           
00000b33  TA3_0_IRQHandler                           
00000b33  TA3_N_IRQHandler                           
00000b33  UsageFault_Handler                         
00000b33  WDT_A_IRQHandler                           
00000b35  main                                       
00001689  __aeabi_dsub                               
00001693  __aeabi_dadd                               
0000183f  _nop                                       
00001841  TA1_0_IRQHandler                           
00001841  TA1_0_IRQHandler                           
000019b9  UART_Printf                                
00001c55  UART_Read                                  
00001ed1  __aeabi_ddiv                               
00002007  __aeabi_idiv0                              
00002007  __aeabi_ldiv0                              
0000212d  UART_initModule                            
00002249  fputs                                      
0000235d  ldexp                                      
0000235d  ldexpl                                     
0000235d  scalbn                                     
0000235d  scalbnl                                    
0000246d  aligned_alloc                              
0000246d  memalign                                   
0000256d  __aeabi_dmul                               
00002669  CAR_SetState                               
00002759  free                                       
0000283d  setvbuf                                    
00002919  ESP8266_EstablishConnection                
000029d9  MSPrintf                                   
00002b49  ESP8266_SendData                           
00002bf9  SR04_GetDistance                           
00002ca1  EUSCIA0_IRQHandler                         
00002ca1  EUSCIA0_IRQHandler                         
00002d3d  __aeabi_memcpy                             
00002d3d  __aeabi_memcpy4                            
00002d3d  __aeabi_memcpy8                            
00002d3d  memcpy                                     
00002dd9  __aeabi_uldivmod                           
00002e71  ESP8266_WaitForAnswer                      
00002efd  EUSCIA2_IRQHandler                         
00002efd  EUSCIA2_IRQHandler                         
00002f89  PrintInteger                               
00003015  fputc                                      
00003015  putc                                       
000030a1  GPIO_setAsPeripheralModuleFunctionOutputPin
00003129  __aeabi_cdcmpeq                            
00003129  __aeabi_cdcmple                            
000031af  __aeabi_cdrcmple                           
00003235  Interrupt_enableInterrupt                  
000032b5  ESP8266_ConnectToAP                        
00003331  __aeabi_memclr                             
00003331  __aeabi_memclr4                            
00003331  __aeabi_memclr8                            
00003333  __aeabi_memset                             
00003333  __aeabi_memset4                            
00003333  __aeabi_memset8                            
00003339  memset                                     
000033ad  SystemInit                                 
00003425  ESP8266_SetSoftAP                          
00003499  PID_Controller                             
0000350d  Timer_A_generatePWM                        
00003581  __TI_closefile                             
000036d5  ltoa                                       
00003745  HOSTrename                                 
000037b1  HOSTlseek                                  
00003819  Timer_A_configureUpMode                    
00003881  __TI_decompress_lzss                       
000038e9  printf                                     
00003951  UART_getEnabledInterruptStatus             
000039b5  frexp                                      
000039b5  frexpl                                     
00003a19  fseek                                      
00003a7d  __TI_wrt_ok                                
00003ae1  HOSTopen                                   
00003b41  CAR_GeneratePWM                            
00003b9d  CAR_InitializeRightMotor                   
00003bf9  close                                      
00003c55  CAR_InitializeLeftMotor                    
00003cad  GPIO_setAsInputPinWithPullDownResistor     
00003d05  GPIO_setAsInputPinWithPullUpResistor       
00003d5d  HOSTread                                   
00003db5  HOSTwrite                                  
00003e65  ESP8266_ChangeMode3                        
00003eb9  ESP8266_MultiMode                          
00003f0d  __TI_ltoa                                  
00003fb5  CAR_Stop                                   
00004005  CAR_TurnLeft                               
00004055  CAR_TurnRight                              
000040a5  ESP8266_CheckConnection                    
000040f1  Timer_A_getCounterValue                    
0000413d  __TI_doflush                               
00004189  atoi                                       
000041d5  PORT6_IRQHandler                           
000041d5  PORT6_IRQHandler                           
0000421d  UART_Flush                                 
00004265  exit                                       
000042ad  __aeabi_d2iz                               
000042f5  HOSTclose                                  
00004339  HOSTunlink                                 
0000437d  __TI_auto_init_nobinit_nopinit             
000043c1  getdevice                                  
00004405  GPIO_setAsOutputPin                        
00004445  UART_Write                                 
000044c5  __TI_writemsg                              
000044f3  C$$IO$$                                    
000044fd  __aeabi_f2d                                
00004535  strncpy                                    
0000456d  ESP8266_HardReset                          
000045a1  __TI_cleanup                               
000045d5  __TI_readmsg                               
00004609  _c_int00_noargs                            
0000463d  strstr                                     
00004671  CAR_Forward                                
000046a1  GPIO_getInputPinValue                      
000046d1  finddevice                                 
00004701  __aeabi_i2d                                
00004731  Timer_A_clearCaptureCompareInterrupt       
0000475d  remove                                     
0000475d  unlink                                     
00004789  GPIO_clearInterruptFlag                    
000047b1  GPIO_enableInterrupt                       
000047d9  GPIO_setOutputHighOnPin                    
00004801  GPIO_setOutputLowOnPin                     
00004829  PORT1_IRQHandler                           
00004829  PORT1_IRQHandler                           
00004879  lseek                                      
000048a1  write                                      
000048c9  CalculateDistanceTraveled                  
000048ed  Delay                                      
00004911  PrintString                                
00004933  CalculateSpeed                             
00004953  memchr                                     
00004991  memccpy                                    
000049ad  copysign                                   
000049ad  copysignl                                  
000049c7  CalculateAverageNotches                    
000049e1  Timer_A_clearTimer                         
000049f9  UART_getInterruptStatus                    
00004a11  strcmp                                     
00004a29  Timer_A_startCounter                       
00004a3f  strchr                                     
00004a55  PrintChar                                  
00004a69  strcpy                                     
00004a7d  strlen                                     
00004a91  wcslen                                     
00004aa3  Interrupt_enableMaster                     
00004ab3  __TI_decompress_none                       
00004ac1  CPU_cpsie                                  
00004acd  Reset_Handler                              
00004ad9  __TI_zero_init                             
00004ae5  ESP8266_GetBuffer                          
00004aed  __aeabi_errno_addr                         
00004af5  malloc                                     
00004b05  _system_pre_init                           
00004b09  C$$EXIT                                    
00004b09  abort                                      
00004b0c  _ctypes_                                   
00004c64  upConfig                                   
00004c94  NOTCH_1Length                              
00004c98  NOTCH_20Length                             
00004d30  __TI_Handler_Table_Base                    
00004d3c  __TI_Handler_Table_Limit                   
00004d48  __TI_CINIT_Base                            
00004d58  __TI_CINIT_Limit                           
20000000  ESP8266_Buffer                             
20000000  __start___llvm_prf_cnts                    
20000000  __stop___llvm_prf_cnts                     
20000800  UARTA0Data                                 
20001000  UARTA2Data                                 
20001800  __CIOBUF_                                  
20001920  __TI_tmpnams                               
200019c0  parmbuf                                    
200019c8  UARTA0ReadIndex                            
200019cc  UARTA0WriteIndex                           
200019d0  UARTA2ReadIndex                            
200019d4  UARTA2WriteIndex                           
200019d8  _sys_memory                                
200021d8  _ftable                                    
200022c8  _device                                    
20002340  _stream                                    
20002390  UARTConfig                                 
200023b8  CAR_STATE                                  
200023bc  NOTCH_LeftCountTotal                       
200023c0  NOTCH_RightCountTotal                      
200023c4  CAR_UpTime                                 
200023c8  CAR_DistanceTraveled                       
200023cc  CAR_AverageSpeed                           
200023d0  pwmConfigLeft                              
200023e8  pwmConfigRight                             
20002400  __TI_ft_end                                
20002404  __aeabi_stdin                              
20002408  __aeabi_stdout                             
2000240c  __aeabi_stderr                             
20002410  __TI_cleanup_ptr                           
20002414  __TI_dtors_ptr                             
20002418  __TI_enable_exit_profile_output            
2000241c  _lock                                      
20002420  _unlock                                    
2000242c  errno                                      
2000fe00  __stack                                    
20010000  __STACK_END                                
4000480c  WDTCTL_SYM                                 
ffffffff  __TI_pprof_out_hndl                        
ffffffff  __TI_prof_data_size                        
ffffffff  __TI_prof_data_start                       
ffffffff  __binit__                                  
ffffffff  __c_args__                                 
ffffffff  binit                                      
UNDEFED   __mpu_init                                 
UNDEFED   _system_post_cinit                         

[257 symbols]
