******************************************************************************
                  TI ARM Linker PC v20.2.5                     
******************************************************************************
>> Linked Thu Sep 16 15:34:48 2021

OUTPUT FILE NAME:   <LAB2_V2.out>
ENTRY POINT SYMBOL: "_c_int00_noargs"  address: 0000039d


MEMORY CONFIGURATION

         name            origin    length      used     unused   attr    fill
----------------------  --------  ---------  --------  --------  ----  --------
  MAIN                  00000000   00040000  000004bc  0003fb44  R  X
  INFO                  00200000   00004000  00000000  00004000  R  X
  SRAM_CODE             01000000   00010000  00000204  0000fdfc  RW X
  SRAM_DATA             20000000   00010000  00000204  0000fdfc  RW  


SEGMENT ALLOCATION MAP

run origin  load origin   length   init length attrs members
----------  ----------- ---------- ----------- ----- -------
00000000    00000000    000004c0   000004c0    r-x
  00000000    00000000    000000e4   000000e4    r-- .intvecs
  000000e4    000000e4    00000390   00000390    r-x .text
  00000474    00000474    00000030   00000030    r-- .const
  000004a8    000004a8    00000018   00000018    r-- .cinit
20000000    20000000    00000004   00000000    rw-
  20000000    20000000    00000004   00000000    rw- .data
2000fe00    2000fe00    00000200   00000000    rw-
  2000fe00    2000fe00    00000200   00000000    rw- .stack


SECTION ALLOCATION MAP

 output                                  attributes/
section   page    origin      length       input sections
--------  ----  ----------  ----------   ----------------
.intvecs   0    00000000    000000e4     
                  00000000    000000e4     startup_msp432p401r_ccs.obj (.intvecs:retain)

.text      0    000000e4    00000390     
                  000000e4    0000009c     rtsv7M4_T_le_v4SPD16_eabi.lib : memcpy_t2.asm.obj (.text)
                  00000180    00000078     system_msp432p401r.obj (.text:SystemInit)
                  000001f8    00000068     rtsv7M4_T_le_v4SPD16_eabi.lib : copy_decompress_lzss.c.obj (.text:decompress:lzss:__TI_decompress_lzss)
                  00000260    00000060     main.obj (.text:main)
                  000002c0    00000058     msp432p4xx_driverlib.lib : gpio.o (.text:GPIO_setAsInputPinWithPullUpResistor)
                  00000318    00000044     rtsv7M4_T_le_v4SPD16_eabi.lib : autoinit.c.obj (.text:__TI_auto_init_nobinit_nopinit:__TI_auto_init_nobinit_nopinit)
                  0000035c    00000040     msp432p4xx_driverlib.lib : gpio.o (.text:GPIO_setAsOutputPin)
                  0000039c    00000034     rtsv7M4_T_le_v4SPD16_eabi.lib : boot_cortex_m.c.obj (.text:_c_int00_noargs:_c_int00_noargs)
                  000003d0    00000030     msp432p4xx_driverlib.lib : gpio.o (.text:GPIO_getInputPinValue)
                  00000400    00000028                              : gpio.o (.text:GPIO_setOutputHighOnPin)
                  00000428    00000028                              : gpio.o (.text:GPIO_toggleOutputOnPin)
                  00000450    0000000e     rtsv7M4_T_le_v4SPD16_eabi.lib : copy_decompress_none.c.obj (.text:decompress:none:__TI_decompress_none)
                  0000045e    0000000c     startup_msp432p401r_ccs.obj (.text:Reset_Handler)
                  0000046a    00000004     rtsv7M4_T_le_v4SPD16_eabi.lib : pre_init.c.obj (.text:_system_pre_init)
                  0000046e    00000004                                   : exit.c.obj (.text:abort:abort)
                  00000472    00000002     startup_msp432p401r_ccs.obj (.text:Default_Handler)

.const     0    00000474    00000030     
                  00000474    00000030     msp432p4xx_driverlib.lib : gpio.o (.const:GPIO_PORT_TO_BASE)

.cinit     0    000004a8    00000018     
                  000004a8    00000008     (.cinit..data.load) [load image, compression = lzss]
                  000004b0    00000008     (__TI_handler_table)
                  000004b8    00000008     (__TI_cinit_table)

.init_array 
*          0    00000000    00000000     UNINITIALIZED

.binit     0    00000000    00000000     

.data      0    20000000    00000004     UNINITIALIZED
                  20000000    00000004     main.obj (.data)

.stack     0    2000fe00    00000200     UNINITIALIZED
                  2000fe00    00000004     rtsv7M4_T_le_v4SPD16_eabi.lib : boot_cortex_m.c.obj (.stack)
                  2000fe04    000001fc     --HOLE--

__llvm_prf_cnts 
*          0    20000000    00000000     UNINITIALIZED

MODULE SUMMARY

       Module                        code   ro data   rw data
       ------                        ----   -------   -------
    .\
       system_msp432p401r.obj        120    0         0      
       main.obj                      96     0         8      
    +--+-----------------------------+------+---------+---------+
       Total:                        216    0         8      
                                                             
    .\ccs\
       startup_msp432p401r_ccs.obj   14     228       0      
    +--+-----------------------------+------+---------+---------+
       Total:                        14     228       0      
                                                             
    C:/ti/simplelink_msp432p4_sdk_3_40_01_02/source/ti/devices/msp432p4xx/driverlib/ccs/msp432p4xx_driverlib.lib
       gpio.o                        280    48        0      
    +--+-----------------------------+------+---------+---------+
       Total:                        280    48        0      
                                                             
    C:\ti\ccs1040\ccs\tools\compiler\ti-cgt-arm_20.2.5.LTS\lib\rtsv7M4_T_le_v4SPD16_eabi.lib
       memcpy_t2.asm.obj             156    0         0      
       copy_decompress_lzss.c.obj    104    0         0      
       autoinit.c.obj                68     0         0      
       boot_cortex_m.c.obj           52     0         0      
       copy_decompress_none.c.obj    14     0         0      
       exit.c.obj                    4      0         0      
       pre_init.c.obj                4      0         0      
    +--+-----------------------------+------+---------+---------+
       Total:                        402    0         0      
                                                             
       Stack:                        0      0         1024   
       Linker Generated:             0      24        0      
    +--+-----------------------------+------+---------+---------+
       Grand Total:                  912    300       1032   


LINKER GENERATED COPY TABLES

__TI_cinit_table @ 000004b8 records: 1, size/record: 8, table size: 8
	.data: load addr=000004a8, load size=00000008 bytes, run addr=20000000, run size=00000004 bytes, compression=lzss


LINKER GENERATED HANDLER TABLE

__TI_handler_table @ 000004b0 records: 2, size/record: 4, table size: 8
	index: 0, handler: __TI_decompress_lzss
	index: 1, handler: __TI_decompress_none


GLOBAL SYMBOLS: SORTED ALPHABETICALLY BY Name 

address   name                                
-------   ----                                
00000473  ADC14_IRQHandler                    
00000473  AES256_IRQHandler                   
00000473  BusFault_Handler                    
0000046f  C$$EXIT                             
00000473  COMP_E0_IRQHandler                  
00000473  COMP_E1_IRQHandler                  
00000473  CS_IRQHandler                       
00000473  DMA_ERR_IRQHandler                  
00000473  DMA_INT0_IRQHandler                 
00000473  DMA_INT1_IRQHandler                 
00000473  DMA_INT2_IRQHandler                 
00000473  DMA_INT3_IRQHandler                 
00000473  DebugMon_Handler                    
00000473  Default_Handler                     
00000473  EUSCIA0_IRQHandler                  
00000473  EUSCIA1_IRQHandler                  
00000473  EUSCIA2_IRQHandler                  
00000473  EUSCIA3_IRQHandler                  
00000473  EUSCIB0_IRQHandler                  
00000473  EUSCIB1_IRQHandler                  
00000473  EUSCIB2_IRQHandler                  
00000473  EUSCIB3_IRQHandler                  
00000473  FLCTL_IRQHandler                    
00000473  FPU_IRQHandler                      
000003d1  GPIO_getInputPinValue               
000002c1  GPIO_setAsInputPinWithPullUpResistor
0000035d  GPIO_setAsOutputPin                 
00000401  GPIO_setOutputHighOnPin             
00000429  GPIO_toggleOutputOnPin              
00000473  HardFault_Handler                   
00000473  MemManage_Handler                   
00000473  NMI_Handler                         
00000473  PCM_IRQHandler                      
00000473  PORT1_IRQHandler                    
00000473  PORT2_IRQHandler                    
00000473  PORT3_IRQHandler                    
00000473  PORT4_IRQHandler                    
00000473  PORT5_IRQHandler                    
00000473  PORT6_IRQHandler                    
00000473  PSS_IRQHandler                      
00000473  PendSV_Handler                      
00000473  RTC_C_IRQHandler                    
0000045f  Reset_Handler                       
00000473  SVC_Handler                         
00000473  SysTick_Handler                     
00000181  SystemInit                          
00000473  T32_INT1_IRQHandler                 
00000473  T32_INT2_IRQHandler                 
00000473  T32_INTC_IRQHandler                 
00000473  TA0_0_IRQHandler                    
00000473  TA0_N_IRQHandler                    
00000473  TA1_0_IRQHandler                    
00000473  TA1_N_IRQHandler                    
00000473  TA2_0_IRQHandler                    
00000473  TA2_N_IRQHandler                    
00000473  TA3_0_IRQHandler                    
00000473  TA3_N_IRQHandler                    
00000473  UsageFault_Handler                  
4000480c  WDTCTL_SYM                          
00000473  WDT_A_IRQHandler                    
20010000  __STACK_END                         
00000200  __STACK_SIZE                        
000004b8  __TI_CINIT_Base                     
000004c0  __TI_CINIT_Limit                    
000004b0  __TI_Handler_Table_Base             
000004b8  __TI_Handler_Table_Limit            
00000319  __TI_auto_init_nobinit_nopinit      
000001f9  __TI_decompress_lzss                
00000451  __TI_decompress_none                
ffffffff  __TI_pprof_out_hndl                 
ffffffff  __TI_prof_data_size                 
ffffffff  __TI_prof_data_start                
00000000  __TI_static_base__                  
000000e5  __aeabi_memcpy                      
000000e5  __aeabi_memcpy4                     
000000e5  __aeabi_memcpy8                     
ffffffff  __binit__                           
ffffffff  __c_args__                          
UNDEFED   __mpu_init                          
2000fe00  __stack                             
20000000  __start___llvm_prf_cnts             
20000000  __stop___llvm_prf_cnts              
0000039d  _c_int00_noargs                     
UNDEFED   _system_post_cinit                  
0000046b  _system_pre_init                    
0000046f  abort                               
ffffffff  binit                               
20000000  g_waitcycles                        
00000000  interruptVectors                    
00000261  main                                
000000e5  memcpy                              


GLOBAL SYMBOLS: SORTED BY Symbol Address 

address   name                                
-------   ----                                
00000000  __TI_static_base__                  
00000000  interruptVectors                    
000000e5  __aeabi_memcpy                      
000000e5  __aeabi_memcpy4                     
000000e5  __aeabi_memcpy8                     
000000e5  memcpy                              
00000181  SystemInit                          
000001f9  __TI_decompress_lzss                
00000200  __STACK_SIZE                        
00000261  main                                
000002c1  GPIO_setAsInputPinWithPullUpResistor
00000319  __TI_auto_init_nobinit_nopinit      
0000035d  GPIO_setAsOutputPin                 
0000039d  _c_int00_noargs                     
000003d1  GPIO_getInputPinValue               
00000401  GPIO_setOutputHighOnPin             
00000429  GPIO_toggleOutputOnPin              
00000451  __TI_decompress_none                
0000045f  Reset_Handler                       
0000046b  _system_pre_init                    
0000046f  C$$EXIT                             
0000046f  abort                               
00000473  ADC14_IRQHandler                    
00000473  AES256_IRQHandler                   
00000473  BusFault_Handler                    
00000473  COMP_E0_IRQHandler                  
00000473  COMP_E1_IRQHandler                  
00000473  CS_IRQHandler                       
00000473  DMA_ERR_IRQHandler                  
00000473  DMA_INT0_IRQHandler                 
00000473  DMA_INT1_IRQHandler                 
00000473  DMA_INT2_IRQHandler                 
00000473  DMA_INT3_IRQHandler                 
00000473  DebugMon_Handler                    
00000473  Default_Handler                     
00000473  EUSCIA0_IRQHandler                  
00000473  EUSCIA1_IRQHandler                  
00000473  EUSCIA2_IRQHandler                  
00000473  EUSCIA3_IRQHandler                  
00000473  EUSCIB0_IRQHandler                  
00000473  EUSCIB1_IRQHandler                  
00000473  EUSCIB2_IRQHandler                  
00000473  EUSCIB3_IRQHandler                  
00000473  FLCTL_IRQHandler                    
00000473  FPU_IRQHandler                      
00000473  HardFault_Handler                   
00000473  MemManage_Handler                   
00000473  NMI_Handler                         
00000473  PCM_IRQHandler                      
00000473  PORT1_IRQHandler                    
00000473  PORT2_IRQHandler                    
00000473  PORT3_IRQHandler                    
00000473  PORT4_IRQHandler                    
00000473  PORT5_IRQHandler                    
00000473  PORT6_IRQHandler                    
00000473  PSS_IRQHandler                      
00000473  PendSV_Handler                      
00000473  RTC_C_IRQHandler                    
00000473  SVC_Handler                         
00000473  SysTick_Handler                     
00000473  T32_INT1_IRQHandler                 
00000473  T32_INT2_IRQHandler                 
00000473  T32_INTC_IRQHandler                 
00000473  TA0_0_IRQHandler                    
00000473  TA0_N_IRQHandler                    
00000473  TA1_0_IRQHandler                    
00000473  TA1_N_IRQHandler                    
00000473  TA2_0_IRQHandler                    
00000473  TA2_N_IRQHandler                    
00000473  TA3_0_IRQHandler                    
00000473  TA3_N_IRQHandler                    
00000473  UsageFault_Handler                  
00000473  WDT_A_IRQHandler                    
000004b0  __TI_Handler_Table_Base             
000004b8  __TI_CINIT_Base                     
000004b8  __TI_Handler_Table_Limit            
000004c0  __TI_CINIT_Limit                    
20000000  __start___llvm_prf_cnts             
20000000  __stop___llvm_prf_cnts              
20000000  g_waitcycles                        
2000fe00  __stack                             
20010000  __STACK_END                         
4000480c  WDTCTL_SYM                          
ffffffff  __TI_pprof_out_hndl                 
ffffffff  __TI_prof_data_size                 
ffffffff  __TI_prof_data_start                
ffffffff  __binit__                           
ffffffff  __c_args__                          
ffffffff  binit                               
UNDEFED   __mpu_init                          
UNDEFED   _system_post_cinit                  

[91 symbols]
