******************************************************************************
                  TI ARM Linker PC v20.2.5                     
******************************************************************************
>> Linked Thu Sep 23 18:47:53 2021

OUTPUT FILE NAME:   <LAB3.out>
ENTRY POINT SYMBOL: "_c_int00_noargs"  address: 00000461


MEMORY CONFIGURATION

         name            origin    length      used     unused   attr    fill
----------------------  --------  ---------  --------  --------  ----  --------
  MAIN                  00000000   00040000  000004d0  0003fb30  R  X
  INFO                  00200000   00004000  00000000  00004000  R  X
  SRAM_CODE             01000000   00010000  00000204  0000fdfc  RW X
  SRAM_DATA             20000000   00010000  00000204  0000fdfc  RW  


SEGMENT ALLOCATION MAP

run origin  load origin   length   init length attrs members
----------  ----------- ---------- ----------- ----- -------
00000000    00000000    000004d0   000004d0    r-x
  00000000    00000000    000000e4   000000e4    r-- .intvecs
  000000e4    000000e4    000003d4   000003d4    r-x .text
  000004b8    000004b8    00000018   00000018    r-- .cinit
20000000    20000000    00000004   00000000    rw-
  20000000    20000000    00000004   00000000    rw- .data
2000fe00    2000fe00    00000200   00000000    rw-
  2000fe00    2000fe00    00000200   00000000    rw- .stack


SECTION ALLOCATION MAP

 output                                  attributes/
section   page    origin      length       input sections
--------  ----  ----------  ----------   ----------------
.intvecs   0    00000000    000000e4     
                  00000000    000000e4     startup_msp432p401r_ccs.obj (.intvecs:retain)

.text      0    000000e4    000003d4     
                  000000e4    00000100     main.obj (.text:PORT1_IRQHandler)
                  000001e4    000000bc     main.obj (.text:main)
                  000002a0    0000009c     rtsv7M4_T_le_v4SPD16_eabi.lib : memcpy_t2.asm.obj (.text)
                  0000033c    00000078     system_msp432p401r.obj (.text:SystemInit)
                  000003b4    00000068     rtsv7M4_T_le_v4SPD16_eabi.lib : copy_decompress_lzss.c.obj (.text:decompress:lzss:__TI_decompress_lzss)
                  0000041c    00000044                                   : autoinit.c.obj (.text:__TI_auto_init_nobinit_nopinit:__TI_auto_init_nobinit_nopinit)
                  00000460    00000034                                   : boot_cortex_m.c.obj (.text:_c_int00_noargs:_c_int00_noargs)
                  00000494    0000000e                                   : copy_decompress_none.c.obj (.text:decompress:none:__TI_decompress_none)
                  000004a2    0000000c     startup_msp432p401r_ccs.obj (.text:Reset_Handler)
                  000004ae    00000004     rtsv7M4_T_le_v4SPD16_eabi.lib : pre_init.c.obj (.text:_system_pre_init)
                  000004b2    00000004                                   : exit.c.obj (.text:abort:abort)
                  000004b6    00000002     startup_msp432p401r_ccs.obj (.text:Default_Handler)

.cinit     0    000004b8    00000018     
                  000004b8    00000008     (__TI_handler_table)
                  000004c0    00000007     (.cinit..data.load) [load image, compression = lzss]
                  000004c7    00000001     --HOLE-- [fill = 0]
                  000004c8    00000008     (__TI_cinit_table)

.init_array 
*          0    00000000    00000000     UNINITIALIZED

.binit     0    00000000    00000000     

.data      0    20000000    00000004     UNINITIALIZED
                  20000000    00000004     main.obj (.data)

.stack     0    2000fe00    00000200     UNINITIALIZED
                  2000fe00    00000004     rtsv7M4_T_le_v4SPD16_eabi.lib : boot_cortex_m.c.obj (.stack)
                  2000fe04    000001fc     --HOLE--

__llvm_prf_cnts 
*          0    20000000    00000000     UNINITIALIZED

MODULE SUMMARY

       Module                        code   ro data   rw data
       ------                        ----   -------   -------
    .\
       main.obj                      444    0         8      
       system_msp432p401r.obj        120    0         0      
    +--+-----------------------------+------+---------+---------+
       Total:                        564    0         8      
                                                             
    .\ccs\
       startup_msp432p401r_ccs.obj   14     228       0      
    +--+-----------------------------+------+---------+---------+
       Total:                        14     228       0      
                                                             
    C:\ti\ccs1040\ccs\tools\compiler\ti-cgt-arm_20.2.5.LTS\lib\rtsv7M4_T_le_v4SPD16_eabi.lib
       memcpy_t2.asm.obj             156    0         0      
       copy_decompress_lzss.c.obj    104    0         0      
       autoinit.c.obj                68     0         0      
       boot_cortex_m.c.obj           52     0         0      
       copy_decompress_none.c.obj    14     0         0      
       exit.c.obj                    4      0         0      
       pre_init.c.obj                4      0         0      
    +--+-----------------------------+------+---------+---------+
       Total:                        402    0         0      
                                                             
       Stack:                        0      0         1024   
       Linker Generated:             0      23        0      
    +--+-----------------------------+------+---------+---------+
       Grand Total:                  980    251       1032   


LINKER GENERATED COPY TABLES

__TI_cinit_table @ 000004c8 records: 1, size/record: 8, table size: 8
	.data: load addr=000004c0, load size=00000007 bytes, run addr=20000000, run size=00000004 bytes, compression=lzss


LINKER GENERATED HANDLER TABLE

__TI_handler_table @ 000004b8 records: 2, size/record: 4, table size: 8
	index: 0, handler: __TI_decompress_lzss
	index: 1, handler: __TI_decompress_none


GLOBAL SYMBOLS: SORTED ALPHABETICALLY BY Name 

address   name                          
-------   ----                          
000004b7  ADC14_IRQHandler              
000004b7  AES256_IRQHandler             
000004b7  BusFault_Handler              
000004b3  C$$EXIT                       
000004b7  COMP_E0_IRQHandler            
000004b7  COMP_E1_IRQHandler            
000004b7  CS_IRQHandler                 
000004b7  DMA_ERR_IRQHandler            
000004b7  DMA_INT0_IRQHandler           
000004b7  DMA_INT1_IRQHandler           
000004b7  DMA_INT2_IRQHandler           
000004b7  DMA_INT3_IRQHandler           
000004b7  DebugMon_Handler              
000004b7  Default_Handler               
000004b7  EUSCIA0_IRQHandler            
000004b7  EUSCIA1_IRQHandler            
000004b7  EUSCIA2_IRQHandler            
000004b7  EUSCIA3_IRQHandler            
000004b7  EUSCIB0_IRQHandler            
000004b7  EUSCIB1_IRQHandler            
000004b7  EUSCIB2_IRQHandler            
000004b7  EUSCIB3_IRQHandler            
000004b7  FLCTL_IRQHandler              
000004b7  FPU_IRQHandler                
000004b7  HardFault_Handler             
000004b7  MemManage_Handler             
000004b7  NMI_Handler                   
000004b7  PCM_IRQHandler                
000000e5  PORT1_IRQHandler              
000000e5  PORT1_IRQHandler              
000004b7  PORT2_IRQHandler              
000004b7  PORT3_IRQHandler              
000004b7  PORT4_IRQHandler              
000004b7  PORT5_IRQHandler              
000004b7  PORT6_IRQHandler              
000004b7  PSS_IRQHandler                
000004b7  PendSV_Handler                
000004b7  RTC_C_IRQHandler              
000004a3  Reset_Handler                 
000004b7  SVC_Handler                   
000004b7  SysTick_Handler               
0000033d  SystemInit                    
000004b7  T32_INT1_IRQHandler           
000004b7  T32_INT2_IRQHandler           
000004b7  T32_INTC_IRQHandler           
000004b7  TA0_0_IRQHandler              
000004b7  TA0_N_IRQHandler              
000004b7  TA1_0_IRQHandler              
000004b7  TA1_N_IRQHandler              
000004b7  TA2_0_IRQHandler              
000004b7  TA2_N_IRQHandler              
000004b7  TA3_0_IRQHandler              
000004b7  TA3_N_IRQHandler              
000004b7  UsageFault_Handler            
4000480c  WDTCTL_SYM                    
000004b7  WDT_A_IRQHandler              
20010000  __STACK_END                   
00000200  __STACK_SIZE                  
000004c8  __TI_CINIT_Base               
000004d0  __TI_CINIT_Limit              
000004b8  __TI_Handler_Table_Base       
000004c0  __TI_Handler_Table_Limit      
0000041d  __TI_auto_init_nobinit_nopinit
000003b5  __TI_decompress_lzss          
00000495  __TI_decompress_none          
ffffffff  __TI_pprof_out_hndl           
ffffffff  __TI_prof_data_size           
ffffffff  __TI_prof_data_start          
00000000  __TI_static_base__            
000002a1  __aeabi_memcpy                
000002a1  __aeabi_memcpy4               
000002a1  __aeabi_memcpy8               
ffffffff  __binit__                     
ffffffff  __c_args__                    
UNDEFED   __mpu_init                    
2000fe00  __stack                       
20000000  __start___llvm_prf_cnts       
20000000  __stop___llvm_prf_cnts        
00000461  _c_int00_noargs               
UNDEFED   _system_post_cinit            
000004af  _system_pre_init              
000004b3  abort                         
ffffffff  binit                         
00000000  interruptVectors              
000001e5  main                          
000002a1  memcpy                        


GLOBAL SYMBOLS: SORTED BY Symbol Address 

address   name                          
-------   ----                          
00000000  __TI_static_base__            
00000000  interruptVectors              
000000e5  PORT1_IRQHandler              
000000e5  PORT1_IRQHandler              
000001e5  main                          
00000200  __STACK_SIZE                  
000002a1  __aeabi_memcpy                
000002a1  __aeabi_memcpy4               
000002a1  __aeabi_memcpy8               
000002a1  memcpy                        
0000033d  SystemInit                    
000003b5  __TI_decompress_lzss          
0000041d  __TI_auto_init_nobinit_nopinit
00000461  _c_int00_noargs               
00000495  __TI_decompress_none          
000004a3  Reset_Handler                 
000004af  _system_pre_init              
000004b3  C$$EXIT                       
000004b3  abort                         
000004b7  ADC14_IRQHandler              
000004b7  AES256_IRQHandler             
000004b7  BusFault_Handler              
000004b7  COMP_E0_IRQHandler            
000004b7  COMP_E1_IRQHandler            
000004b7  CS_IRQHandler                 
000004b7  DMA_ERR_IRQHandler            
000004b7  DMA_INT0_IRQHandler           
000004b7  DMA_INT1_IRQHandler           
000004b7  DMA_INT2_IRQHandler           
000004b7  DMA_INT3_IRQHandler           
000004b7  DebugMon_Handler              
000004b7  Default_Handler               
000004b7  EUSCIA0_IRQHandler            
000004b7  EUSCIA1_IRQHandler            
000004b7  EUSCIA2_IRQHandler            
000004b7  EUSCIA3_IRQHandler            
000004b7  EUSCIB0_IRQHandler            
000004b7  EUSCIB1_IRQHandler            
000004b7  EUSCIB2_IRQHandler            
000004b7  EUSCIB3_IRQHandler            
000004b7  FLCTL_IRQHandler              
000004b7  FPU_IRQHandler                
000004b7  HardFault_Handler             
000004b7  MemManage_Handler             
000004b7  NMI_Handler                   
000004b7  PCM_IRQHandler                
000004b7  PORT2_IRQHandler              
000004b7  PORT3_IRQHandler              
000004b7  PORT4_IRQHandler              
000004b7  PORT5_IRQHandler              
000004b7  PORT6_IRQHandler              
000004b7  PSS_IRQHandler                
000004b7  PendSV_Handler                
000004b7  RTC_C_IRQHandler              
000004b7  SVC_Handler                   
000004b7  SysTick_Handler               
000004b7  T32_INT1_IRQHandler           
000004b7  T32_INT2_IRQHandler           
000004b7  T32_INTC_IRQHandler           
000004b7  TA0_0_IRQHandler              
000004b7  TA0_N_IRQHandler              
000004b7  TA1_0_IRQHandler              
000004b7  TA1_N_IRQHandler              
000004b7  TA2_0_IRQHandler              
000004b7  TA2_N_IRQHandler              
000004b7  TA3_0_IRQHandler              
000004b7  TA3_N_IRQHandler              
000004b7  UsageFault_Handler            
000004b7  WDT_A_IRQHandler              
000004b8  __TI_Handler_Table_Base       
000004c0  __TI_Handler_Table_Limit      
000004c8  __TI_CINIT_Base               
000004d0  __TI_CINIT_Limit              
20000000  __start___llvm_prf_cnts       
20000000  __stop___llvm_prf_cnts        
2000fe00  __stack                       
20010000  __STACK_END                   
4000480c  WDTCTL_SYM                    
ffffffff  __TI_pprof_out_hndl           
ffffffff  __TI_prof_data_size           
ffffffff  __TI_prof_data_start          
ffffffff  __binit__                     
ffffffff  __c_args__                    
ffffffff  binit                         
UNDEFED   __mpu_init                    
UNDEFED   _system_post_cinit            

[86 symbols]
