******************************************************************************
                  TI ARM Linker PC v20.2.5                     
******************************************************************************
>> Linked Mon Oct 11 22:30:37 2021

OUTPUT FILE NAME:   <LAB4_p2.out>
ENTRY POINT SYMBOL: "_c_int00_noargs"  address: 000006c9


MEMORY CONFIGURATION

         name            origin    length      used     unused   attr    fill
----------------------  --------  ---------  --------  --------  ----  --------
  MAIN                  00000000   00040000  0000087c  0003f784  R  X
  INFO                  00200000   00004000  00000000  00004000  R  X
  SRAM_CODE             01000000   00010000  00000218  0000fde8  RW X
  SRAM_DATA             20000000   00010000  00000218  0000fde8  RW  


SEGMENT ALLOCATION MAP

run origin  load origin   length   init length attrs members
----------  ----------- ---------- ----------- ----- -------
00000000    00000000    0000087c   0000087c    r-x
  00000000    00000000    000000e4   000000e4    r-- .intvecs
  000000e4    000000e4    00000734   00000734    r-x .text
  00000818    00000818    00000038   00000038    r-- .const
  00000850    00000850    0000002c   0000002c    r-- .cinit
20000000    20000000    00000018   00000000    rw-
  20000000    20000000    00000018   00000000    rw- .data
2000fe00    2000fe00    00000200   00000000    rw-
  2000fe00    2000fe00    00000200   00000000    rw- .stack


SECTION ALLOCATION MAP

 output                                  attributes/
section   page    origin      length       input sections
--------  ----  ----------  ----------   ----------------
.intvecs   0    00000000    000000e4     
                  00000000    000000e4     startup_msp432p401r_ccs.obj (.intvecs:retain)

.text      0    000000e4    00000734     
                  000000e4    00000144     msp432p4xx_driverlib.lib : timer_a.o (.text:privateTimer_AProcessClockSourceDivider)
                  00000228    0000009c     rtsv7M4_T_le_v4SPD16_eabi.lib : memcpy_t2.asm.obj (.text)
                  000002c4    00000088     msp432p4xx_driverlib.lib : gpio.o (.text:GPIO_setAsPeripheralModuleFunctionOutputPin)
                  0000034c    00000080                              : interrupt.o (.text:Interrupt_enableInterrupt)
                  000003cc    00000078     system_msp432p401r.obj (.text:SystemInit)
                  00000444    00000074     msp432p4xx_driverlib.lib : timer_a.o (.text:Timer_A_generatePWM)
                  000004b8    00000074     main.obj (.text:main)
                  0000052c    00000068     rtsv7M4_T_le_v4SPD16_eabi.lib : copy_decompress_lzss.c.obj (.text:decompress:lzss:__TI_decompress_lzss)
                  00000594    00000058     msp432p4xx_driverlib.lib : gpio.o (.text:GPIO_setAsInputPinWithPullUpResistor)
                  000005ec    00000058     main.obj (.text:PORT1_IRQHandler)
                  00000644    00000044     rtsv7M4_T_le_v4SPD16_eabi.lib : autoinit.c.obj (.text:__TI_auto_init_nobinit_nopinit:__TI_auto_init_nobinit_nopinit)
                  00000688    00000040     msp432p4xx_driverlib.lib : gpio.o (.text:GPIO_setAsOutputPin)
                  000006c8    00000034     rtsv7M4_T_le_v4SPD16_eabi.lib : boot_cortex_m.c.obj (.text:_c_int00_noargs:_c_int00_noargs)
                  000006fc    00000028     msp432p4xx_driverlib.lib : gpio.o (.text:GPIO_clearInterruptFlag)
                  00000724    00000028                              : gpio.o (.text:GPIO_enableInterrupt)
                  0000074c    00000028                              : gpio.o (.text:GPIO_setOutputHighOnPin)
                  00000774    00000028                              : gpio.o (.text:GPIO_setOutputLowOnPin)
                  0000079c    00000028                              : pcm.o (.text:PCM_gotoLPM0)
                  000007c4    00000010                              : interrupt.o (.text:Interrupt_enableMaster)
                  000007d4    00000010                              : interrupt.o (.text:Interrupt_enableSleepOnIsrExit)
                  000007e4    0000000e     rtsv7M4_T_le_v4SPD16_eabi.lib : copy_decompress_none.c.obj (.text:decompress:none:__TI_decompress_none)
                  000007f2    0000000c     msp432p4xx_driverlib.lib : cpu.o (.text:CPU_cpsie)
                  000007fe    0000000c     startup_msp432p401r_ccs.obj (.text:Reset_Handler)
                  0000080a    00000004     msp432p4xx_driverlib.lib : cpu.o (.text:CPU_wfi)
                  0000080e    00000004     rtsv7M4_T_le_v4SPD16_eabi.lib : pre_init.c.obj (.text:_system_pre_init)
                  00000812    00000004                                   : exit.c.obj (.text:abort:abort)
                  00000816    00000002     startup_msp432p401r_ccs.obj (.text:Default_Handler)

.const     0    00000818    00000038     
                  00000818    00000030     msp432p4xx_driverlib.lib : gpio.o (.const:GPIO_PORT_TO_BASE)
                  00000848    00000008                              : interrupt.o (.const:g_pulEnRegs)

.cinit     0    00000850    0000002c     
                  00000850    0000001c     (.cinit..data.load) [load image, compression = lzss]
                  0000086c    00000008     (__TI_handler_table)
                  00000874    00000008     (__TI_cinit_table)

.init_array 
*          0    00000000    00000000     UNINITIALIZED

.binit     0    00000000    00000000     

.data      0    20000000    00000018     UNINITIALIZED
                  20000000    00000018     main.obj (.data:pwmConfig)

.stack     0    2000fe00    00000200     UNINITIALIZED
                  2000fe00    00000004     rtsv7M4_T_le_v4SPD16_eabi.lib : boot_cortex_m.c.obj (.stack)
                  2000fe04    000001fc     --HOLE--

__llvm_prf_cnts 
*          0    20000000    00000000     UNINITIALIZED

MODULE SUMMARY

       Module                        code   ro data   rw data
       ------                        ----   -------   -------
    .\
       main.obj                      204    0         48     
       system_msp432p401r.obj        120    0         0      
    +--+-----------------------------+------+---------+---------+
       Total:                        324    0         48     
                                                             
    .\ccs\
       startup_msp432p401r_ccs.obj   14     228       0      
    +--+-----------------------------+------+---------+---------+
       Total:                        14     228       0      
                                                             
    C:/ti/simplelink_msp432p4_sdk_3_40_01_02/source/ti/devices/msp432p4xx/driverlib/ccs/msp432p4xx_driverlib.lib
       gpio.o                        448    48        0      
       timer_a.o                     440    0         0      
       interrupt.o                   160    8         0      
       pcm.o                         40     0         0      
       cpu.o                         16     0         0      
    +--+-----------------------------+------+---------+---------+
       Total:                        1104   56        0      
                                                             
    C:\ti\ccs1040\ccs\tools\compiler\ti-cgt-arm_20.2.5.LTS\lib\rtsv7M4_T_le_v4SPD16_eabi.lib
       memcpy_t2.asm.obj             156    0         0      
       copy_decompress_lzss.c.obj    104    0         0      
       autoinit.c.obj                68     0         0      
       boot_cortex_m.c.obj           52     0         0      
       copy_decompress_none.c.obj    14     0         0      
       exit.c.obj                    4      0         0      
       pre_init.c.obj                4      0         0      
    +--+-----------------------------+------+---------+---------+
       Total:                        402    0         0      
                                                             
       Stack:                        0      0         1024   
       Linker Generated:             0      44        0      
    +--+-----------------------------+------+---------+---------+
       Grand Total:                  1844   328       1072   


LINKER GENERATED COPY TABLES

__TI_cinit_table @ 00000874 records: 1, size/record: 8, table size: 8
	.data: load addr=00000850, load size=0000001c bytes, run addr=20000000, run size=00000018 bytes, compression=lzss


LINKER GENERATED HANDLER TABLE

__TI_handler_table @ 0000086c records: 2, size/record: 4, table size: 8
	index: 0, handler: __TI_decompress_lzss
	index: 1, handler: __TI_decompress_none


GLOBAL SYMBOLS: SORTED ALPHABETICALLY BY Name 

address   name                                       
-------   ----                                       
00000817  ADC14_IRQHandler                           
00000817  AES256_IRQHandler                          
00000817  BusFault_Handler                           
00000813  C$$EXIT                                    
00000817  COMP_E0_IRQHandler                         
00000817  COMP_E1_IRQHandler                         
000007f3  CPU_cpsie                                  
0000080b  CPU_wfi                                    
00000817  CS_IRQHandler                              
00000817  DMA_ERR_IRQHandler                         
00000817  DMA_INT0_IRQHandler                        
00000817  DMA_INT1_IRQHandler                        
00000817  DMA_INT2_IRQHandler                        
00000817  DMA_INT3_IRQHandler                        
00000817  DebugMon_Handler                           
00000817  Default_Handler                            
00000817  EUSCIA0_IRQHandler                         
00000817  EUSCIA1_IRQHandler                         
00000817  EUSCIA2_IRQHandler                         
00000817  EUSCIA3_IRQHandler                         
00000817  EUSCIB0_IRQHandler                         
00000817  EUSCIB1_IRQHandler                         
00000817  EUSCIB2_IRQHandler                         
00000817  EUSCIB3_IRQHandler                         
00000817  FLCTL_IRQHandler                           
00000817  FPU_IRQHandler                             
000006fd  GPIO_clearInterruptFlag                    
00000725  GPIO_enableInterrupt                       
00000595  GPIO_setAsInputPinWithPullUpResistor       
00000689  GPIO_setAsOutputPin                        
000002c5  GPIO_setAsPeripheralModuleFunctionOutputPin
0000074d  GPIO_setOutputHighOnPin                    
00000775  GPIO_setOutputLowOnPin                     
00000817  HardFault_Handler                          
0000034d  Interrupt_enableInterrupt                  
000007c5  Interrupt_enableMaster                     
000007d5  Interrupt_enableSleepOnIsrExit             
00000817  MemManage_Handler                          
00000817  NMI_Handler                                
00000817  PCM_IRQHandler                             
0000079d  PCM_gotoLPM0                               
000005ed  PORT1_IRQHandler                           
000005ed  PORT1_IRQHandler                           
00000817  PORT2_IRQHandler                           
00000817  PORT3_IRQHandler                           
00000817  PORT4_IRQHandler                           
00000817  PORT5_IRQHandler                           
00000817  PORT6_IRQHandler                           
00000817  PSS_IRQHandler                             
00000817  PendSV_Handler                             
00000817  RTC_C_IRQHandler                           
000007ff  Reset_Handler                              
00000817  SVC_Handler                                
00000817  SysTick_Handler                            
000003cd  SystemInit                                 
00000817  T32_INT1_IRQHandler                        
00000817  T32_INT2_IRQHandler                        
00000817  T32_INTC_IRQHandler                        
00000817  TA0_0_IRQHandler                           
00000817  TA0_N_IRQHandler                           
00000817  TA1_0_IRQHandler                           
00000817  TA1_N_IRQHandler                           
00000817  TA2_0_IRQHandler                           
00000817  TA2_N_IRQHandler                           
00000817  TA3_0_IRQHandler                           
00000817  TA3_N_IRQHandler                           
00000445  Timer_A_generatePWM                        
00000817  UsageFault_Handler                         
4000480c  WDTCTL_SYM                                 
00000817  WDT_A_IRQHandler                           
20010000  __STACK_END                                
00000200  __STACK_SIZE                               
00000874  __TI_CINIT_Base                            
0000087c  __TI_CINIT_Limit                           
0000086c  __TI_Handler_Table_Base                    
00000874  __TI_Handler_Table_Limit                   
00000645  __TI_auto_init_nobinit_nopinit             
0000052d  __TI_decompress_lzss                       
000007e5  __TI_decompress_none                       
ffffffff  __TI_pprof_out_hndl                        
ffffffff  __TI_prof_data_size                        
ffffffff  __TI_prof_data_start                       
00000000  __TI_static_base__                         
00000229  __aeabi_memcpy                             
00000229  __aeabi_memcpy4                            
00000229  __aeabi_memcpy8                            
ffffffff  __binit__                                  
ffffffff  __c_args__                                 
UNDEFED   __mpu_init                                 
2000fe00  __stack                                    
20000000  __start___llvm_prf_cnts                    
20000000  __stop___llvm_prf_cnts                     
000006c9  _c_int00_noargs                            
UNDEFED   _system_post_cinit                         
0000080f  _system_pre_init                           
00000813  abort                                      
ffffffff  binit                                      
00000000  interruptVectors                           
000004b9  main                                       
00000229  memcpy                                     
20000000  pwmConfig                                  


GLOBAL SYMBOLS: SORTED BY Symbol Address 

address   name                                       
-------   ----                                       
00000000  __TI_static_base__                         
00000000  interruptVectors                           
00000200  __STACK_SIZE                               
00000229  __aeabi_memcpy                             
00000229  __aeabi_memcpy4                            
00000229  __aeabi_memcpy8                            
00000229  memcpy                                     
000002c5  GPIO_setAsPeripheralModuleFunctionOutputPin
0000034d  Interrupt_enableInterrupt                  
000003cd  SystemInit                                 
00000445  Timer_A_generatePWM                        
000004b9  main                                       
0000052d  __TI_decompress_lzss                       
00000595  GPIO_setAsInputPinWithPullUpResistor       
000005ed  PORT1_IRQHandler                           
000005ed  PORT1_IRQHandler                           
00000645  __TI_auto_init_nobinit_nopinit             
00000689  GPIO_setAsOutputPin                        
000006c9  _c_int00_noargs                            
000006fd  GPIO_clearInterruptFlag                    
00000725  GPIO_enableInterrupt                       
0000074d  GPIO_setOutputHighOnPin                    
00000775  GPIO_setOutputLowOnPin                     
0000079d  PCM_gotoLPM0                               
000007c5  Interrupt_enableMaster                     
000007d5  Interrupt_enableSleepOnIsrExit             
000007e5  __TI_decompress_none                       
000007f3  CPU_cpsie                                  
000007ff  Reset_Handler                              
0000080b  CPU_wfi                                    
0000080f  _system_pre_init                           
00000813  C$$EXIT                                    
00000813  abort                                      
00000817  ADC14_IRQHandler                           
00000817  AES256_IRQHandler                          
00000817  BusFault_Handler                           
00000817  COMP_E0_IRQHandler                         
00000817  COMP_E1_IRQHandler                         
00000817  CS_IRQHandler                              
00000817  DMA_ERR_IRQHandler                         
00000817  DMA_INT0_IRQHandler                        
00000817  DMA_INT1_IRQHandler                        
00000817  DMA_INT2_IRQHandler                        
00000817  DMA_INT3_IRQHandler                        
00000817  DebugMon_Handler                           
00000817  Default_Handler                            
00000817  EUSCIA0_IRQHandler                         
00000817  EUSCIA1_IRQHandler                         
00000817  EUSCIA2_IRQHandler                         
00000817  EUSCIA3_IRQHandler                         
00000817  EUSCIB0_IRQHandler                         
00000817  EUSCIB1_IRQHandler                         
00000817  EUSCIB2_IRQHandler                         
00000817  EUSCIB3_IRQHandler                         
00000817  FLCTL_IRQHandler                           
00000817  FPU_IRQHandler                             
00000817  HardFault_Handler                          
00000817  MemManage_Handler                          
00000817  NMI_Handler                                
00000817  PCM_IRQHandler                             
00000817  PORT2_IRQHandler                           
00000817  PORT3_IRQHandler                           
00000817  PORT4_IRQHandler                           
00000817  PORT5_IRQHandler                           
00000817  PORT6_IRQHandler                           
00000817  PSS_IRQHandler                             
00000817  PendSV_Handler                             
00000817  RTC_C_IRQHandler                           
00000817  SVC_Handler                                
00000817  SysTick_Handler                            
00000817  T32_INT1_IRQHandler                        
00000817  T32_INT2_IRQHandler                        
00000817  T32_INTC_IRQHandler                        
00000817  TA0_0_IRQHandler                           
00000817  TA0_N_IRQHandler                           
00000817  TA1_0_IRQHandler                           
00000817  TA1_N_IRQHandler                           
00000817  TA2_0_IRQHandler                           
00000817  TA2_N_IRQHandler                           
00000817  TA3_0_IRQHandler                           
00000817  TA3_N_IRQHandler                           
00000817  UsageFault_Handler                         
00000817  WDT_A_IRQHandler                           
0000086c  __TI_Handler_Table_Base                    
00000874  __TI_CINIT_Base                            
00000874  __TI_Handler_Table_Limit                   
0000087c  __TI_CINIT_Limit                           
20000000  __start___llvm_prf_cnts                    
20000000  __stop___llvm_prf_cnts                     
20000000  pwmConfig                                  
2000fe00  __stack                                    
20010000  __STACK_END                                
4000480c  WDTCTL_SYM                                 
ffffffff  __TI_pprof_out_hndl                        
ffffffff  __TI_prof_data_size                        
ffffffff  __TI_prof_data_start                       
ffffffff  __binit__                                  
ffffffff  __c_args__                                 
ffffffff  binit                                      
UNDEFED   __mpu_init                                 
UNDEFED   _system_post_cinit                         

[101 symbols]
