******************************************************************************
                  TI ARM Linker PC v20.2.5                     
******************************************************************************
>> Linked Wed Sep 29 23:56:37 2021

OUTPUT FILE NAME:   <LAB4.out>
ENTRY POINT SYMBOL: "_c_int00_noargs"  address: 0000312d


MEMORY CONFIGURATION

         name            origin    length      used     unused   attr    fill
----------------------  --------  ---------  --------  --------  ----  --------
  MAIN                  00000000   00040000  00003700  0003c900  R  X
  INFO                  00200000   00004000  00000000  00004000  R  X
  SRAM_CODE             01000000   00010000  00000dbc  0000f244  RW X
  SRAM_DATA             20000000   00010000  00000dbc  0000f244  RW  


SEGMENT ALLOCATION MAP

run origin  load origin   length   init length attrs members
----------  ----------- ---------- ----------- ----- -------
00000000    00000000    00003700   00003700    r-x
  00000000    00000000    000000e4   000000e4    r-- .intvecs
  000000e4    000000e4    00003438   00003438    r-x .text
  0000351c    0000351c    00000154   00000154    r-- .const
  00003670    00003670    00000090   00000090    r-- .cinit
20000000    20000000    00000bbc   00000000    rw-
  20000000    20000000    00000800   00000000    rw- .sysmem
  20000800    20000800    000001e8   00000000    rw- .data
  200009e8    200009e8    000001d4   00000000    rw- .bss
2000fe00    2000fe00    00000200   00000000    rw-
  2000fe00    2000fe00    00000200   00000000    rw- .stack


SECTION ALLOCATION MAP

 output                                  attributes/
section   page    origin      length       input sections
--------  ----  ----------  ----------   ----------------
.intvecs   0    00000000    000000e4     
                  00000000    000000e4     startup_msp432p401r_ccs.obj (.intvecs:retain)

.text      0    000000e4    00003438     
                  000000e4    00000a4e     rtsv7M4_T_le_v4SPD16_eabi.lib : _printfi.c.obj (.text:__TI_printfi)
                  00000b32    00000002     startup_msp432p401r_ccs.obj (.text:Default_Handler)
                  00000b34    00000270     rtsv7M4_T_le_v4SPD16_eabi.lib : _printfi.c.obj (.text:_pconv_a)
                  00000da4    000001d0                                   : _printfi.c.obj (.text:_pconv_g)
                  00000f74    000001b6                                   : fd_add_t2.asm.obj (.text)
                  0000112a    00000002                                   : _lock.c.obj (.text:_nop)
                  0000112c    00000144     msp432p4xx_driverlib.lib : timer_a.o (.text:privateTimer_AProcessClockSourceDivider)
                  00001270    0000013c     rtsv7M4_T_le_v4SPD16_eabi.lib : _printfi.c.obj (.text:_pconv_e)
                  000013ac    00000136                                   : fd_div_t2.asm.obj (.text)
                  000014e2    00000002                                   : div0.asm.obj (.text)
                  000014e4    00000124                                   : _printfi.c.obj (.text:fcvt)
                  00001608    00000114                                   : fputs.c.obj (.text:fputs)
                  0000171c    00000110                                   : s_scalbn.c.obj (.text:scalbn)
                  0000182c    00000104     msp432p4xx_driverlib.lib : cs.o (.text:_CSComputeCLKFrequency)
                  00001930    00000100     rtsv7M4_T_le_v4SPD16_eabi.lib : memory.c.obj (.text:aligned_alloc)
                  00001a30    000000fc                                   : fd_mul_t2.asm.obj (.text)
                  00001b2c    000000f8     msp432p4xx_driverlib.lib : cs.o (.text:CS_getDCOFrequency)
                  00001c24    000000e4     rtsv7M4_T_le_v4SPD16_eabi.lib : memory.c.obj (.text:free)
                  00001d08    000000dc                                   : setvbuf.c.obj (.text:setvbuf)
                  00001de4    000000b1                                   : _printfi.c.obj (.text:_ltostr)
                  00001e95    00000001     --HOLE-- [fill = 0]
                  00001e96    0000009c                                   : memcpy_t2.asm.obj (.text)
                  00001f32    00000096                                   : ull_div_t2.asm.obj (.text)
                  00001fc8    00000094     msp432p4xx_driverlib.lib : sysctl_a.o (.text:SysCtl_A_getTLVInfo)
                  0000205c    0000008c     rtsv7M4_T_le_v4SPD16_eabi.lib : fputc.c.obj (.text:fputc)
                  000020e8    00000088     main.obj (.text:getHCSR04Distance)
                  00002170    00000086     rtsv7M4_T_le_v4SPD16_eabi.lib : fd_cmp_t2.asm.obj (.text:__aeabi_cdcmple)
                  000021f6    00000086                                   : fd_cmp_t2.asm.obj (.text:__aeabi_cdrcmple)
                  0000227c    00000080     msp432p4xx_driverlib.lib : interrupt.o (.text:Interrupt_enableInterrupt)
                  000022fc    0000007c                              : cs.o (.text:_CSGetDOCFrequency)
                  00002378    0000007a     rtsv7M4_T_le_v4SPD16_eabi.lib : memset_t2.asm.obj (.text)
                  000023f2    00000002     --HOLE-- [fill = 0]
                  000023f4    00000078     system_msp432p401r.obj (.text:SystemInit)
                  0000246c    00000074     rtsv7M4_T_le_v4SPD16_eabi.lib : fclose.c.obj (.text:__TI_closefile)
                  000024e0    00000070                                   : memory.c.obj (.text:split)
                  00002550    0000006e                                   : _printfi.c.obj (.text:_mcpy)
                  000025be    00000002     --HOLE-- [fill = 0]
                  000025c0    0000006e     main.obj (.text:main)
                  0000262e    00000002     --HOLE-- [fill = 0]
                  00002630    0000006c     rtsv7M4_T_le_v4SPD16_eabi.lib : hostrename.c.obj (.text:HOSTrename)
                  0000269c    00000068                                   : hostlseek.c.obj (.text:HOSTlseek)
                  00002704    00000068     msp432p4xx_driverlib.lib : timer_a.o (.text:Timer_A_configureUpMode)
                  0000276c    00000068     rtsv7M4_T_le_v4SPD16_eabi.lib : copy_decompress_lzss.c.obj (.text:decompress:lzss:__TI_decompress_lzss)
                  000027d4    00000068                                   : printf.c.obj (.text:printf)
                  0000283c    00000064                                   : s_frexp.c.obj (.text:frexp)
                  000028a0    00000064                                   : fseek.c.obj (.text:fseek)
                  00002904    00000062     msp432p4xx_driverlib.lib : cs.o (.text:_CSGetDividerValue)
                  00002966    00000062     rtsv7M4_T_le_v4SPD16_eabi.lib : _io_perm.c.obj (.text:__TI_wrt_ok)
                  000029c8    00000060                                   : hostopen.c.obj (.text:HOSTopen)
                  00002a28    0000005c                                   : close.c.obj (.text:close)
                  00002a84    00000058     msp432p4xx_driverlib.lib : gpio.o (.text:GPIO_setAsInputPinWithPullDownResistor)
                  00002adc    00000058     rtsv7M4_T_le_v4SPD16_eabi.lib : hostread.c.obj (.text:HOSTread)
                  00002b34    00000058                                   : hostwrite.c.obj (.text:HOSTwrite)
                  00002b8c    00000056                                   : _printfi.c.obj (.text:_pconv_f)
                  00002be2    00000002     --HOLE-- [fill = 0]
                  00002be4    00000054     main.obj (.text:Initialize_HCSR04)
                  00002c38    00000054     rtsv7M4_T_le_v4SPD16_eabi.lib : _ltoa.c.obj (.text:__TI_ltoa)
                  00002c8c    00000052                                   : _printfi.c.obj (.text:_ecpy)
                  00002cde    0000004c     msp432p4xx_driverlib.lib : timer_a.o (.text:Timer_A_getCounterValue)
                  00002d2a    0000004c     rtsv7M4_T_le_v4SPD16_eabi.lib : fflush.c.obj (.text:__TI_doflush)
                  00002d76    00000002     --HOLE-- [fill = 0]
                  00002d78    0000004c                                   : atoi.c.obj (.text:atoi)
                  00002dc4    00000048                                   : exit.c.obj (.text:exit)
                  00002e0c    00000048                                   : fd_toi_t2.asm.obj (.text)
                  00002e54    00000044                                   : hostclose.c.obj (.text:HOSTclose)
                  00002e98    00000044                                   : hostunlink.c.obj (.text:HOSTunlink)
                  00002edc    00000044                                   : autoinit.c.obj (.text:__TI_auto_init_nobinit_nopinit:__TI_auto_init_nobinit_nopinit)
                  00002f20    00000044                                   : getdevice.c.obj (.text:getdevice)
                  00002f64    00000040     msp432p4xx_driverlib.lib : gpio.o (.text:GPIO_setAsOutputPin)
                  00002fa4    0000003e     rtsv7M4_T_le_v4SPD16_eabi.lib : _printfi.c.obj (.text:_fcpy)
                  00002fe2    00000002     --HOLE-- [fill = 0]
                  00002fe4    00000038                                   : trgmsg.c.obj (.text:__TI_writemsg)
                  0000301c    00000038     main.obj (.text:getHCSR04Time)
                  00003054    00000038     rtsv7M4_T_le_v4SPD16_eabi.lib : fs_tod_t2.asm.obj (.text)
                  0000308c    00000036                                   : strncpy.c.obj (.text:strncpy)
                  000030c2    00000002     --HOLE-- [fill = 0]
                  000030c4    00000034                                   : fopen.c.obj (.text:__TI_cleanup)
                  000030f8    00000034                                   : trgmsg.c.obj (.text:__TI_readmsg)
                  0000312c    00000034                                   : boot_cortex_m.c.obj (.text:_c_int00_noargs:_c_int00_noargs)
                  00003160    00000030     msp432p4xx_driverlib.lib : cs.o (.text:CS_clearInterruptFlag)
                  00003190    00000030                              : gpio.o (.text:GPIO_getInputPinValue)
                  000031c0    00000030     rtsv7M4_T_le_v4SPD16_eabi.lib : getdevice.c.obj (.text:finddevice)
                  000031f0    0000002e                                   : i_tofd_t2.asm.obj (.text)
                  0000321e    00000002     --HOLE-- [fill = 0]
                  00003220    0000002c     msp432p4xx_driverlib.lib : timer_a.o (.text:Timer_A_clearCaptureCompareInterrupt)
                  0000324c    0000002c     rtsv7M4_T_le_v4SPD16_eabi.lib : unlink.c.obj (.text:unlink)
                  00003278    00000028     msp432p4xx_driverlib.lib : cs.o (.text:CS_getSMCLK)
                  000032a0    00000028                              : gpio.o (.text:GPIO_setOutputHighOnPin)
                  000032c8    00000028                              : gpio.o (.text:GPIO_setOutputLowOnPin)
                  000032f0    00000028     rtsv7M4_T_le_v4SPD16_eabi.lib : memory.c.obj (.text:free_list_insert)
                  00003318    00000028                                   : lseek.c.obj (.text:lseek)
                  00003340    00000028                                   : write.c.obj (.text:write)
                  00003368    00000024     main.obj (.text:Delay)
                  0000338c    00000020     rtsv7M4_T_le_v4SPD16_eabi.lib : memchr.c.obj (.text:memchr)
                  000033ac    0000001c     main.obj (.text:TA0_0_IRQHandler)
                  000033c8    0000001c     rtsv7M4_T_le_v4SPD16_eabi.lib : copy_zero_init.c.obj (.text:decompress:ZI:__TI_zero_init_nomemset:__TI_zero_init_nomemset)
                  000033e4    0000001c                                   : memory.c.obj (.text:free_list_remove)
                  00003400    0000001c                                   : memccpy.c.obj (.text:memccpy)
                  0000341c    0000001a                                   : s_copysign.c.obj (.text:copysign)
                  00003436    00000002     --HOLE-- [fill = 0]
                  00003438    00000018     msp432p4xx_driverlib.lib : timer_a.o (.text:Timer_A_clearTimer)
                  00003450    00000018     rtsv7M4_T_le_v4SPD16_eabi.lib : strcmp.c.obj (.text:strcmp)
                  00003468    00000016     msp432p4xx_driverlib.lib : timer_a.o (.text:Timer_A_startCounter)
                  0000347e    00000016     rtsv7M4_T_le_v4SPD16_eabi.lib : strchr.c.obj (.text:strchr)
                  00003494    00000014     msp432p4xx_driverlib.lib : timer_a.o (.text:Timer_A_stopTimer)
                  000034a8    00000014     rtsv7M4_T_le_v4SPD16_eabi.lib : strcpy.c.obj (.text:strcpy)
                  000034bc    00000014                                   : strlen.c.obj (.text:strlen)
                  000034d0    00000012                                   : wcslen.c.obj (.text:wcslen)
                  000034e2    0000000e                                   : copy_decompress_none.c.obj (.text:decompress:none:__TI_decompress_none)
                  000034f0    0000000c     startup_msp432p401r_ccs.obj (.text:Reset_Handler)
                  000034fc    00000008     rtsv7M4_T_le_v4SPD16_eabi.lib : errno.c.obj (.text:__aeabi_errno_addr)
                  00003504    00000008                                   : memory.c.obj (.text:malloc)
                  0000350c    00000004                                   : printf.c.obj (.text:_outc)
                  00003510    00000004                                   : printf.c.obj (.text:_outs)
                  00003514    00000004                                   : pre_init.c.obj (.text:_system_pre_init)
                  00003518    00000004                                   : exit.c.obj (.text:abort:abort)

.const     0    0000351c    00000154     
                  0000351c    00000101     rtsv7M4_T_le_v4SPD16_eabi.lib : ctype.c.obj (.const:.string:_ctypes_)
                  0000361d    00000003     --HOLE-- [fill = 0]
                  00003620    00000030     msp432p4xx_driverlib.lib : gpio.o (.const:GPIO_PORT_TO_BASE)
                  00003650    00000018     main.obj (.const:$P$T0$1)
                  00003668    00000008     msp432p4xx_driverlib.lib : interrupt.o (.const:g_pulEnRegs)

.cinit     0    00003670    00000090     
                  00003670    00000069     (.cinit..data.load) [load image, compression = lzss]
                  000036d9    00000003     --HOLE-- [fill = 0]
                  000036dc    0000000c     (__TI_handler_table)
                  000036e8    00000008     (.cinit..bss.load) [load image, compression = zero_init]
                  000036f0    00000010     (__TI_cinit_table)

.init_array 
*          0    00000000    00000000     UNINITIALIZED

.binit     0    00000000    00000000     

.sysmem    0    20000000    00000800     UNINITIALIZED
                  20000000    00000010     rtsv7M4_T_le_v4SPD16_eabi.lib : memory.c.obj (.sysmem)
                  20000010    000007f0     --HOLE--

.data      0    20000800    000001e8     UNINITIALIZED
                  20000800    000000f0     rtsv7M4_T_le_v4SPD16_eabi.lib : defs.c.obj (.data:_ftable)
                  200008f0    00000078                                   : host_device.c.obj (.data:_device)
                  20000968    00000050                                   : host_device.c.obj (.data:_stream)
                  200009b8    00000010                                   : defs.c.obj (.data)
                  200009c8    0000000c                                   : exit.c.obj (.data:$O1$$)
                  200009d4    00000008                                   : _lock.c.obj (.data:$O1$$)
                  200009dc    00000008                                   : memory.c.obj (.data:$O1$$)
                  200009e4    00000004                                   : errno.c.obj (.data)

.bss       0    200009e8    000001d4     UNINITIALIZED
                  200009e8    00000120     rtsv7M4_T_le_v4SPD16_eabi.lib : trgmsg.c.obj (.bss:_CIOBUF_)
                  20000b08    000000a0     (.common:__TI_tmpnams)
                  20000ba8    00000008     msp432p4xx_driverlib.lib : cs.o (.bss)
                  20000bb0    00000008     (.common:parmbuf)
                  20000bb8    00000004     (.common:SR04IntTimes)

.stack     0    2000fe00    00000200     UNINITIALIZED
                  2000fe00    00000004     rtsv7M4_T_le_v4SPD16_eabi.lib : boot_cortex_m.c.obj (.stack)
                  2000fe04    000001fc     --HOLE--

__llvm_prf_cnts 
*          0    20000000    00000000     UNINITIALIZED

MODULE SUMMARY

       Module                        code    ro data   rw data
       ------                        ----    -------   -------
    .\
       main.obj                      450     24        8      
       system_msp432p401r.obj        120     0         0      
    +--+-----------------------------+-------+---------+---------+
       Total:                        570     24        8      
                                                              
    .\ccs\
       startup_msp432p401r_ccs.obj   14      228       0      
    +--+-----------------------------+-------+---------+---------+
       Total:                        14      228       0      
                                                              
    C:/ti/simplelink_msp432p4_sdk_3_40_01_02/source/ti/devices/msp432p4xx/driverlib/ccs/msp432p4xx_driverlib.lib
       cs.o                          818     0         16     
       timer_a.o                     614     0         0      
       gpio.o                        280     48        0      
       sysctl_a.o                    148     0         0      
       interrupt.o                   128     8         0      
    +--+-----------------------------+-------+---------+---------+
       Total:                        1988    56        16     
                                                              
    C:\ti\ccs1040\ccs\tools\compiler\ti-cgt-arm_20.2.5.LTS\lib\rtsv7M4_T_le_v4SPD16_eabi.lib
       _printfi.c.obj                4851    0         0      
       defs.c.obj                    0       0         832    
       memory.c.obj                  672     0         16     
       trgmsg.c.obj                  108     0         576    
       fd_add_t2.asm.obj             438     0         0      
       host_device.c.obj             0       0         400    
       fd_div_t2.asm.obj             310     0         0      
       fputs.c.obj                   276     0         0      
       s_scalbn.c.obj                272     0         0      
       fd_cmp_t2.asm.obj             268     0         0      
       ctype.c.obj                   0       257       0      
       fd_mul_t2.asm.obj             252     0         0      
       setvbuf.c.obj                 220     0         0      
       memcpy_t2.asm.obj             156     0         0      
       ull_div_t2.asm.obj            150     0         0      
       fputc.c.obj                   140     0         0      
       memset_t2.asm.obj             122     0         0      
       fclose.c.obj                  116     0         0      
       getdevice.c.obj               116     0         0      
       hostopen.c.obj                96      0         16     
       printf.c.obj                  112     0         0      
       hostrename.c.obj              108     0         0      
       copy_decompress_lzss.c.obj    104     0         0      
       hostlseek.c.obj               104     0         0      
       exit.c.obj                    76      0         24     
       fseek.c.obj                   100     0         0      
       s_frexp.c.obj                 100     0         0      
       _io_perm.c.obj                98      0         0      
       close.c.obj                   92      0         0      
       hostread.c.obj                88      0         0      
       hostwrite.c.obj               88      0         0      
       _ltoa.c.obj                   84      0         0      
       atoi.c.obj                    76      0         0      
       fflush.c.obj                  76      0         0      
       fd_toi_t2.asm.obj             72      0         0      
       autoinit.c.obj                68      0         0      
       hostclose.c.obj               68      0         0      
       hostunlink.c.obj              68      0         0      
       fs_tod_t2.asm.obj             56      0         0      
       strncpy.c.obj                 54      0         0      
       boot_cortex_m.c.obj           52      0         0      
       fopen.c.obj                   52      0         0      
       i_tofd_t2.asm.obj             46      0         0      
       unlink.c.obj                  44      0         0      
       lseek.c.obj                   40      0         0      
       write.c.obj                   40      0         0      
       memchr.c.obj                  32      0         0      
       copy_zero_init.c.obj          28      0         0      
       memccpy.c.obj                 28      0         0      
       s_copysign.c.obj              26      0         0      
       strcmp.c.obj                  24      0         0      
       strchr.c.obj                  22      0         0      
       strcpy.c.obj                  20      0         0      
       strlen.c.obj                  20      0         0      
       _lock.c.obj                   2       0         16     
       wcslen.c.obj                  18      0         0      
       errno.c.obj                   8       0         8      
       copy_decompress_none.c.obj    14      0         0      
       pre_init.c.obj                4       0         0      
       div0.asm.obj                  2       0         0      
    +--+-----------------------------+-------+---------+---------+
       Total:                        10777   257       1888   
                                                              
       Heap:                         0       0         4096   
       Stack:                        0       0         1024   
       Linker Generated:             0       141       0      
    +--+-----------------------------+-------+---------+---------+
       Grand Total:                  13349   706       7032   


LINKER GENERATED COPY TABLES

__TI_cinit_table @ 000036f0 records: 2, size/record: 8, table size: 16
	.data: load addr=00003670, load size=00000069 bytes, run addr=20000800, run size=000001e8 bytes, compression=lzss
	.bss: load addr=000036e8, load size=00000008 bytes, run addr=200009e8, run size=000001d4 bytes, compression=zero_init


LINKER GENERATED HANDLER TABLE

__TI_handler_table @ 000036dc records: 3, size/record: 4, table size: 12
	index: 0, handler: __TI_decompress_lzss
	index: 1, handler: __TI_decompress_none
	index: 2, handler: __TI_zero_init


GLOBAL SYMBOLS: SORTED ALPHABETICALLY BY Name 

address   name                                  
-------   ----                                  
00000b33  ADC14_IRQHandler                      
00000b33  AES256_IRQHandler                     
00000b33  BusFault_Handler                      
00003519  C$$EXIT                               
00003013  C$$IO$$                               
00000b33  COMP_E0_IRQHandler                    
00000b33  COMP_E1_IRQHandler                    
00000b33  CS_IRQHandler                         
00003161  CS_clearInterruptFlag                 
00001b2d  CS_getDCOFrequency                    
00003279  CS_getSMCLK                           
00000b33  DMA_ERR_IRQHandler                    
00000b33  DMA_INT0_IRQHandler                   
00000b33  DMA_INT1_IRQHandler                   
00000b33  DMA_INT2_IRQHandler                   
00000b33  DMA_INT3_IRQHandler                   
00000b33  DebugMon_Handler                      
00000b33  Default_Handler                       
00000b33  EUSCIA0_IRQHandler                    
00000b33  EUSCIA1_IRQHandler                    
00000b33  EUSCIA2_IRQHandler                    
00000b33  EUSCIA3_IRQHandler                    
00000b33  EUSCIB0_IRQHandler                    
00000b33  EUSCIB1_IRQHandler                    
00000b33  EUSCIB2_IRQHandler                    
00000b33  EUSCIB3_IRQHandler                    
00000b33  FLCTL_IRQHandler                      
00000b33  FPU_IRQHandler                        
00003191  GPIO_getInputPinValue                 
00002a85  GPIO_setAsInputPinWithPullDownResistor
00002f65  GPIO_setAsOutputPin                   
000032a1  GPIO_setOutputHighOnPin               
000032c9  GPIO_setOutputLowOnPin                
00002e55  HOSTclose                             
0000269d  HOSTlseek                             
000029c9  HOSTopen                              
00002add  HOSTread                              
00002631  HOSTrename                            
00002e99  HOSTunlink                            
00002b35  HOSTwrite                             
00000b33  HardFault_Handler                     
00002be5  Initialize_HCSR04                     
0000227d  Interrupt_enableInterrupt             
00000b33  MemManage_Handler                     
00000b33  NMI_Handler                           
00000b33  PCM_IRQHandler                        
00000b33  PORT1_IRQHandler                      
00000b33  PORT2_IRQHandler                      
00000b33  PORT3_IRQHandler                      
00000b33  PORT4_IRQHandler                      
00000b33  PORT5_IRQHandler                      
00000b33  PORT6_IRQHandler                      
00000b33  PSS_IRQHandler                        
00000b33  PendSV_Handler                        
00000b33  RTC_C_IRQHandler                      
000034f1  Reset_Handler                         
20000bb8  SR04IntTimes                          
00000b33  SVC_Handler                           
00001fc9  SysCtl_A_getTLVInfo                   
00000b33  SysTick_Handler                       
000023f5  SystemInit                            
00000b33  T32_INT1_IRQHandler                   
00000b33  T32_INT2_IRQHandler                   
00000b33  T32_INTC_IRQHandler                   
000033ad  TA0_0_IRQHandler                      
000033ad  TA0_0_IRQHandler                      
00000b33  TA0_N_IRQHandler                      
00000b33  TA1_0_IRQHandler                      
00000b33  TA1_N_IRQHandler                      
00000b33  TA2_0_IRQHandler                      
00000b33  TA2_N_IRQHandler                      
00000b33  TA3_0_IRQHandler                      
00000b33  TA3_N_IRQHandler                      
00003221  Timer_A_clearCaptureCompareInterrupt  
00003439  Timer_A_clearTimer                    
00002705  Timer_A_configureUpMode               
00002cdf  Timer_A_getCounterValue               
00003469  Timer_A_startCounter                  
00003495  Timer_A_stopTimer                     
00000b33  UsageFault_Handler                    
4000480c  WDTCTL_SYM                            
00000b33  WDT_A_IRQHandler                      
200009e8  __CIOBUF_                             
20010000  __STACK_END                           
00000200  __STACK_SIZE                          
00000800  __SYSMEM_SIZE                         
000036f0  __TI_CINIT_Base                       
00003700  __TI_CINIT_Limit                      
000036dc  __TI_Handler_Table_Base               
000036e8  __TI_Handler_Table_Limit              
00002edd  __TI_auto_init_nobinit_nopinit        
000030c5  __TI_cleanup                          
200009c8  __TI_cleanup_ptr                      
0000246d  __TI_closefile                        
0000276d  __TI_decompress_lzss                  
000034e3  __TI_decompress_none                  
00002d2b  __TI_doflush                          
200009cc  __TI_dtors_ptr                        
200009d0  __TI_enable_exit_profile_output       
200009b8  __TI_ft_end                           
00002c39  __TI_ltoa                             
ffffffff  __TI_pprof_out_hndl                   
000000e5  __TI_printfi                          
ffffffff  __TI_prof_data_size                   
ffffffff  __TI_prof_data_start                  
000030f9  __TI_readmsg                          
00000000  __TI_static_base__                    
20000b08  __TI_tmpnams                          
00002fe5  __TI_writemsg                         
00002967  __TI_wrt_ok                           
000033c9  __TI_zero_init_nomemset               
00002171  __aeabi_cdcmpeq                       
00002171  __aeabi_cdcmple                       
000021f7  __aeabi_cdrcmple                      
00002e0d  __aeabi_d2iz                          
00000f7f  __aeabi_dadd                          
000013ad  __aeabi_ddiv                          
00001a31  __aeabi_dmul                          
00000f75  __aeabi_dsub                          
000034fd  __aeabi_errno_addr                    
00003055  __aeabi_f2d                           
000031f1  __aeabi_i2d                           
000014e3  __aeabi_idiv0                         
000014e3  __aeabi_ldiv0                         
00002379  __aeabi_memclr                        
00002379  __aeabi_memclr4                       
00002379  __aeabi_memclr8                       
00001e97  __aeabi_memcpy                        
00001e97  __aeabi_memcpy4                       
00001e97  __aeabi_memcpy8                       
0000237b  __aeabi_memset                        
0000237b  __aeabi_memset4                       
0000237b  __aeabi_memset8                       
200009c4  __aeabi_stderr                        
200009bc  __aeabi_stdin                         
200009c0  __aeabi_stdout                        
00001f33  __aeabi_uldivmod                      
ffffffff  __binit__                             
ffffffff  __c_args__                            
UNDEFED   __mpu_init                            
2000fe00  __stack                               
20000000  __start___llvm_prf_cnts               
20000000  __stop___llvm_prf_cnts                
0000312d  _c_int00_noargs                       
0000351c  _ctypes_                              
200008f0  _device                               
20000800  _ftable                               
200009d4  _lock                                 
0000112b  _nop                                  
20000968  _stream                               
20000000  _sys_memory                           
UNDEFED   _system_post_cinit                    
00003515  _system_pre_init                      
200009d8  _unlock                               
00003519  abort                                 
00001931  aligned_alloc                         
00002d79  atoi                                  
ffffffff  binit                                 
00002a29  close                                 
0000341d  copysign                              
0000341d  copysignl                             
200009e4  errno                                 
00002dc5  exit                                  
000031c1  finddevice                            
0000205d  fputc                                 
00001609  fputs                                 
00001c25  free                                  
0000283d  frexp                                 
0000283d  frexpl                                
000028a1  fseek                                 
000020e9  getHCSR04Distance                     
00002f21  getdevice                             
00000000  interruptVectors                      
0000171d  ldexp                                 
0000171d  ldexpl                                
00003319  lseek                                 
000025c1  main                                  
00003505  malloc                                
00001931  memalign                              
00003401  memccpy                               
0000338d  memchr                                
00001e97  memcpy                                
00002381  memset                                
20000bb0  parmbuf                               
000027d5  printf                                
0000205d  putc                                  
0000324d  remove                                
0000171d  scalbn                                
0000171d  scalbnl                               
00001d09  setvbuf                               
0000347f  strchr                                
00003451  strcmp                                
000034a9  strcpy                                
000034bd  strlen                                
0000308d  strncpy                               
0000324d  unlink                                
000034d1  wcslen                                
00003341  write                                 


GLOBAL SYMBOLS: SORTED BY Symbol Address 

address   name                                  
-------   ----                                  
00000000  __TI_static_base__                    
00000000  interruptVectors                      
000000e5  __TI_printfi                          
00000200  __STACK_SIZE                          
00000800  __SYSMEM_SIZE                         
00000b33  ADC14_IRQHandler                      
00000b33  AES256_IRQHandler                     
00000b33  BusFault_Handler                      
00000b33  COMP_E0_IRQHandler                    
00000b33  COMP_E1_IRQHandler                    
00000b33  CS_IRQHandler                         
00000b33  DMA_ERR_IRQHandler                    
00000b33  DMA_INT0_IRQHandler                   
00000b33  DMA_INT1_IRQHandler                   
00000b33  DMA_INT2_IRQHandler                   
00000b33  DMA_INT3_IRQHandler                   
00000b33  DebugMon_Handler                      
00000b33  Default_Handler                       
00000b33  EUSCIA0_IRQHandler                    
00000b33  EUSCIA1_IRQHandler                    
00000b33  EUSCIA2_IRQHandler                    
00000b33  EUSCIA3_IRQHandler                    
00000b33  EUSCIB0_IRQHandler                    
00000b33  EUSCIB1_IRQHandler                    
00000b33  EUSCIB2_IRQHandler                    
00000b33  EUSCIB3_IRQHandler                    
00000b33  FLCTL_IRQHandler                      
00000b33  FPU_IRQHandler                        
00000b33  HardFault_Handler                     
00000b33  MemManage_Handler                     
00000b33  NMI_Handler                           
00000b33  PCM_IRQHandler                        
00000b33  PORT1_IRQHandler                      
00000b33  PORT2_IRQHandler                      
00000b33  PORT3_IRQHandler                      
00000b33  PORT4_IRQHandler                      
00000b33  PORT5_IRQHandler                      
00000b33  PORT6_IRQHandler                      
00000b33  PSS_IRQHandler                        
00000b33  PendSV_Handler                        
00000b33  RTC_C_IRQHandler                      
00000b33  SVC_Handler                           
00000b33  SysTick_Handler                       
00000b33  T32_INT1_IRQHandler                   
00000b33  T32_INT2_IRQHandler                   
00000b33  T32_INTC_IRQHandler                   
00000b33  TA0_N_IRQHandler                      
00000b33  TA1_0_IRQHandler                      
00000b33  TA1_N_IRQHandler                      
00000b33  TA2_0_IRQHandler                      
00000b33  TA2_N_IRQHandler                      
00000b33  TA3_0_IRQHandler                      
00000b33  TA3_N_IRQHandler                      
00000b33  UsageFault_Handler                    
00000b33  WDT_A_IRQHandler                      
00000f75  __aeabi_dsub                          
00000f7f  __aeabi_dadd                          
0000112b  _nop                                  
000013ad  __aeabi_ddiv                          
000014e3  __aeabi_idiv0                         
000014e3  __aeabi_ldiv0                         
00001609  fputs                                 
0000171d  ldexp                                 
0000171d  ldexpl                                
0000171d  scalbn                                
0000171d  scalbnl                               
00001931  aligned_alloc                         
00001931  memalign                              
00001a31  __aeabi_dmul                          
00001b2d  CS_getDCOFrequency                    
00001c25  free                                  
00001d09  setvbuf                               
00001e97  __aeabi_memcpy                        
00001e97  __aeabi_memcpy4                       
00001e97  __aeabi_memcpy8                       
00001e97  memcpy                                
00001f33  __aeabi_uldivmod                      
00001fc9  SysCtl_A_getTLVInfo                   
0000205d  fputc                                 
0000205d  putc                                  
000020e9  getHCSR04Distance                     
00002171  __aeabi_cdcmpeq                       
00002171  __aeabi_cdcmple                       
000021f7  __aeabi_cdrcmple                      
0000227d  Interrupt_enableInterrupt             
00002379  __aeabi_memclr                        
00002379  __aeabi_memclr4                       
00002379  __aeabi_memclr8                       
0000237b  __aeabi_memset                        
0000237b  __aeabi_memset4                       
0000237b  __aeabi_memset8                       
00002381  memset                                
000023f5  SystemInit                            
0000246d  __TI_closefile                        
000025c1  main                                  
00002631  HOSTrename                            
0000269d  HOSTlseek                             
00002705  Timer_A_configureUpMode               
0000276d  __TI_decompress_lzss                  
000027d5  printf                                
0000283d  frexp                                 
0000283d  frexpl                                
000028a1  fseek                                 
00002967  __TI_wrt_ok                           
000029c9  HOSTopen                              
00002a29  close                                 
00002a85  GPIO_setAsInputPinWithPullDownResistor
00002add  HOSTread                              
00002b35  HOSTwrite                             
00002be5  Initialize_HCSR04                     
00002c39  __TI_ltoa                             
00002cdf  Timer_A_getCounterValue               
00002d2b  __TI_doflush                          
00002d79  atoi                                  
00002dc5  exit                                  
00002e0d  __aeabi_d2iz                          
00002e55  HOSTclose                             
00002e99  HOSTunlink                            
00002edd  __TI_auto_init_nobinit_nopinit        
00002f21  getdevice                             
00002f65  GPIO_setAsOutputPin                   
00002fe5  __TI_writemsg                         
00003013  C$$IO$$                               
00003055  __aeabi_f2d                           
0000308d  strncpy                               
000030c5  __TI_cleanup                          
000030f9  __TI_readmsg                          
0000312d  _c_int00_noargs                       
00003161  CS_clearInterruptFlag                 
00003191  GPIO_getInputPinValue                 
000031c1  finddevice                            
000031f1  __aeabi_i2d                           
00003221  Timer_A_clearCaptureCompareInterrupt  
0000324d  remove                                
0000324d  unlink                                
00003279  CS_getSMCLK                           
000032a1  GPIO_setOutputHighOnPin               
000032c9  GPIO_setOutputLowOnPin                
00003319  lseek                                 
00003341  write                                 
0000338d  memchr                                
000033ad  TA0_0_IRQHandler                      
000033ad  TA0_0_IRQHandler                      
000033c9  __TI_zero_init_nomemset               
00003401  memccpy                               
0000341d  copysign                              
0000341d  copysignl                             
00003439  Timer_A_clearTimer                    
00003451  strcmp                                
00003469  Timer_A_startCounter                  
0000347f  strchr                                
00003495  Timer_A_stopTimer                     
000034a9  strcpy                                
000034bd  strlen                                
000034d1  wcslen                                
000034e3  __TI_decompress_none                  
000034f1  Reset_Handler                         
000034fd  __aeabi_errno_addr                    
00003505  malloc                                
00003515  _system_pre_init                      
00003519  C$$EXIT                               
00003519  abort                                 
0000351c  _ctypes_                              
000036dc  __TI_Handler_Table_Base               
000036e8  __TI_Handler_Table_Limit              
000036f0  __TI_CINIT_Base                       
00003700  __TI_CINIT_Limit                      
20000000  __start___llvm_prf_cnts               
20000000  __stop___llvm_prf_cnts                
20000000  _sys_memory                           
20000800  _ftable                               
200008f0  _device                               
20000968  _stream                               
200009b8  __TI_ft_end                           
200009bc  __aeabi_stdin                         
200009c0  __aeabi_stdout                        
200009c4  __aeabi_stderr                        
200009c8  __TI_cleanup_ptr                      
200009cc  __TI_dtors_ptr                        
200009d0  __TI_enable_exit_profile_output       
200009d4  _lock                                 
200009d8  _unlock                               
200009e4  errno                                 
200009e8  __CIOBUF_                             
20000b08  __TI_tmpnams                          
20000bb0  parmbuf                               
20000bb8  SR04IntTimes                          
2000fe00  __stack                               
20010000  __STACK_END                           
4000480c  WDTCTL_SYM                            
ffffffff  __TI_pprof_out_hndl                   
ffffffff  __TI_prof_data_size                   
ffffffff  __TI_prof_data_start                  
ffffffff  __binit__                             
ffffffff  __c_args__                            
ffffffff  binit                                 
UNDEFED   __mpu_init                            
UNDEFED   _system_post_cinit                    

[198 symbols]
